Archive member included to satisfy reference by file (symbol)

/usr/local/gcc-arm-none-eabi-8-2019-q3-update/bin/../lib/gcc/arm-none-eabi/8.3.1/../../../../arm-none-eabi/lib/thumb/v7-m/nofp/libc_nano.a(lib_a-exit.o)
                              /usr/local/gcc-arm-none-eabi-8-2019-q3-update/bin/../lib/gcc/arm-none-eabi/8.3.1/../../../../arm-none-eabi/lib/thumb/v7-m/nofp/crt0.o (exit)
/usr/local/gcc-arm-none-eabi-8-2019-q3-update/bin/../lib/gcc/arm-none-eabi/8.3.1/../../../../arm-none-eabi/lib/thumb/v7-m/nofp/libc_nano.a(lib_a-impure.o)
                              /usr/local/gcc-arm-none-eabi-8-2019-q3-update/bin/../lib/gcc/arm-none-eabi/8.3.1/../../../../arm-none-eabi/lib/thumb/v7-m/nofp/libc_nano.a(lib_a-exit.o) (_global_impure_ptr)
/usr/local/gcc-arm-none-eabi-8-2019-q3-update/bin/../lib/gcc/arm-none-eabi/8.3.1/../../../../arm-none-eabi/lib/thumb/v7-m/nofp/libc_nano.a(lib_a-init.o)
                              /usr/local/gcc-arm-none-eabi-8-2019-q3-update/bin/../lib/gcc/arm-none-eabi/8.3.1/../../../../arm-none-eabi/lib/thumb/v7-m/nofp/crt0.o (__libc_init_array)
/usr/local/gcc-arm-none-eabi-8-2019-q3-update/bin/../lib/gcc/arm-none-eabi/8.3.1/../../../../arm-none-eabi/lib/thumb/v7-m/nofp/libc_nano.a(lib_a-memset.o)
                              /usr/local/gcc-arm-none-eabi-8-2019-q3-update/bin/../lib/gcc/arm-none-eabi/8.3.1/../../../../arm-none-eabi/lib/thumb/v7-m/nofp/crt0.o (memset)
/usr/local/gcc-arm-none-eabi-8-2019-q3-update/bin/../lib/gcc/arm-none-eabi/8.3.1/../../../../arm-none-eabi/lib/thumb/v7-m/nofp/libnosys.a(_exit.o)
                              /usr/local/gcc-arm-none-eabi-8-2019-q3-update/bin/../lib/gcc/arm-none-eabi/8.3.1/../../../../arm-none-eabi/lib/thumb/v7-m/nofp/libc_nano.a(lib_a-exit.o) (_exit)

Allocating common symbols
Common symbol       size              file

uwTick              0x4               build/stm32f1xx_hal.o
pFlash              0x20              build/stm32f1xx_hal_flash.o
huart1              0x40              build/usart.o
RxBuffer            0x100             build/main.o
htim1               0x48              build/tim.o
aRxBuffer           0x1               build/main.o
htim2               0x48              build/tim.o

Discarded input sections

 .text          0x0000000000000000        0x0 /usr/local/gcc-arm-none-eabi-8-2019-q3-update/bin/../lib/gcc/arm-none-eabi/8.3.1/thumb/v7-m/nofp/crti.o
 .data          0x0000000000000000        0x0 /usr/local/gcc-arm-none-eabi-8-2019-q3-update/bin/../lib/gcc/arm-none-eabi/8.3.1/thumb/v7-m/nofp/crti.o
 .bss           0x0000000000000000        0x0 /usr/local/gcc-arm-none-eabi-8-2019-q3-update/bin/../lib/gcc/arm-none-eabi/8.3.1/thumb/v7-m/nofp/crti.o
 .data          0x0000000000000000        0x4 /usr/local/gcc-arm-none-eabi-8-2019-q3-update/bin/../lib/gcc/arm-none-eabi/8.3.1/thumb/v7-m/nofp/crtbegin.o
 .text          0x0000000000000000       0x74 /usr/local/gcc-arm-none-eabi-8-2019-q3-update/bin/../lib/gcc/arm-none-eabi/8.3.1/../../../../arm-none-eabi/lib/thumb/v7-m/nofp/crt0.o
 .data          0x0000000000000000        0x0 /usr/local/gcc-arm-none-eabi-8-2019-q3-update/bin/../lib/gcc/arm-none-eabi/8.3.1/../../../../arm-none-eabi/lib/thumb/v7-m/nofp/crt0.o
 .bss           0x0000000000000000        0x0 /usr/local/gcc-arm-none-eabi-8-2019-q3-update/bin/../lib/gcc/arm-none-eabi/8.3.1/../../../../arm-none-eabi/lib/thumb/v7-m/nofp/crt0.o
 .ARM.extab     0x0000000000000000        0x0 /usr/local/gcc-arm-none-eabi-8-2019-q3-update/bin/../lib/gcc/arm-none-eabi/8.3.1/../../../../arm-none-eabi/lib/thumb/v7-m/nofp/crt0.o
 .ARM.exidx     0x0000000000000000        0x8 /usr/local/gcc-arm-none-eabi-8-2019-q3-update/bin/../lib/gcc/arm-none-eabi/8.3.1/../../../../arm-none-eabi/lib/thumb/v7-m/nofp/crt0.o
 .ARM.attributes
                0x0000000000000000       0x1b /usr/local/gcc-arm-none-eabi-8-2019-q3-update/bin/../lib/gcc/arm-none-eabi/8.3.1/../../../../arm-none-eabi/lib/thumb/v7-m/nofp/crt0.o
 .text          0x0000000000000000        0x0 build/main.o
 .data          0x0000000000000000        0x0 build/main.o
 .bss           0x0000000000000000        0x0 build/main.o
 .text          0x0000000000000000        0x0 build/gpio.o
 .data          0x0000000000000000        0x0 build/gpio.o
 .bss           0x0000000000000000        0x0 build/gpio.o
 .text          0x0000000000000000        0x0 build/stm32f1xx_it.o
 .data          0x0000000000000000        0x0 build/stm32f1xx_it.o
 .bss           0x0000000000000000        0x0 build/stm32f1xx_it.o
 .text          0x0000000000000000        0x0 build/stm32f1xx_hal_msp.o
 .data          0x0000000000000000        0x0 build/stm32f1xx_hal_msp.o
 .bss           0x0000000000000000        0x0 build/stm32f1xx_hal_msp.o
 .text          0x0000000000000000        0x0 build/stm32f1xx_hal_gpio_ex.o
 .data          0x0000000000000000        0x0 build/stm32f1xx_hal_gpio_ex.o
 .bss           0x0000000000000000        0x0 build/stm32f1xx_hal_gpio_ex.o
 .text.HAL_GPIOEx_ConfigEventout
[...]
Memory Configuration

Name             Origin             Length             Attributes
RAM              0x0000000020000000 0x0000000000005000 xrw
FLASH            0x0000000008000000 0x0000000000010000 xr
*default*        0x0000000000000000 0xffffffffffffffff

Linker script and memory map

LOAD /usr/local/gcc-arm-none-eabi-8-2019-q3-update/bin/../lib/gcc/arm-none-eabi/8.3.1/thumb/v7-m/nofp/crti.o
LOAD /usr/local/gcc-arm-none-eabi-8-2019-q3-update/bin/../lib/gcc/arm-none-eabi/8.3.1/thumb/v7-m/nofp/crtbegin.o
LOAD /usr/local/gcc-arm-none-eabi-8-2019-q3-update/bin/../lib/gcc/arm-none-eabi/8.3.1/../../../../arm-none-eabi/lib/thumb/v7-m/nofp/crt0.o
LOAD build/main.o
LOAD build/gpio.o
LOAD build/stm32f1xx_it.o
LOAD build/stm32f1xx_hal_msp.o
LOAD build/stm32f1xx_hal_gpio_ex.o
LOAD build/stm32f1xx_hal_tim.o
LOAD build/stm32f1xx_hal_tim_ex.o
LOAD build/stm32f1xx_hal.o
LOAD build/stm32f1xx_hal_rcc.o
LOAD build/stm32f1xx_hal_rcc_ex.o
LOAD build/stm32f1xx_hal_gpio.o
LOAD build/stm32f1xx_hal_dma.o
LOAD build/stm32f1xx_hal_cortex.o
LOAD build/stm32f1xx_hal_pwr.o
LOAD build/stm32f1xx_hal_flash.o
LOAD build/stm32f1xx_hal_flash_ex.o
LOAD build/stm32f1xx_hal_exti.o
LOAD build/system_stm32f1xx.o
LOAD build/usart.o
LOAD build/stm32f1xx_hal_uart.o
LOAD build/tim.o
LOAD build/startup_stm32f103xb.o
LOAD /usr/local/gcc-arm-none-eabi-8-2019-q3-update/bin/../lib/gcc/arm-none-eabi/8.3.1/../../../../arm-none-eabi/lib/thumb/v7-m/nofp/libc_nano.a
LOAD /usr/local/gcc-arm-none-eabi-8-2019-q3-update/bin/../lib/gcc/arm-none-eabi/8.3.1/../../../../arm-none-eabi/lib/thumb/v7-m/nofp/libm.a
LOAD /usr/local/gcc-arm-none-eabi-8-2019-q3-update/bin/../lib/gcc/arm-none-eabi/8.3.1/../../../../arm-none-eabi/lib/thumb/v7-m/nofp/libnosys.a
START GROUP
LOAD /usr/local/gcc-arm-none-eabi-8-2019-q3-update/bin/../lib/gcc/arm-none-eabi/8.3.1/thumb/v7-m/nofp/libgcc.a
LOAD /usr/local/gcc-arm-none-eabi-8-2019-q3-update/bin/../lib/gcc/arm-none-eabi/8.3.1/../../../../arm-none-eabi/lib/thumb/v7-m/nofp/libc_nano.a
END GROUP
START GROUP
LOAD /usr/local/gcc-arm-none-eabi-8-2019-q3-update/bin/../lib/gcc/arm-none-eabi/8.3.1/thumb/v7-m/nofp/libgcc.a
LOAD /usr/local/gcc-arm-none-eabi-8-2019-q3-update/bin/../lib/gcc/arm-none-eabi/8.3.1/../../../../arm-none-eabi/lib/thumb/v7-m/nofp/libc_nano.a
END GROUP
LOAD /usr/local/gcc-arm-none-eabi-8-2019-q3-update/bin/../lib/gcc/arm-none-eabi/8.3.1/thumb/v7-m/nofp/crtend.o
LOAD /usr/local/gcc-arm-none-eabi-8-2019-q3-update/bin/../lib/gcc/arm-none-eabi/8.3.1/thumb/v7-m/nofp/crtn.o
                0x0000000020005000                _estack = 0x20005000
                0x0000000000000200                _Min_Heap_Size = 0x200
                0x0000000000000400                _Min_Stack_Size = 0x400

.isr_vector     0x0000000008000000      0x10c
                0x0000000008000000                . = ALIGN (0x4)
 *(.isr_vector)
 .isr_vector    0x0000000008000000      0x10c build/startup_stm32f103xb.o
                0x0000000008000000                g_pfnVectors
                0x000000000800010c                . = ALIGN (0x4)

.text           0x000000000800010c     0x1c9c
                0x000000000800010c                . = ALIGN (0x4)
 *(.text)
 .text          0x000000000800010c       0x40 /usr/local/gcc-arm-none-eabi-8-2019-q3-update/bin/../lib/gcc/arm-none-eabi/8.3.1/thumb/v7-m/nofp/crtbegin.o
 *(.text*)
 .text.SystemClock_Config
                0x000000000800014c       0x4c build/main.o
                0x000000000800014c                SystemClock_Config
 .text.main     0x0000000008000198       0xe4 build/main.o
                0x0000000008000198                main
 .text.HAL_UART_RxCpltCallback
                0x000000000800027c       0x58 build/main.o
                0x000000000800027c                HAL_UART_RxCpltCallback
 .text.Error_Handler
                0x00000000080002d4        0x2 build/main.o
                0x00000000080002d4                Error_Handler
 *fill*         0x00000000080002d6        0x2 
 .text.MX_GPIO_Init
                0x00000000080002d8       0x9c build/gpio.o
                0x00000000080002d8                MX_GPIO_Init
 .text.NMI_Handler
                0x0000000008000374        0x2 build/stm32f1xx_it.o
                0x0000000008000374                NMI_Handler
 .text.HardFault_Handler
                0x0000000008000376        0x2 build/stm32f1xx_it.o
                0x0000000008000376                HardFault_Handler
 .text.MemManage_Handler
                0x0000000008000378        0x2 build/stm32f1xx_it.o
                0x0000000008000378                MemManage_Handler
 .text.BusFault_Handler
                0x000000000800037a        0x2 build/stm32f1xx_it.o
                0x000000000800037a                BusFault_Handler
 .text.UsageFault_Handler
                0x000000000800037c        0x2 build/stm32f1xx_it.o
                0x000000000800037c                UsageFault_Handler
 .text.SVC_Handler
                0x000000000800037e        0x2 build/stm32f1xx_it.o
                0x000000000800037e                SVC_Handler
 .text.DebugMon_Handler
                0x0000000008000380        0x2 build/stm32f1xx_it.o
                0x0000000008000380                DebugMon_Handler
 .text.PendSV_Handler
                0x0000000008000382        0x2 build/stm32f1xx_it.o
                0x0000000008000382                PendSV_Handler
 .text.SysTick_Handler
                0x0000000008000384        0x8 build/stm32f1xx_it.o
                0x0000000008000384                SysTick_Handler
 .text.USART1_IRQHandler
                0x000000000800038c       0x10 build/stm32f1xx_it.o
                0x000000000800038c                USART1_IRQHandler
 .text.HAL_MspInit
                0x000000000800039c       0x44 build/stm32f1xx_hal_msp.o
                0x000000000800039c                HAL_MspInit
 .text.TIM_OC1_SetConfig
                0x00000000080003e0       0x5c build/stm32f1xx_hal_tim.o
 .text.TIM_OC3_SetConfig
                0x000000000800043c       0x64 build/stm32f1xx_hal_tim.o
 .text.TIM_OC4_SetConfig
                0x00000000080004a0       0x48 build/stm32f1xx_hal_tim.o
 .text.TIM_TI1_ConfigInputStage
                0x00000000080004e8       0x24 build/stm32f1xx_hal_tim.o
 .text.TIM_TI2_ConfigInputStage
                0x000000000800050c       0x26 build/stm32f1xx_hal_tim.o
 .text.TIM_ITRx_SetConfig
                0x0000000008000532       0x10 build/stm32f1xx_hal_tim.o
 .text.HAL_TIM_PWM_MspInit
                0x0000000008000542        0x2 build/stm32f1xx_hal_tim.o
                0x0000000008000542                HAL_TIM_PWM_MspInit
 .text.TIM_Base_SetConfig
                0x0000000008000544       0x74 build/stm32f1xx_hal_tim.o
                0x0000000008000544                TIM_Base_SetConfig
 .text.HAL_TIM_Base_Init
                0x00000000080005b8       0x58 build/stm32f1xx_hal_tim.o
                0x00000000080005b8                HAL_TIM_Base_Init
 .text.HAL_TIM_PWM_Init
                0x0000000008000610       0x58 build/stm32f1xx_hal_tim.o
                0x0000000008000610                HAL_TIM_PWM_Init
 .text.TIM_OC2_SetConfig
                0x0000000008000668       0x64 build/stm32f1xx_hal_tim.o
                0x0000000008000668                TIM_OC2_SetConfig
 .text.HAL_TIM_PWM_ConfigChannel
                0x00000000080006cc       0xd0 build/stm32f1xx_hal_tim.o
                0x00000000080006cc                HAL_TIM_PWM_ConfigChannel
 .text.TIM_ETR_SetConfig
                0x000000000800079c       0x16 build/stm32f1xx_hal_tim.o
                0x000000000800079c                TIM_ETR_SetConfig
 .text.HAL_TIM_ConfigClockSource
                0x00000000080007b2       0xdc build/stm32f1xx_hal_tim.o
                0x00000000080007b2                HAL_TIM_ConfigClockSource
 .text.TIM_CCxChannelCmd
                0x000000000800088e       0x20 build/stm32f1xx_hal_tim.o
                0x000000000800088e                TIM_CCxChannelCmd
 *fill*         0x00000000080008ae        0x2 
 .text.HAL_TIM_PWM_Start
                0x00000000080008b0       0xe4 build/stm32f1xx_hal_tim.o
                0x00000000080008b0                HAL_TIM_PWM_Start
 .text.HAL_TIMEx_MasterConfigSynchronization
                0x0000000008000994       0x68 build/stm32f1xx_hal_tim_ex.o
                0x0000000008000994                HAL_TIMEx_MasterConfigSynchronization
 .text.HAL_TIMEx_ConfigBreakDeadTime
                0x00000000080009fc       0x52 build/stm32f1xx_hal_tim_ex.o
                0x00000000080009fc                HAL_TIMEx_ConfigBreakDeadTime
 *fill*         0x0000000008000a4e        0x2 
 .text.HAL_InitTick
                0x0000000008000a50       0x4c build/stm32f1xx_hal.o
                0x0000000008000a50                HAL_InitTick
 .text.HAL_Init
                0x0000000008000a9c       0x24 build/stm32f1xx_hal.o
                0x0000000008000a9c                HAL_Init
 .text.HAL_IncTick
                0x0000000008000ac0       0x18 build/stm32f1xx_hal.o
                0x0000000008000ac0                HAL_IncTick
 .text.HAL_GetTick
                0x0000000008000ad8        0xc build/stm32f1xx_hal.o
                0x0000000008000ad8                HAL_GetTick
 .text.HAL_Delay
                0x0000000008000ae4       0x28 build/stm32f1xx_hal.o
                0x0000000008000ae4                HAL_Delay
 .text.RCC_Delay
                0x0000000008000b0c       0x2c build/stm32f1xx_hal_rcc.o
 .text.HAL_RCC_OscConfig
                0x0000000008000b38      0x410 build/stm32f1xx_hal_rcc.o
                0x0000000008000b38                HAL_RCC_OscConfig
 .text.HAL_RCC_GetSysClockFreq
                0x0000000008000f48       0x70 build/stm32f1xx_hal_rcc.o
                0x0000000008000f48                HAL_RCC_GetSysClockFreq
 .text.HAL_RCC_ClockConfig
                0x0000000008000fb8      0x16c build/stm32f1xx_hal_rcc.o
                0x0000000008000fb8                HAL_RCC_ClockConfig
 .text.HAL_RCC_GetHCLKFreq
                0x0000000008001124        0xc build/stm32f1xx_hal_rcc.o
                0x0000000008001124                HAL_RCC_GetHCLKFreq
 .text.HAL_RCC_GetPCLK1Freq
                0x0000000008001130       0x20 build/stm32f1xx_hal_rcc.o
                0x0000000008001130                HAL_RCC_GetPCLK1Freq
 .text.HAL_RCC_GetPCLK2Freq
                0x0000000008001150       0x20 build/stm32f1xx_hal_rcc.o
                0x0000000008001150                HAL_RCC_GetPCLK2Freq
 .text.HAL_GPIO_Init
                0x0000000008001170      0x1d8 build/stm32f1xx_hal_gpio.o
                0x0000000008001170                HAL_GPIO_Init
 .text.HAL_GPIO_ReadPin
                0x0000000008001348        0xe build/stm32f1xx_hal_gpio.o
                0x0000000008001348                HAL_GPIO_ReadPin
 .text.HAL_GPIO_WritePin
                0x0000000008001356        0xc build/stm32f1xx_hal_gpio.o
                0x0000000008001356                HAL_GPIO_WritePin
 *fill*         0x0000000008001362        0x2 
 .text.HAL_DMA_Abort_IT
                0x0000000008001364       0x98 build/stm32f1xx_hal_dma.o
                0x0000000008001364                HAL_DMA_Abort_IT
 .text.HAL_NVIC_SetPriorityGrouping
                0x00000000080013fc       0x24 build/stm32f1xx_hal_cortex.o
                0x00000000080013fc                HAL_NVIC_SetPriorityGrouping
 .text.HAL_NVIC_SetPriority
                0x0000000008001420       0x68 build/stm32f1xx_hal_cortex.o
                0x0000000008001420                HAL_NVIC_SetPriority
 .text.HAL_NVIC_EnableIRQ
                0x0000000008001488       0x1c build/stm32f1xx_hal_cortex.o
                0x0000000008001488                HAL_NVIC_EnableIRQ
 .text.HAL_SYSTICK_Config
                0x00000000080014a4       0x2c build/stm32f1xx_hal_cortex.o
                0x00000000080014a4                HAL_SYSTICK_Config
 .text.SystemInit
                0x00000000080014d0        0x2 build/system_stm32f1xx.o
                0x00000000080014d0                SystemInit
 *fill*         0x00000000080014d2        0x2 
 .text.MX_USART1_UART_Init
                0x00000000080014d4       0x34 build/usart.o
                0x00000000080014d4                MX_USART1_UART_Init
 .text.HAL_UART_MspInit
                0x0000000008001508       0x88 build/usart.o
                0x0000000008001508                HAL_UART_MspInit
 .text.UART_EndRxTransfer
                0x0000000008001590       0x1c build/stm32f1xx_hal_uart.o
 .text.UART_Transmit_IT
                0x00000000080015ac       0x5e build/stm32f1xx_hal_uart.o
 *fill*         0x000000000800160a        0x2 
 .text.UART_SetConfig
                0x000000000800160c       0x90 build/stm32f1xx_hal_uart.o
 .text.UART_WaitOnFlagUntilTimeout
                0x000000000800169c       0x62 build/stm32f1xx_hal_uart.o
 .text.HAL_UART_Init
                0x00000000080016fe       0x5e build/stm32f1xx_hal_uart.o
                0x00000000080016fe                HAL_UART_Init
 .text.HAL_UART_Transmit
                0x000000000800175c       0xda build/stm32f1xx_hal_uart.o
                0x000000000800175c                HAL_UART_Transmit
 .text.HAL_UART_Receive_IT
                0x0000000008001836       0x5c build/stm32f1xx_hal_uart.o
                0x0000000008001836                HAL_UART_Receive_IT
 .text.HAL_UART_TxCpltCallback
                0x0000000008001892        0x2 build/stm32f1xx_hal_uart.o
                0x0000000008001892                HAL_UART_TxCpltCallback
 .text.UART_EndTransmit_IT
                0x0000000008001894       0x1a build/stm32f1xx_hal_uart.o
 .text.UART_Receive_IT
                0x00000000080018ae       0x92 build/stm32f1xx_hal_uart.o
 .text.HAL_UART_ErrorCallback
                0x0000000008001940        0x2 build/stm32f1xx_hal_uart.o
                0x0000000008001940                HAL_UART_ErrorCallback
 *fill*         0x0000000008001942        0x2 
 .text.HAL_UART_IRQHandler
                0x0000000008001944      0x128 build/stm32f1xx_hal_uart.o
                0x0000000008001944                HAL_UART_IRQHandler
 .text.UART_DMAAbortOnError
                0x0000000008001a6c       0x10 build/stm32f1xx_hal_uart.o
 .text.HAL_UART_GetState
                0x0000000008001a7c        0xc build/stm32f1xx_hal_uart.o
                0x0000000008001a7c                HAL_UART_GetState
 .text.HAL_TIM_Base_MspInit
                0x0000000008001a88       0x4c build/tim.o
                0x0000000008001a88                HAL_TIM_Base_MspInit
 .text.HAL_TIM_MspPostInit
                0x0000000008001ad4       0x84 build/tim.o
                0x0000000008001ad4                HAL_TIM_MspPostInit
 .text.MX_TIM1_Init
                0x0000000008001b58       0xe8 build/tim.o
                0x0000000008001b58                MX_TIM1_Init
 .text.MX_TIM2_Init
                0x0000000008001c40       0xac build/tim.o
                0x0000000008001c40                MX_TIM2_Init
 .text.Reset_Handler
                0x0000000008001cec       0x48 build/startup_stm32f103xb.o
                0x0000000008001cec                Reset_Handler
 .text.Default_Handler
                0x0000000008001d34        0x2 build/startup_stm32f103xb.o
                0x0000000008001d34                RTC_Alarm_IRQHandler
                0x0000000008001d34                EXTI2_IRQHandler
                0x0000000008001d34                TIM1_CC_IRQHandler
                0x0000000008001d34                PVD_IRQHandler
                0x0000000008001d34                EXTI3_IRQHandler
                0x0000000008001d34                EXTI0_IRQHandler
                0x0000000008001d34                I2C2_EV_IRQHandler
                0x0000000008001d34                ADC1_2_IRQHandler
                0x0000000008001d34                SPI1_IRQHandler
                0x0000000008001d34                TAMPER_IRQHandler
                0x0000000008001d34                DMA1_Channel4_IRQHandler
                0x0000000008001d34                USART3_IRQHandler
                0x0000000008001d34                RTC_IRQHandler
                0x0000000008001d34                DMA1_Channel7_IRQHandler
                0x0000000008001d34                CAN1_RX1_IRQHandler
                0x0000000008001d34                TIM4_IRQHandler
                0x0000000008001d34                I2C1_EV_IRQHandler
                0x0000000008001d34                DMA1_Channel6_IRQHandler
                0x0000000008001d34                TIM3_IRQHandler
                0x0000000008001d34                RCC_IRQHandler
                0x0000000008001d34                TIM1_TRG_COM_IRQHandler
                0x0000000008001d34                DMA1_Channel1_IRQHandler
                0x0000000008001d34                Default_Handler
                0x0000000008001d34                EXTI15_10_IRQHandler
                0x0000000008001d34                EXTI9_5_IRQHandler
                0x0000000008001d34                SPI2_IRQHandler
                0x0000000008001d34                DMA1_Channel5_IRQHandler
                0x0000000008001d34                EXTI4_IRQHandler
                0x0000000008001d34                USB_LP_CAN1_RX0_IRQHandler
                0x0000000008001d34                USB_HP_CAN1_TX_IRQHandler
                0x0000000008001d34                DMA1_Channel3_IRQHandler
                0x0000000008001d34                TIM1_UP_IRQHandler
                0x0000000008001d34                WWDG_IRQHandler
                0x0000000008001d34                TIM2_IRQHandler
                0x0000000008001d34                TIM1_BRK_IRQHandler
                0x0000000008001d34                EXTI1_IRQHandler
                0x0000000008001d34                USART2_IRQHandler
                0x0000000008001d34                I2C2_ER_IRQHandler
                0x0000000008001d34                DMA1_Channel2_IRQHandler
                0x0000000008001d34                CAN1_SCE_IRQHandler
                0x0000000008001d34                FLASH_IRQHandler
                0x0000000008001d34                I2C1_ER_IRQHandler
                0x0000000008001d34                USBWakeUp_IRQHandler
 *fill*         0x0000000008001d36        0x2 
 .text.__libc_init_array
                0x0000000008001d38       0x48 /usr/local/gcc-arm-none-eabi-8-2019-q3-update/bin/../lib/gcc/arm-none-eabi/8.3.1/../../../../arm-none-eabi/lib/thumb/v7-m/nofp/libc_nano.a(lib_a-init.o)
                0x0000000008001d38                __libc_init_array
 .text.memset   0x0000000008001d80       0x10 /usr/local/gcc-arm-none-eabi-8-2019-q3-update/bin/../lib/gcc/arm-none-eabi/8.3.1/../../../../arm-none-eabi/lib/thumb/v7-m/nofp/libc_nano.a(lib_a-memset.o)
                0x0000000008001d80                memset
 *(.glue_7)
 .glue_7        0x0000000008001d90        0x0 linker stubs
 *(.glue_7t)
 .glue_7t       0x0000000008001d90        0x0 linker stubs
 *(.eh_frame)
 .eh_frame      0x0000000008001d90        0x0 /usr/local/gcc-arm-none-eabi-8-2019-q3-update/bin/../lib/gcc/arm-none-eabi/8.3.1/thumb/v7-m/nofp/crtbegin.o
 *(.init)
 .init          0x0000000008001d90        0x4 /usr/local/gcc-arm-none-eabi-8-2019-q3-update/bin/../lib/gcc/arm-none-eabi/8.3.1/thumb/v7-m/nofp/crti.o
                0x0000000008001d90                _init
 .init          0x0000000008001d94        0x8 /usr/local/gcc-arm-none-eabi-8-2019-q3-update/bin/../lib/gcc/arm-none-eabi/8.3.1/thumb/v7-m/nofp/crtn.o
 *(.fini)
 .fini          0x0000000008001d9c        0x4 /usr/local/gcc-arm-none-eabi-8-2019-q3-update/bin/../lib/gcc/arm-none-eabi/8.3.1/thumb/v7-m/nofp/crti.o
                0x0000000008001d9c                _fini
 .fini          0x0000000008001da0        0x8 /usr/local/gcc-arm-none-eabi-8-2019-q3-update/bin/../lib/gcc/arm-none-eabi/8.3.1/thumb/v7-m/nofp/crtn.o
                0x0000000008001da8                . = ALIGN (0x4)
                0x0000000008001da8                _etext = .

.vfp11_veneer   0x0000000008001da8        0x0
 .vfp11_veneer  0x0000000008001da8        0x0 linker stubs

.v4_bx          0x0000000008001da8        0x0
 .v4_bx         0x0000000008001da8        0x0 linker stubs

.iplt           0x0000000008001da8        0x0
 .iplt          0x0000000008001da8        0x0 /usr/local/gcc-arm-none-eabi-8-2019-q3-update/bin/../lib/gcc/arm-none-eabi/8.3.1/thumb/v7-m/nofp/crtbegin.o

.rodata         0x0000000008001da8       0x38
                0x0000000008001da8                . = ALIGN (0x4)
 *(.rodata)
 .rodata        0x0000000008001da8       0x12 build/stm32f1xx_hal_rcc.o
 *(.rodata*)
 *fill*         0x0000000008001dba        0x2 
 .rodata.HAL_UART_RxCpltCallback.str1.4
                0x0000000008001dbc        0xc build/main.o
                                          0x9 (size before relaxing)
 .rodata.AHBPrescTable
                0x0000000008001dc8       0x10 build/system_stm32f1xx.o
                0x0000000008001dc8                AHBPrescTable
 .rodata.APBPrescTable
                0x0000000008001dd8        0x8 build/system_stm32f1xx.o
                0x0000000008001dd8                APBPrescTable
                0x0000000008001de0                . = ALIGN (0x4)

.rel.dyn        0x0000000008001de0        0x0
 .rel.iplt      0x0000000008001de0        0x0 /usr/local/gcc-arm-none-eabi-8-2019-q3-update/bin/../lib/gcc/arm-none-eabi/8.3.1/thumb/v7-m/nofp/crtbegin.o

.ARM.extab
 *(.ARM.extab* .gnu.linkonce.armextab.*)

.ARM            0x0000000008001de0        0x0
                0x0000000008001de0                __exidx_start = .
 *(.ARM.exidx*)
                0x0000000008001de0                __exidx_end = .

.preinit_array  0x0000000008001de0        0x0
                0x0000000008001de0                PROVIDE (__preinit_array_start = .)
 *(.preinit_array*)
                0x0000000008001de0                PROVIDE (__preinit_array_end = .)

.init_array     0x0000000008001de0        0x4
                0x0000000008001de0                PROVIDE (__init_array_start = .)
 *(SORT_BY_NAME(.init_array.*))
 *(.init_array*)
 .init_array    0x0000000008001de0        0x4 /usr/local/gcc-arm-none-eabi-8-2019-q3-update/bin/../lib/gcc/arm-none-eabi/8.3.1/thumb/v7-m/nofp/crtbegin.o
                0x0000000008001de4                PROVIDE (__init_array_end = .)

.fini_array     0x0000000008001de4        0x4
                [!provide]                        PROVIDE (__fini_array_start = .)
 *(SORT_BY_NAME(.fini_array.*))
 *(.fini_array*)
 .fini_array    0x0000000008001de4        0x4 /usr/local/gcc-arm-none-eabi-8-2019-q3-update/bin/../lib/gcc/arm-none-eabi/8.3.1/thumb/v7-m/nofp/crtbegin.o
                [!provide]                        PROVIDE (__fini_array_end = .)
                0x0000000008001de8                _sidata = LOADADDR (.data)

.data           0x0000000020000000        0xc load address 0x0000000008001de8
                0x0000000020000000                . = ALIGN (0x4)
                0x0000000020000000                _sdata = .
 *(.data)
 *(.data*)
 .data.uwTickFreq
                0x0000000020000000        0x1 build/stm32f1xx_hal.o
                0x0000000020000000                uwTickFreq
 *fill*         0x0000000020000001        0x3 
 .data.uwTickPrio
                0x0000000020000004        0x4 build/stm32f1xx_hal.o
                0x0000000020000004                uwTickPrio
 .data.SystemCoreClock
                0x0000000020000008        0x4 build/system_stm32f1xx.o
                0x0000000020000008                SystemCoreClock
                0x000000002000000c                . = ALIGN (0x4)
                0x000000002000000c                _edata = .

.igot.plt       0x000000002000000c        0x0 load address 0x0000000008001df4
 .igot.plt      0x000000002000000c        0x0 /usr/local/gcc-arm-none-eabi-8-2019-q3-update/bin/../lib/gcc/arm-none-eabi/8.3.1/thumb/v7-m/nofp/crtbegin.o
                0x000000002000000c                . = ALIGN (0x4)

.bss            0x000000002000000c      0x1f8 load address 0x0000000008001df4
                0x000000002000000c                _sbss = .
                0x000000002000000c                __bss_start__ = _sbss
 *(.bss)
 .bss           0x000000002000000c       0x1c /usr/local/gcc-arm-none-eabi-8-2019-q3-update/bin/../lib/gcc/arm-none-eabi/8.3.1/thumb/v7-m/nofp/crtbegin.o
 *(.bss*)
 .bss.Uart1_Rx_Cnt
                0x0000000020000028        0x1 build/main.o
                0x0000000020000028                Uart1_Rx_Cnt
 *(COMMON)
 *fill*         0x0000000020000029        0x3 
 COMMON         0x000000002000002c      0x101 build/main.o
                0x000000002000002c                RxBuffer
                0x000000002000012c                aRxBuffer
 *fill*         0x000000002000012d        0x3 
 COMMON         0x0000000020000130        0x4 build/stm32f1xx_hal.o
                0x0000000020000130                uwTick
 COMMON         0x0000000020000134       0x40 build/usart.o
                0x0000000020000134                huart1
 COMMON         0x0000000020000174       0x90 build/tim.o
                0x0000000020000174                htim1
                0x00000000200001bc                htim2
                0x0000000020000204                . = ALIGN (0x4)
                0x0000000020000204                _ebss = .
                0x0000000020000204                __bss_end__ = _ebss

._user_heap_stack
                0x0000000020000204      0x604 load address 0x0000000008001df4
                0x0000000020000208                . = ALIGN (0x8)
 *fill*         0x0000000020000204        0x4 
                [!provide]                        PROVIDE (end = .)
                [!provide]                        PROVIDE (_end = .)
                0x0000000020000408                . = (. + _Min_Heap_Size)
 *fill*         0x0000000020000208      0x200 
                0x0000000020000808                . = (. + _Min_Stack_Size)
 *fill*         0x0000000020000408      0x400 
                0x0000000020000808                . = ALIGN (0x8)

/DISCARD/
 libc.a(*)
 libm.a(*)
 libgcc.a(*)

.ARM.attributes
                0x0000000000000000       0x29
 *(.ARM.attributes)
 .ARM.attributes
                0x0000000000000000       0x1d /usr/local/gcc-arm-none-eabi-8-2019-q3-update/bin/../lib/gcc/arm-none-eabi/8.3.1/thumb/v7-m/nofp/crti.o
 .ARM.attributes
                0x000000000000001d       0x2d /usr/local/gcc-arm-none-eabi-8-2019-q3-update/bin/../lib/gcc/arm-none-eabi/8.3.1/thumb/v7-m/nofp/crtbegin.o
 .ARM.attributes
                0x000000000000004a       0x2d build/main.o
 .ARM.attributes
                0x0000000000000077       0x2d build/gpio.o
 .ARM.attributes
                0x00000000000000a4       0x2d build/stm32f1xx_it.o
 .ARM.attributes
                0x00000000000000d1       0x2d build/stm32f1xx_hal_msp.o
 .ARM.attributes
                0x00000000000000fe       0x2d build/stm32f1xx_hal_tim.o
 .ARM.attributes
                0x000000000000012b       0x2d build/stm32f1xx_hal_tim_ex.o
 .ARM.attributes
                0x0000000000000158       0x2d build/stm32f1xx_hal.o
 .ARM.attributes
                0x0000000000000185       0x2d build/stm32f1xx_hal_rcc.o
 .ARM.attributes
                0x00000000000001b2       0x2d build/stm32f1xx_hal_gpio.o
 .ARM.attributes
                0x00000000000001df       0x2d build/stm32f1xx_hal_dma.o
 .ARM.attributes
                0x000000000000020c       0x2d build/stm32f1xx_hal_cortex.o
 .ARM.attributes
                0x0000000000000239       0x2d build/system_stm32f1xx.o
 .ARM.attributes
                0x0000000000000266       0x2d build/usart.o
 .ARM.attributes
                0x0000000000000293       0x2d build/stm32f1xx_hal_uart.o
 .ARM.attributes
                0x00000000000002c0       0x2d build/tim.o
 .ARM.attributes
                0x00000000000002ed       0x21 build/startup_stm32f103xb.o
 .ARM.attributes
                0x000000000000030e       0x2d /usr/local/gcc-arm-none-eabi-8-2019-q3-update/bin/../lib/gcc/arm-none-eabi/8.3.1/../../../../arm-none-eabi/lib/thumb/v7-m/nofp/libc_nano.a(lib_a-init.o)
 .ARM.attributes
                0x000000000000033b       0x2d /usr/local/gcc-arm-none-eabi-8-2019-q3-update/bin/../lib/gcc/arm-none-eabi/8.3.1/../../../../arm-none-eabi/lib/thumb/v7-m/nofp/libc_nano.a(lib_a-memset.o)
 .ARM.attributes
                0x0000000000000368       0x1d /usr/local/gcc-arm-none-eabi-8-2019-q3-update/bin/../lib/gcc/arm-none-eabi/8.3.1/thumb/v7-m/nofp/crtn.o
OUTPUT(build/ACControl.elf elf32-littlearm)

.debug_info     0x0000000000000000     0xe763
 .debug_info    0x0000000000000000     0x1047 build/main.o
 .debug_info    0x0000000000001047      0x461 build/gpio.o
 .debug_info    0x00000000000014a8      0x781 build/stm32f1xx_it.o
 .debug_info    0x0000000000001c29      0x332 build/stm32f1xx_hal_msp.o
 .debug_info    0x0000000000001f5b     0x3ed9 build/stm32f1xx_hal_tim.o
 .debug_info    0x0000000000005e34     0x1be6 build/stm32f1xx_hal_tim_ex.o
 .debug_info    0x0000000000007a1a      0x8e4 build/stm32f1xx_hal.o
 .debug_info    0x00000000000082fe      0xb6d build/stm32f1xx_hal_rcc.o
 .debug_info    0x0000000000008e6b      0x7d1 build/stm32f1xx_hal_gpio.o
 .debug_info    0x000000000000963c      0x9b5 build/stm32f1xx_hal_dma.o
 .debug_info    0x0000000000009ff1      0xf09 build/stm32f1xx_hal_cortex.o
 .debug_info    0x000000000000aefa      0x2f7 build/system_stm32f1xx.o
 .debug_info    0x000000000000b1f1      0xb59 build/usart.o
 .debug_info    0x000000000000bd4a     0x1a8f build/stm32f1xx_hal_uart.o
 .debug_info    0x000000000000d7d9      0xf68 build/tim.o
 .debug_info    0x000000000000e741       0x22 build/startup_stm32f103xb.o

.debug_abbrev   0x0000000000000000     0x21cc
 .debug_abbrev  0x0000000000000000      0x273 build/main.o
 .debug_abbrev  0x0000000000000273      0x17e build/gpio.o
 .debug_abbrev  0x00000000000003f1      0x183 build/stm32f1xx_it.o
 .debug_abbrev  0x0000000000000574      0x130 build/stm32f1xx_hal_msp.o
 .debug_abbrev  0x00000000000006a4      0x2c3 build/stm32f1xx_hal_tim.o
 .debug_abbrev  0x0000000000000967      0x2ab build/stm32f1xx_hal_tim_ex.o
 .debug_abbrev  0x0000000000000c12      0x21c build/stm32f1xx_hal.o
 .debug_abbrev  0x0000000000000e2e      0x2ad build/stm32f1xx_hal_rcc.o
 .debug_abbrev  0x00000000000010db      0x24f build/stm32f1xx_hal_gpio.o
 .debug_abbrev  0x000000000000132a      0x283 build/stm32f1xx_hal_dma.o
 .debug_abbrev  0x00000000000015ad      0x38a build/stm32f1xx_hal_cortex.o
 .debug_abbrev  0x0000000000001937      0x153 build/system_stm32f1xx.o
 .debug_abbrev  0x0000000000001a8a      0x1fa build/usart.o
 .debug_abbrev  0x0000000000001c84      0x2ea build/stm32f1xx_hal_uart.o
 .debug_abbrev  0x0000000000001f6e      0x24c build/tim.o
 .debug_abbrev  0x00000000000021ba       0x12 build/startup_stm32f103xb.o

.debug_loc      0x0000000000000000     0xc520
 .debug_loc     0x0000000000000000       0xdf build/main.o
 .debug_loc     0x00000000000000df       0x38 build/gpio.o
 .debug_loc     0x0000000000000117       0x40 build/stm32f1xx_it.o
 .debug_loc     0x0000000000000157       0x41 build/stm32f1xx_hal_msp.o
 .debug_loc     0x0000000000000198     0x5ee5 build/stm32f1xx_hal_tim.o
 .debug_loc     0x000000000000607d     0x22e5 build/stm32f1xx_hal_tim_ex.o
 .debug_loc     0x0000000000008362      0x1e1 build/stm32f1xx_hal.o
 .debug_loc     0x0000000000008543      0x7e6 build/stm32f1xx_hal_rcc.o
 .debug_loc     0x0000000000008d29      0x548 build/stm32f1xx_hal_gpio.o
 .debug_loc     0x0000000000009271      0x995 build/stm32f1xx_hal_dma.o
 .debug_loc     0x0000000000009c06      0x76b build/stm32f1xx_hal_cortex.o
 .debug_loc     0x000000000000a371       0xff build/system_stm32f1xx.o
 .debug_loc     0x000000000000a470      0x108 build/usart.o
 .debug_loc     0x000000000000a578     0x1e41 build/stm32f1xx_hal_uart.o
 .debug_loc     0x000000000000c3b9      0x167 build/tim.o

.debug_aranges  0x0000000000000000      0xb80
 .debug_aranges
                0x0000000000000000       0x38 build/main.o
 .debug_aranges
                0x0000000000000038       0x20 build/gpio.o
 .debug_aranges
                0x0000000000000058       0x68 build/stm32f1xx_it.o
 .debug_aranges
                0x00000000000000c0       0x20 build/stm32f1xx_hal_msp.o
 .debug_aranges
                0x00000000000000e0      0x3d0 build/stm32f1xx_hal_tim.o
 .debug_aranges
                0x00000000000004b0      0x168 build/stm32f1xx_hal_tim_ex.o
 .debug_aranges
                0x0000000000000618       0xe0 build/stm32f1xx_hal.o
 .debug_aranges
                0x00000000000006f8       0x90 build/stm32f1xx_hal_rcc.o
 .debug_aranges
                0x0000000000000788       0x58 build/stm32f1xx_hal_gpio.o
 .debug_aranges
                0x00000000000007e0       0x80 build/stm32f1xx_hal_dma.o
 .debug_aranges
                0x0000000000000860       0x90 build/stm32f1xx_hal_cortex.o
 .debug_aranges
                0x00000000000008f0       0x28 build/system_stm32f1xx.o
 .debug_aranges
                0x0000000000000918       0x30 build/usart.o
 .debug_aranges
                0x0000000000000948      0x1d0 build/stm32f1xx_hal_uart.o
 .debug_aranges
                0x0000000000000b18       0x40 build/tim.o
 .debug_aranges
                0x0000000000000b58       0x28 build/startup_stm32f103xb.o

.debug_ranges   0x0000000000000000      0xb08
 .debug_ranges  0x0000000000000000       0x40 build/main.o
 .debug_ranges  0x0000000000000040       0x10 build/gpio.o
 .debug_ranges  0x0000000000000050       0x58 build/stm32f1xx_it.o
 .debug_ranges  0x00000000000000a8       0x10 build/stm32f1xx_hal_msp.o
 .debug_ranges  0x00000000000000b8      0x3c0 build/stm32f1xx_hal_tim.o
 .debug_ranges  0x0000000000000478      0x158 build/stm32f1xx_hal_tim_ex.o
 .debug_ranges  0x00000000000005d0       0xd0 build/stm32f1xx_hal.o
 .debug_ranges  0x00000000000006a0       0xa0 build/stm32f1xx_hal_rcc.o
 .debug_ranges  0x0000000000000740       0x48 build/stm32f1xx_hal_gpio.o
 .debug_ranges  0x0000000000000788       0x70 build/stm32f1xx_hal_dma.o
 .debug_ranges  0x00000000000007f8       0xc8 build/stm32f1xx_hal_cortex.o
 .debug_ranges  0x00000000000008c0       0x18 build/system_stm32f1xx.o
 .debug_ranges  0x00000000000008d8       0x20 build/usart.o
 .debug_ranges  0x00000000000008f8      0x1c0 build/stm32f1xx_hal_uart.o
 .debug_ranges  0x0000000000000ab8       0x30 build/tim.o
 .debug_ranges  0x0000000000000ae8       0x20 build/startup_stm32f103xb.o

.debug_line     0x0000000000000000     0xb6b3
 .debug_line    0x0000000000000000      0x3c1 build/main.o
 .debug_line    0x00000000000003c1      0x20f build/gpio.o
 .debug_line    0x00000000000005d0      0x2cd build/stm32f1xx_it.o
 .debug_line    0x000000000000089d      0x1bd build/stm32f1xx_hal_msp.o
 .debug_line    0x0000000000000a5a     0x42ea build/stm32f1xx_hal_tim.o
 .debug_line    0x0000000000004d44     0x1b4e build/stm32f1xx_hal_tim_ex.o
 .debug_line    0x0000000000006892      0x501 build/stm32f1xx_hal.o
 .debug_line    0x0000000000006d93      0xbcb build/stm32f1xx_hal_rcc.o
 .debug_line    0x000000000000795e      0x610 build/stm32f1xx_hal_gpio.o
 .debug_line    0x0000000000007f6e      0xa57 build/stm32f1xx_hal_dma.o
 .debug_line    0x00000000000089c5      0x653 build/stm32f1xx_hal_cortex.o
 .debug_line    0x0000000000009018      0x273 build/system_stm32f1xx.o
 .debug_line    0x000000000000928b      0x329 build/usart.o
 .debug_line    0x00000000000095b4     0x1b4a build/stm32f1xx_hal_uart.o
 .debug_line    0x000000000000b0fe      0x543 build/tim.o
 .debug_line    0x000000000000b641       0x72 build/startup_stm32f103xb.o

.debug_str      0x0000000000000000     0x3549
 .debug_str     0x0000000000000000      0xadd build/main.o
                                        0xbc1 (size before relaxing)
 .debug_str     0x0000000000000add       0x8b build/gpio.o
                                        0x34e (size before relaxing)
 .debug_str     0x0000000000000b68       0xd5 build/stm32f1xx_it.o
                                        0x6cf (size before relaxing)
 .debug_str     0x0000000000000c3d       0x52 build/stm32f1xx_hal_msp.o
                                        0x2f0 (size before relaxing)
 .debug_str     0x0000000000000c8f      0xf3e build/stm32f1xx_hal_tim.o
                                       0x170e (size before relaxing)
 .debug_str     0x0000000000001bcd      0x5ba build/stm32f1xx_hal_tim_ex.o
                                        0xf38 (size before relaxing)
 .debug_str     0x0000000000002187      0x558 build/stm32f1xx_hal.o
                                        0x869 (size before relaxing)
 .debug_str     0x00000000000026df      0x1e2 build/stm32f1xx_hal_rcc.o
                                        0x6b8 (size before relaxing)
 .debug_str     0x00000000000028c1      0x116 build/stm32f1xx_hal_gpio.o
                                        0x4d6 (size before relaxing)
 .debug_str     0x00000000000029d7      0x20a build/stm32f1xx_hal_dma.o
                                        0x6d3 (size before relaxing)
 .debug_str     0x0000000000002be1      0x3b8 build/stm32f1xx_hal_cortex.o
                                        0x985 (size before relaxing)
 .debug_str     0x0000000000002f99       0x4a build/system_stm32f1xx.o
                                        0x2e7 (size before relaxing)
 .debug_str     0x0000000000002fe3       0x49 build/usart.o
                                        0xa43 (size before relaxing)
 .debug_str     0x000000000000302c      0x4b8 build/stm32f1xx_hal_uart.o
                                        0xc66 (size before relaxing)
 .debug_str     0x00000000000034e4       0x41 build/tim.o
                                        0xad2 (size before relaxing)
 .debug_str     0x0000000000003525       0x24 build/startup_stm32f103xb.o
                                         0x4d (size before relaxing)

.comment        0x0000000000000000       0x76
 .comment       0x0000000000000000       0x76 build/main.o
                                         0x77 (size before relaxing)
 .comment       0x0000000000000076       0x77 build/gpio.o
 .comment       0x0000000000000076       0x77 build/stm32f1xx_it.o
 .comment       0x0000000000000076       0x77 build/stm32f1xx_hal_msp.o
 .comment       0x0000000000000076       0x77 build/stm32f1xx_hal_tim.o
 .comment       0x0000000000000076       0x77 build/stm32f1xx_hal_tim_ex.o
 .comment       0x0000000000000076       0x77 build/stm32f1xx_hal.o
 .comment       0x0000000000000076       0x77 build/stm32f1xx_hal_rcc.o
 .comment       0x0000000000000076       0x77 build/stm32f1xx_hal_gpio.o
 .comment       0x0000000000000076       0x77 build/stm32f1xx_hal_dma.o
 .comment       0x0000000000000076       0x77 build/stm32f1xx_hal_cortex.o
 .comment       0x0000000000000076       0x77 build/system_stm32f1xx.o
 .comment       0x0000000000000076       0x77 build/usart.o
 .comment       0x0000000000000076       0x77 build/stm32f1xx_hal_uart.o
 .comment       0x0000000000000076       0x77 build/tim.o

.debug_frame    0x0000000000000000     0x2264
 .debug_frame   0x0000000000000000       0x7c build/main.o
 .debug_frame   0x000000000000007c       0x3c build/gpio.o
 .debug_frame   0x00000000000000b8       0xc8 build/stm32f1xx_it.o
 .debug_frame   0x0000000000000180       0x28 build/stm32f1xx_hal_msp.o
 .debug_frame   0x00000000000001a8      0xd50 build/stm32f1xx_hal_tim.o
 .debug_frame   0x0000000000000ef8      0x518 build/stm32f1xx_hal_tim_ex.o
 .debug_frame   0x0000000000001410      0x1e0 build/stm32f1xx_hal.o
 .debug_frame   0x00000000000015f0      0x1cc build/stm32f1xx_hal_rcc.o
 .debug_frame   0x00000000000017bc      0x104 build/stm32f1xx_hal_gpio.o
 .debug_frame   0x00000000000018c0      0x168 build/stm32f1xx_hal_dma.o
 .debug_frame   0x0000000000001a28      0x13c build/stm32f1xx_hal_cortex.o
 .debug_frame   0x0000000000001b64       0x30 build/system_stm32f1xx.o
 .debug_frame   0x0000000000001b94       0x70 build/usart.o
 .debug_frame   0x0000000000001c04      0x570 build/stm32f1xx_hal_uart.o
 .debug_frame   0x0000000000002174       0xa4 build/tim.o
 .debug_frame   0x0000000000002218       0x2c /usr/local/gcc-arm-none-eabi-8-2019-q3-update/bin/../lib/gcc/arm-none-eabi/8.3.1/../../../../arm-none-eabi/lib/thumb/v7-m/nofp/libc_nano.a(lib_a-init.o)
 .debug_frame   0x0000000000002244       0x20 /usr/local/gcc-arm-none-eabi-8-2019-q3-update/bin/../lib/gcc/arm-none-eabi/8.3.1/../../../../arm-none-eabi/lib/thumb/v7-m/nofp/libc_nano.a(lib_a-memset.o)

Cross Reference Table

Symbol                                            File
ADC1_2_IRQHandler                                 build/startup_stm32f103xb.o
AHBPrescTable                                     build/system_stm32f1xx.o
                                                  build/stm32f1xx_hal_rcc.o
APBPrescTable                                     build/system_stm32f1xx.o
                                                  build/stm32f1xx_hal_rcc.o
BusFault_Handler                                  build/stm32f1xx_it.o
CAN1_RX1_IRQHandler                               build/startup_stm32f103xb.o
CAN1_SCE_IRQHandler                               build/startup_stm32f103xb.o
DMA1_Channel1_IRQHandler                          build/startup_stm32f103xb.o
DMA1_Channel2_IRQHandler                          build/startup_stm32f103xb.o
DMA1_Channel3_IRQHandler                          build/startup_stm32f103xb.o
DMA1_Channel4_IRQHandler                          build/startup_stm32f103xb.o
DMA1_Channel5_IRQHandler                          build/startup_stm32f103xb.o
DMA1_Channel6_IRQHandler                          build/startup_stm32f103xb.o
DMA1_Channel7_IRQHandler                          build/startup_stm32f103xb.o
DebugMon_Handler                                  build/stm32f1xx_it.o
Default_Handler                                   build/startup_stm32f103xb.o
EXTI0_IRQHandler                                  build/startup_stm32f103xb.o
EXTI15_10_IRQHandler                              build/startup_stm32f103xb.o
EXTI1_IRQHandler                                  build/startup_stm32f103xb.o
EXTI2_IRQHandler                                  build/startup_stm32f103xb.o
EXTI3_IRQHandler                                  build/startup_stm32f103xb.o
EXTI4_IRQHandler                                  build/startup_stm32f103xb.o
EXTI9_5_IRQHandler                                build/startup_stm32f103xb.o
Error_Handler                                     build/main.o
                                                  build/tim.o
                                                  build/usart.o
FLASH_IRQHandler                                  build/startup_stm32f103xb.o
FLASH_PageErase                                   build/stm32f1xx_hal_flash_ex.o
                                                  build/stm32f1xx_hal_flash.o
FLASH_WaitForLastOperation                        build/stm32f1xx_hal_flash.o
                                                  build/stm32f1xx_hal_flash_ex.o
HAL_DBGMCU_DisableDBGSleepMode                    build/stm32f1xx_hal.o
HAL_DBGMCU_DisableDBGStandbyMode                  build/stm32f1xx_hal.o
HAL_DBGMCU_DisableDBGStopMode                     build/stm32f1xx_hal.o
HAL_DBGMCU_EnableDBGSleepMode                     build/stm32f1xx_hal.o
HAL_DBGMCU_EnableDBGStandbyMode                   build/stm32f1xx_hal.o
HAL_DBGMCU_EnableDBGStopMode                      build/stm32f1xx_hal.o
HAL_DMA_Abort                                     build/stm32f1xx_hal_dma.o
                                                  build/stm32f1xx_hal_uart.o
HAL_DMA_Abort_IT                                  build/stm32f1xx_hal_dma.o
                                                  build/stm32f1xx_hal_uart.o
                                                  build/stm32f1xx_hal_tim_ex.o
                                                  build/stm32f1xx_hal_tim.o
HAL_DMA_DeInit                                    build/stm32f1xx_hal_dma.o
HAL_DMA_GetError                                  build/stm32f1xx_hal_dma.o
                                                  build/stm32f1xx_hal_uart.o
HAL_DMA_GetState                                  build/stm32f1xx_hal_dma.o
HAL_DMA_IRQHandler                                build/stm32f1xx_hal_dma.o
HAL_DMA_Init                                      build/stm32f1xx_hal_dma.o
HAL_DMA_PollForTransfer                           build/stm32f1xx_hal_dma.o
HAL_DMA_RegisterCallback                          build/stm32f1xx_hal_dma.o
HAL_DMA_Start                                     build/stm32f1xx_hal_dma.o
HAL_DMA_Start_IT                                  build/stm32f1xx_hal_dma.o
                                                  build/stm32f1xx_hal_uart.o
                                                  build/stm32f1xx_hal_tim_ex.o
                                                  build/stm32f1xx_hal_tim.o
HAL_DMA_UnRegisterCallback                        build/stm32f1xx_hal_dma.o
HAL_DeInit                                        build/stm32f1xx_hal.o
HAL_Delay                                         build/stm32f1xx_hal.o
                                                  build/main.o
HAL_EXTI_ClearConfigLine                          build/stm32f1xx_hal_exti.o
HAL_EXTI_ClearPending                             build/stm32f1xx_hal_exti.o
HAL_EXTI_GenerateSWI                              build/stm32f1xx_hal_exti.o
HAL_EXTI_GetConfigLine                            build/stm32f1xx_hal_exti.o
HAL_EXTI_GetHandle                                build/stm32f1xx_hal_exti.o
HAL_EXTI_GetPending                               build/stm32f1xx_hal_exti.o
HAL_EXTI_IRQHandler                               build/stm32f1xx_hal_exti.o
HAL_EXTI_RegisterCallback                         build/stm32f1xx_hal_exti.o
HAL_EXTI_SetConfigLine                            build/stm32f1xx_hal_exti.o
HAL_FLASHEx_Erase                                 build/stm32f1xx_hal_flash_ex.o
HAL_FLASHEx_Erase_IT                              build/stm32f1xx_hal_flash_ex.o
HAL_FLASHEx_OBErase                               build/stm32f1xx_hal_flash_ex.o
HAL_FLASHEx_OBGetConfig                           build/stm32f1xx_hal_flash_ex.o
HAL_FLASHEx_OBGetUserData                         build/stm32f1xx_hal_flash_ex.o
HAL_FLASHEx_OBProgram                             build/stm32f1xx_hal_flash_ex.o
HAL_FLASH_EndOfOperationCallback                  build/stm32f1xx_hal_flash.o
HAL_FLASH_GetError                                build/stm32f1xx_hal_flash.o
HAL_FLASH_IRQHandler                              build/stm32f1xx_hal_flash.o
HAL_FLASH_Lock                                    build/stm32f1xx_hal_flash.o
HAL_FLASH_OB_Launch                               build/stm32f1xx_hal_flash.o
HAL_FLASH_OB_Lock                                 build/stm32f1xx_hal_flash.o
HAL_FLASH_OB_Unlock                               build/stm32f1xx_hal_flash.o
HAL_FLASH_OperationErrorCallback                  build/stm32f1xx_hal_flash.o
HAL_FLASH_Program                                 build/stm32f1xx_hal_flash.o
HAL_FLASH_Program_IT                              build/stm32f1xx_hal_flash.o
HAL_FLASH_Unlock                                  build/stm32f1xx_hal_flash.o
HAL_GPIOEx_ConfigEventout                         build/stm32f1xx_hal_gpio_ex.o
HAL_GPIOEx_DisableEventout                        build/stm32f1xx_hal_gpio_ex.o
HAL_GPIOEx_EnableEventout                         build/stm32f1xx_hal_gpio_ex.o
HAL_GPIO_DeInit                                   build/stm32f1xx_hal_gpio.o
                                                  build/usart.o
HAL_GPIO_EXTI_Callback                            build/stm32f1xx_hal_gpio.o
HAL_GPIO_EXTI_IRQHandler                          build/stm32f1xx_hal_gpio.o
HAL_GPIO_Init                                     build/stm32f1xx_hal_gpio.o
                                                  build/tim.o
                                                  build/usart.o
                                                  build/stm32f1xx_hal_rcc.o
                                                  build/gpio.o
HAL_GPIO_LockPin                                  build/stm32f1xx_hal_gpio.o
HAL_GPIO_ReadPin                                  build/stm32f1xx_hal_gpio.o
                                                  build/main.o
HAL_GPIO_TogglePin                                build/stm32f1xx_hal_gpio.o
HAL_GPIO_WritePin                                 build/stm32f1xx_hal_gpio.o
                                                  build/gpio.o
                                                  build/main.o
HAL_GetDEVID                                      build/stm32f1xx_hal.o
HAL_GetHalVersion                                 build/stm32f1xx_hal.o
HAL_GetREVID                                      build/stm32f1xx_hal.o
HAL_GetTick                                       build/stm32f1xx_hal.o
                                                  build/stm32f1xx_hal_uart.o
                                                  build/stm32f1xx_hal_flash.o
                                                  build/stm32f1xx_hal_dma.o
                                                  build/stm32f1xx_hal_rcc_ex.o
                                                  build/stm32f1xx_hal_rcc.o
HAL_GetTickFreq                                   build/stm32f1xx_hal.o
HAL_GetTickPrio                                   build/stm32f1xx_hal.o
HAL_GetUIDw0                                      build/stm32f1xx_hal.o
HAL_GetUIDw1                                      build/stm32f1xx_hal.o
HAL_GetUIDw2                                      build/stm32f1xx_hal.o
HAL_HalfDuplex_EnableReceiver                     build/stm32f1xx_hal_uart.o
HAL_HalfDuplex_EnableTransmitter                  build/stm32f1xx_hal_uart.o
HAL_HalfDuplex_Init                               build/stm32f1xx_hal_uart.o
HAL_IncTick                                       build/stm32f1xx_hal.o
                                                  build/stm32f1xx_it.o
HAL_Init                                          build/stm32f1xx_hal.o
                                                  build/main.o
HAL_InitTick                                      build/stm32f1xx_hal.o
                                                  build/stm32f1xx_hal_rcc.o
HAL_LIN_Init                                      build/stm32f1xx_hal_uart.o
HAL_LIN_SendBreak                                 build/stm32f1xx_hal_uart.o
HAL_MspDeInit                                     build/stm32f1xx_hal.o
HAL_MspInit                                       build/stm32f1xx_hal_msp.o
HAL_MultiProcessor_EnterMuteMode                  build/stm32f1xx_hal_uart.o
HAL_MultiProcessor_ExitMuteMode                   build/stm32f1xx_hal_uart.o
HAL_MultiProcessor_Init                           build/stm32f1xx_hal_uart.o
HAL_NVIC_ClearPendingIRQ                          build/stm32f1xx_hal_cortex.o
HAL_NVIC_DisableIRQ                               build/stm32f1xx_hal_cortex.o
                                                  build/usart.o
HAL_NVIC_EnableIRQ                                build/stm32f1xx_hal_cortex.o
                                                  build/usart.o
HAL_NVIC_GetActive                                build/stm32f1xx_hal_cortex.o
HAL_NVIC_GetPendingIRQ                            build/stm32f1xx_hal_cortex.o
HAL_NVIC_GetPriority                              build/stm32f1xx_hal_cortex.o
HAL_NVIC_GetPriorityGrouping                      build/stm32f1xx_hal_cortex.o
HAL_NVIC_SetPendingIRQ                            build/stm32f1xx_hal_cortex.o
HAL_NVIC_SetPriority                              build/stm32f1xx_hal_cortex.o
                                                  build/usart.o
                                                  build/stm32f1xx_hal.o
HAL_NVIC_SetPriorityGrouping                      build/stm32f1xx_hal_cortex.o
                                                  build/stm32f1xx_hal.o
HAL_NVIC_SystemReset                              build/stm32f1xx_hal_cortex.o
                                                  build/stm32f1xx_hal_flash.o
HAL_PWR_ConfigPVD                                 build/stm32f1xx_hal_pwr.o
HAL_PWR_DeInit                                    build/stm32f1xx_hal_pwr.o
HAL_PWR_DisableBkUpAccess                         build/stm32f1xx_hal_pwr.o
HAL_PWR_DisablePVD                                build/stm32f1xx_hal_pwr.o
HAL_PWR_DisableSEVOnPend                          build/stm32f1xx_hal_pwr.o
HAL_PWR_DisableSleepOnExit                        build/stm32f1xx_hal_pwr.o
HAL_PWR_DisableWakeUpPin                          build/stm32f1xx_hal_pwr.o
HAL_PWR_EnableBkUpAccess                          build/stm32f1xx_hal_pwr.o
HAL_PWR_EnablePVD                                 build/stm32f1xx_hal_pwr.o
HAL_PWR_EnableSEVOnPend                           build/stm32f1xx_hal_pwr.o
HAL_PWR_EnableSleepOnExit                         build/stm32f1xx_hal_pwr.o
HAL_PWR_EnableWakeUpPin                           build/stm32f1xx_hal_pwr.o
HAL_PWR_EnterSLEEPMode                            build/stm32f1xx_hal_pwr.o
HAL_PWR_EnterSTANDBYMode                          build/stm32f1xx_hal_pwr.o
HAL_PWR_EnterSTOPMode                             build/stm32f1xx_hal_pwr.o
HAL_PWR_PVDCallback                               build/stm32f1xx_hal_pwr.o
HAL_PWR_PVD_IRQHandler                            build/stm32f1xx_hal_pwr.o
HAL_RCCEx_GetPeriphCLKConfig                      build/stm32f1xx_hal_rcc_ex.o
HAL_RCCEx_GetPeriphCLKFreq                        build/stm32f1xx_hal_rcc_ex.o
HAL_RCCEx_PeriphCLKConfig                         build/stm32f1xx_hal_rcc_ex.o
HAL_RCC_CSSCallback                               build/stm32f1xx_hal_rcc.o
HAL_RCC_ClockConfig                               build/stm32f1xx_hal_rcc.o
                                                  build/main.o
HAL_RCC_DeInit                                    build/stm32f1xx_hal_rcc.o
HAL_RCC_DisableCSS                                build/stm32f1xx_hal_rcc.o
HAL_RCC_EnableCSS                                 build/stm32f1xx_hal_rcc.o
HAL_RCC_GetClockConfig                            build/stm32f1xx_hal_rcc.o
HAL_RCC_GetHCLKFreq                               build/stm32f1xx_hal_rcc.o
HAL_RCC_GetOscConfig                              build/stm32f1xx_hal_rcc.o
HAL_RCC_GetPCLK1Freq                              build/stm32f1xx_hal_rcc.o
                                                  build/stm32f1xx_hal_uart.o
HAL_RCC_GetPCLK2Freq                              build/stm32f1xx_hal_rcc.o
                                                  build/stm32f1xx_hal_uart.o
                                                  build/stm32f1xx_hal_rcc_ex.o
HAL_RCC_GetSysClockFreq                           build/stm32f1xx_hal_rcc.o
HAL_RCC_MCOConfig                                 build/stm32f1xx_hal_rcc.o
HAL_RCC_NMI_IRQHandler                            build/stm32f1xx_hal_rcc.o
HAL_RCC_OscConfig                                 build/stm32f1xx_hal_rcc.o
                                                  build/main.o
HAL_ResumeTick                                    build/stm32f1xx_hal.o
HAL_SYSTICK_CLKSourceConfig                       build/stm32f1xx_hal_cortex.o
HAL_SYSTICK_Callback                              build/stm32f1xx_hal_cortex.o
HAL_SYSTICK_Config                                build/stm32f1xx_hal_cortex.o
                                                  build/stm32f1xx_hal.o
HAL_SYSTICK_IRQHandler                            build/stm32f1xx_hal_cortex.o
HAL_SetTickFreq                                   build/stm32f1xx_hal.o
HAL_SuspendTick                                   build/stm32f1xx_hal.o
HAL_TIMEx_BreakCallback                           build/stm32f1xx_hal_tim_ex.o
                                                  build/stm32f1xx_hal_tim.o
HAL_TIMEx_CommutCallback                          build/stm32f1xx_hal_tim_ex.o
                                                  build/stm32f1xx_hal_tim.o
HAL_TIMEx_CommutHalfCpltCallback                  build/stm32f1xx_hal_tim_ex.o
HAL_TIMEx_ConfigBreakDeadTime                     build/stm32f1xx_hal_tim_ex.o
                                                  build/tim.o
HAL_TIMEx_ConfigCommutEvent                       build/stm32f1xx_hal_tim_ex.o
HAL_TIMEx_ConfigCommutEvent_DMA                   build/stm32f1xx_hal_tim_ex.o
HAL_TIMEx_ConfigCommutEvent_IT                    build/stm32f1xx_hal_tim_ex.o
HAL_TIMEx_GetChannelNState                        build/stm32f1xx_hal_tim_ex.o
HAL_TIMEx_HallSensor_DeInit                       build/stm32f1xx_hal_tim_ex.o
HAL_TIMEx_HallSensor_GetState                     build/stm32f1xx_hal_tim_ex.o
HAL_TIMEx_HallSensor_Init                         build/stm32f1xx_hal_tim_ex.o
HAL_TIMEx_HallSensor_MspDeInit                    build/stm32f1xx_hal_tim_ex.o
HAL_TIMEx_HallSensor_MspInit                      build/stm32f1xx_hal_tim_ex.o
HAL_TIMEx_HallSensor_Start                        build/stm32f1xx_hal_tim_ex.o
HAL_TIMEx_HallSensor_Start_DMA                    build/stm32f1xx_hal_tim_ex.o
HAL_TIMEx_HallSensor_Start_IT                     build/stm32f1xx_hal_tim_ex.o
HAL_TIMEx_HallSensor_Stop                         build/stm32f1xx_hal_tim_ex.o
HAL_TIMEx_HallSensor_Stop_DMA                     build/stm32f1xx_hal_tim_ex.o
HAL_TIMEx_HallSensor_Stop_IT                      build/stm32f1xx_hal_tim_ex.o
HAL_TIMEx_MasterConfigSynchronization             build/stm32f1xx_hal_tim_ex.o
                                                  build/tim.o
HAL_TIMEx_OCN_Start                               build/stm32f1xx_hal_tim_ex.o
HAL_TIMEx_OCN_Start_DMA                           build/stm32f1xx_hal_tim_ex.o
HAL_TIMEx_OCN_Start_IT                            build/stm32f1xx_hal_tim_ex.o
HAL_TIMEx_OCN_Stop                                build/stm32f1xx_hal_tim_ex.o
HAL_TIMEx_OCN_Stop_DMA                            build/stm32f1xx_hal_tim_ex.o
HAL_TIMEx_OCN_Stop_IT                             build/stm32f1xx_hal_tim_ex.o
HAL_TIMEx_OnePulseN_Start                         build/stm32f1xx_hal_tim_ex.o
HAL_TIMEx_OnePulseN_Start_IT                      build/stm32f1xx_hal_tim_ex.o
HAL_TIMEx_OnePulseN_Stop                          build/stm32f1xx_hal_tim_ex.o
HAL_TIMEx_OnePulseN_Stop_IT                       build/stm32f1xx_hal_tim_ex.o
HAL_TIMEx_PWMN_Start                              build/stm32f1xx_hal_tim_ex.o
HAL_TIMEx_PWMN_Start_DMA                          build/stm32f1xx_hal_tim_ex.o
HAL_TIMEx_PWMN_Start_IT                           build/stm32f1xx_hal_tim_ex.o
HAL_TIMEx_PWMN_Stop                               build/stm32f1xx_hal_tim_ex.o
HAL_TIMEx_PWMN_Stop_DMA                           build/stm32f1xx_hal_tim_ex.o
HAL_TIMEx_PWMN_Stop_IT                            build/stm32f1xx_hal_tim_ex.o
HAL_TIMEx_RemapConfig                             build/stm32f1xx_hal_tim_ex.o
HAL_TIM_Base_DeInit                               build/stm32f1xx_hal_tim.o
HAL_TIM_Base_GetState                             build/stm32f1xx_hal_tim.o
HAL_TIM_Base_Init                                 build/stm32f1xx_hal_tim.o
                                                  build/tim.o
HAL_TIM_Base_MspDeInit                            build/tim.o
                                                  build/stm32f1xx_hal_tim.o
HAL_TIM_Base_MspInit                              build/tim.o
                                                  build/stm32f1xx_hal_tim.o
HAL_TIM_Base_Start                                build/stm32f1xx_hal_tim.o
HAL_TIM_Base_Start_DMA                            build/stm32f1xx_hal_tim.o
HAL_TIM_Base_Start_IT                             build/stm32f1xx_hal_tim.o
HAL_TIM_Base_Stop                                 build/stm32f1xx_hal_tim.o
HAL_TIM_Base_Stop_DMA                             build/stm32f1xx_hal_tim.o
HAL_TIM_Base_Stop_IT                              build/stm32f1xx_hal_tim.o
HAL_TIM_ConfigClockSource                         build/stm32f1xx_hal_tim.o
                                                  build/tim.o
HAL_TIM_ConfigOCrefClear                          build/stm32f1xx_hal_tim.o
HAL_TIM_ConfigTI1Input                            build/stm32f1xx_hal_tim.o
HAL_TIM_DMABurstState                             build/stm32f1xx_hal_tim.o
HAL_TIM_DMABurst_MultiReadStart                   build/stm32f1xx_hal_tim.o
HAL_TIM_DMABurst_MultiWriteStart                  build/stm32f1xx_hal_tim.o
HAL_TIM_DMABurst_ReadStart                        build/stm32f1xx_hal_tim.o
HAL_TIM_DMABurst_ReadStop                         build/stm32f1xx_hal_tim.o
HAL_TIM_DMABurst_WriteStart                       build/stm32f1xx_hal_tim.o
HAL_TIM_DMABurst_WriteStop                        build/stm32f1xx_hal_tim.o
HAL_TIM_Encoder_DeInit                            build/stm32f1xx_hal_tim.o
HAL_TIM_Encoder_GetState                          build/stm32f1xx_hal_tim.o
HAL_TIM_Encoder_Init                              build/stm32f1xx_hal_tim.o
HAL_TIM_Encoder_MspDeInit                         build/stm32f1xx_hal_tim.o
HAL_TIM_Encoder_MspInit                           build/stm32f1xx_hal_tim.o
HAL_TIM_Encoder_Start                             build/stm32f1xx_hal_tim.o
HAL_TIM_Encoder_Start_DMA                         build/stm32f1xx_hal_tim.o
HAL_TIM_Encoder_Start_IT                          build/stm32f1xx_hal_tim.o
HAL_TIM_Encoder_Stop                              build/stm32f1xx_hal_tim.o
HAL_TIM_Encoder_Stop_DMA                          build/stm32f1xx_hal_tim.o
HAL_TIM_Encoder_Stop_IT                           build/stm32f1xx_hal_tim.o
HAL_TIM_ErrorCallback                             build/stm32f1xx_hal_tim.o
                                                  build/stm32f1xx_hal_tim_ex.o
HAL_TIM_GenerateEvent                             build/stm32f1xx_hal_tim.o
HAL_TIM_GetActiveChannel                          build/stm32f1xx_hal_tim.o
HAL_TIM_GetChannelState                           build/stm32f1xx_hal_tim.o
HAL_TIM_IC_CaptureCallback                        build/stm32f1xx_hal_tim.o
HAL_TIM_IC_CaptureHalfCpltCallback                build/stm32f1xx_hal_tim.o
HAL_TIM_IC_ConfigChannel                          build/stm32f1xx_hal_tim.o
HAL_TIM_IC_DeInit                                 build/stm32f1xx_hal_tim.o
HAL_TIM_IC_GetState                               build/stm32f1xx_hal_tim.o
HAL_TIM_IC_Init                                   build/stm32f1xx_hal_tim.o
HAL_TIM_IC_MspDeInit                              build/stm32f1xx_hal_tim.o
HAL_TIM_IC_MspInit                                build/stm32f1xx_hal_tim.o
HAL_TIM_IC_Start                                  build/stm32f1xx_hal_tim.o
HAL_TIM_IC_Start_DMA                              build/stm32f1xx_hal_tim.o
HAL_TIM_IC_Start_IT                               build/stm32f1xx_hal_tim.o
HAL_TIM_IC_Stop                                   build/stm32f1xx_hal_tim.o
HAL_TIM_IC_Stop_DMA                               build/stm32f1xx_hal_tim.o
HAL_TIM_IC_Stop_IT                                build/stm32f1xx_hal_tim.o
HAL_TIM_IRQHandler                                build/stm32f1xx_hal_tim.o
HAL_TIM_MspPostInit                               build/tim.o
HAL_TIM_OC_ConfigChannel                          build/stm32f1xx_hal_tim.o
HAL_TIM_OC_DeInit                                 build/stm32f1xx_hal_tim.o
HAL_TIM_OC_DelayElapsedCallback                   build/stm32f1xx_hal_tim.o
HAL_TIM_OC_GetState                               build/stm32f1xx_hal_tim.o
HAL_TIM_OC_Init                                   build/stm32f1xx_hal_tim.o
HAL_TIM_OC_MspDeInit                              build/stm32f1xx_hal_tim.o
HAL_TIM_OC_MspInit                                build/stm32f1xx_hal_tim.o
HAL_TIM_OC_Start                                  build/stm32f1xx_hal_tim.o
HAL_TIM_OC_Start_DMA                              build/stm32f1xx_hal_tim.o
HAL_TIM_OC_Start_IT                               build/stm32f1xx_hal_tim.o
HAL_TIM_OC_Stop                                   build/stm32f1xx_hal_tim.o
HAL_TIM_OC_Stop_DMA                               build/stm32f1xx_hal_tim.o
HAL_TIM_OC_Stop_IT                                build/stm32f1xx_hal_tim.o
HAL_TIM_OnePulse_ConfigChannel                    build/stm32f1xx_hal_tim.o
HAL_TIM_OnePulse_DeInit                           build/stm32f1xx_hal_tim.o
HAL_TIM_OnePulse_GetState                         build/stm32f1xx_hal_tim.o
HAL_TIM_OnePulse_Init                             build/stm32f1xx_hal_tim.o
HAL_TIM_OnePulse_MspDeInit                        build/stm32f1xx_hal_tim.o
HAL_TIM_OnePulse_MspInit                          build/stm32f1xx_hal_tim.o
HAL_TIM_OnePulse_Start                            build/stm32f1xx_hal_tim.o
HAL_TIM_OnePulse_Start_IT                         build/stm32f1xx_hal_tim.o
HAL_TIM_OnePulse_Stop                             build/stm32f1xx_hal_tim.o
HAL_TIM_OnePulse_Stop_IT                          build/stm32f1xx_hal_tim.o
HAL_TIM_PWM_ConfigChannel                         build/stm32f1xx_hal_tim.o
                                                  build/tim.o
HAL_TIM_PWM_DeInit                                build/stm32f1xx_hal_tim.o
HAL_TIM_PWM_GetState                              build/stm32f1xx_hal_tim.o
HAL_TIM_PWM_Init                                  build/stm32f1xx_hal_tim.o
                                                  build/tim.o
HAL_TIM_PWM_MspDeInit                             build/stm32f1xx_hal_tim.o
HAL_TIM_PWM_MspInit                               build/stm32f1xx_hal_tim.o
HAL_TIM_PWM_PulseFinishedCallback                 build/stm32f1xx_hal_tim.o
                                                  build/stm32f1xx_hal_tim_ex.o
HAL_TIM_PWM_PulseFinishedHalfCpltCallback         build/stm32f1xx_hal_tim.o
HAL_TIM_PWM_Start                                 build/stm32f1xx_hal_tim.o
                                                  build/main.o
HAL_TIM_PWM_Start_DMA                             build/stm32f1xx_hal_tim.o
HAL_TIM_PWM_Start_IT                              build/stm32f1xx_hal_tim.o
HAL_TIM_PWM_Stop                                  build/stm32f1xx_hal_tim.o
HAL_TIM_PWM_Stop_DMA                              build/stm32f1xx_hal_tim.o
HAL_TIM_PWM_Stop_IT                               build/stm32f1xx_hal_tim.o
HAL_TIM_PeriodElapsedCallback                     build/stm32f1xx_hal_tim.o
HAL_TIM_PeriodElapsedHalfCpltCallback             build/stm32f1xx_hal_tim.o
HAL_TIM_ReadCapturedValue                         build/stm32f1xx_hal_tim.o
HAL_TIM_SlaveConfigSynchro                        build/stm32f1xx_hal_tim.o
HAL_TIM_SlaveConfigSynchro_IT                     build/stm32f1xx_hal_tim.o
HAL_TIM_TriggerCallback                           build/stm32f1xx_hal_tim.o
HAL_TIM_TriggerHalfCpltCallback                   build/stm32f1xx_hal_tim.o
HAL_UART_Abort                                    build/stm32f1xx_hal_uart.o
HAL_UART_AbortCpltCallback                        build/stm32f1xx_hal_uart.o
HAL_UART_AbortReceive                             build/stm32f1xx_hal_uart.o
HAL_UART_AbortReceiveCpltCallback                 build/stm32f1xx_hal_uart.o
HAL_UART_AbortReceive_IT                          build/stm32f1xx_hal_uart.o
HAL_UART_AbortTransmit                            build/stm32f1xx_hal_uart.o
HAL_UART_AbortTransmitCpltCallback                build/stm32f1xx_hal_uart.o
HAL_UART_AbortTransmit_IT                         build/stm32f1xx_hal_uart.o
HAL_UART_Abort_IT                                 build/stm32f1xx_hal_uart.o
HAL_UART_DMAPause                                 build/stm32f1xx_hal_uart.o
HAL_UART_DMAResume                                build/stm32f1xx_hal_uart.o
HAL_UART_DMAStop                                  build/stm32f1xx_hal_uart.o
HAL_UART_DeInit                                   build/stm32f1xx_hal_uart.o
HAL_UART_ErrorCallback                            build/stm32f1xx_hal_uart.o
HAL_UART_GetError                                 build/stm32f1xx_hal_uart.o
HAL_UART_GetState                                 build/stm32f1xx_hal_uart.o
                                                  build/main.o
HAL_UART_IRQHandler                               build/stm32f1xx_hal_uart.o
                                                  build/stm32f1xx_it.o
HAL_UART_Init                                     build/stm32f1xx_hal_uart.o
                                                  build/usart.o
HAL_UART_MspDeInit                                build/usart.o
HAL_UART_MspInit                                  build/usart.o
HAL_UART_Receive                                  build/stm32f1xx_hal_uart.o
HAL_UART_Receive_DMA                              build/stm32f1xx_hal_uart.o
HAL_UART_Receive_IT                               build/stm32f1xx_hal_uart.o
                                                  build/main.o
HAL_UART_RxCpltCallback                           build/main.o
HAL_UART_RxHalfCpltCallback                       build/stm32f1xx_hal_uart.o
HAL_UART_Transmit                                 build/stm32f1xx_hal_uart.o
                                                  build/main.o
HAL_UART_Transmit_DMA                             build/stm32f1xx_hal_uart.o
HAL_UART_Transmit_IT                              build/stm32f1xx_hal_uart.o
HAL_UART_TxCpltCallback                           build/stm32f1xx_hal_uart.o
HAL_UART_TxHalfCpltCallback                       build/stm32f1xx_hal_uart.o
HardFault_Handler                                 build/stm32f1xx_it.o
I2C1_ER_IRQHandler                                build/startup_stm32f103xb.o
I2C1_EV_IRQHandler                                build/startup_stm32f103xb.o
I2C2_ER_IRQHandler                                build/startup_stm32f103xb.o
I2C2_EV_IRQHandler                                build/startup_stm32f103xb.o
MX_GPIO_Init                                      build/gpio.o
                                                  build/main.o
MX_TIM1_Init                                      build/tim.o
                                                  build/main.o
MX_TIM2_Init                                      build/tim.o
                                                  build/main.o
MX_USART1_UART_Init                               build/usart.o
                                                  build/main.o
MemManage_Handler                                 build/stm32f1xx_it.o
NMI_Handler                                       build/stm32f1xx_it.o
PVD_IRQHandler                                    build/startup_stm32f103xb.o
PendSV_Handler                                    build/stm32f1xx_it.o
RCC_IRQHandler                                    build/startup_stm32f103xb.o
RTC_Alarm_IRQHandler                              build/startup_stm32f103xb.o
RTC_IRQHandler                                    build/startup_stm32f103xb.o
Reset_Handler                                     build/startup_stm32f103xb.o
RxBuffer                                          build/main.o
SPI1_IRQHandler                                   build/startup_stm32f103xb.o
SPI2_IRQHandler                                   build/startup_stm32f103xb.o
SVC_Handler                                       build/stm32f1xx_it.o
SysTick_Handler                                   build/stm32f1xx_it.o
SystemClock_Config                                build/main.o
SystemCoreClock                                   build/system_stm32f1xx.o
                                                  build/stm32f1xx_hal_rcc.o
                                                  build/stm32f1xx_hal.o
SystemCoreClockUpdate                             build/system_stm32f1xx.o
SystemInit                                        build/system_stm32f1xx.o
                                                  build/startup_stm32f103xb.o
TAMPER_IRQHandler                                 build/startup_stm32f103xb.o
TIM1_BRK_IRQHandler                               build/startup_stm32f103xb.o
TIM1_CC_IRQHandler                                build/startup_stm32f103xb.o
TIM1_TRG_COM_IRQHandler                           build/startup_stm32f103xb.o
TIM1_UP_IRQHandler                                build/startup_stm32f103xb.o
TIM2_IRQHandler                                   build/startup_stm32f103xb.o
TIM3_IRQHandler                                   build/startup_stm32f103xb.o
TIM4_IRQHandler                                   build/startup_stm32f103xb.o
TIMEx_DMACommutationCplt                          build/stm32f1xx_hal_tim_ex.o
                                                  build/stm32f1xx_hal_tim.o
TIMEx_DMACommutationHalfCplt                      build/stm32f1xx_hal_tim_ex.o
                                                  build/stm32f1xx_hal_tim.o
TIM_Base_SetConfig                                build/stm32f1xx_hal_tim.o
                                                  build/stm32f1xx_hal_tim_ex.o
TIM_CCxChannelCmd                                 build/stm32f1xx_hal_tim.o
                                                  build/stm32f1xx_hal_tim_ex.o
TIM_DMACaptureCplt                                build/stm32f1xx_hal_tim.o
                                                  build/stm32f1xx_hal_tim_ex.o
TIM_DMACaptureHalfCplt                            build/stm32f1xx_hal_tim.o
                                                  build/stm32f1xx_hal_tim_ex.o
TIM_DMADelayPulseHalfCplt                         build/stm32f1xx_hal_tim.o
                                                  build/stm32f1xx_hal_tim_ex.o
TIM_DMAError                                      build/stm32f1xx_hal_tim.o
                                                  build/stm32f1xx_hal_tim_ex.o
TIM_ETR_SetConfig                                 build/stm32f1xx_hal_tim.o
TIM_OC2_SetConfig                                 build/stm32f1xx_hal_tim.o
                                                  build/stm32f1xx_hal_tim_ex.o
TIM_TI1_SetConfig                                 build/stm32f1xx_hal_tim.o
                                                  build/stm32f1xx_hal_tim_ex.o
USART1_IRQHandler                                 build/stm32f1xx_it.o
USART2_IRQHandler                                 build/startup_stm32f103xb.o
USART3_IRQHandler                                 build/startup_stm32f103xb.o
USBWakeUp_IRQHandler                              build/startup_stm32f103xb.o
USB_HP_CAN1_TX_IRQHandler                         build/startup_stm32f103xb.o
USB_LP_CAN1_RX0_IRQHandler                        build/startup_stm32f103xb.o
Uart1_Rx_Cnt                                      build/main.o
UsageFault_Handler                                build/stm32f1xx_it.o
WWDG_IRQHandler                                   build/startup_stm32f103xb.o
__bss_end__                                       /usr/local/gcc-arm-none-eabi-8-2019-q3-update/bin/../lib/gcc/arm-none-eabi/8.3.1/../../../../arm-none-eabi/lib/thumb/v7-m/nofp/crt0.o
__bss_start__                                     /usr/local/gcc-arm-none-eabi-8-2019-q3-update/bin/../lib/gcc/arm-none-eabi/8.3.1/../../../../arm-none-eabi/lib/thumb/v7-m/nofp/crt0.o
__call_exitprocs                                  /usr/local/gcc-arm-none-eabi-8-2019-q3-update/bin/../lib/gcc/arm-none-eabi/8.3.1/../../../../arm-none-eabi/lib/thumb/v7-m/nofp/libc_nano.a(lib_a-exit.o)
__deregister_frame_info                           /usr/local/gcc-arm-none-eabi-8-2019-q3-update/bin/../lib/gcc/arm-none-eabi/8.3.1/thumb/v7-m/nofp/crtbegin.o
__dso_handle                                      /usr/local/gcc-arm-none-eabi-8-2019-q3-update/bin/../lib/gcc/arm-none-eabi/8.3.1/thumb/v7-m/nofp/crtbegin.o
__init_array_end                                  /usr/local/gcc-arm-none-eabi-8-2019-q3-update/bin/../lib/gcc/arm-none-eabi/8.3.1/../../../../arm-none-eabi/lib/thumb/v7-m/nofp/libc_nano.a(lib_a-init.o)
__init_array_start                                /usr/local/gcc-arm-none-eabi-8-2019-q3-update/bin/../lib/gcc/arm-none-eabi/8.3.1/../../../../arm-none-eabi/lib/thumb/v7-m/nofp/libc_nano.a(lib_a-init.o)
__libc_fini_array                                 /usr/local/gcc-arm-none-eabi-8-2019-q3-update/bin/../lib/gcc/arm-none-eabi/8.3.1/../../../../arm-none-eabi/lib/thumb/v7-m/nofp/crt0.o
__libc_init_array                                 /usr/local/gcc-arm-none-eabi-8-2019-q3-update/bin/../lib/gcc/arm-none-eabi/8.3.1/../../../../arm-none-eabi/lib/thumb/v7-m/nofp/libc_nano.a(lib_a-init.o)
                                                  build/startup_stm32f103xb.o
                                                  /usr/local/gcc-arm-none-eabi-8-2019-q3-update/bin/../lib/gcc/arm-none-eabi/8.3.1/../../../../arm-none-eabi/lib/thumb/v7-m/nofp/crt0.o
__preinit_array_end                               /usr/local/gcc-arm-none-eabi-8-2019-q3-update/bin/../lib/gcc/arm-none-eabi/8.3.1/../../../../arm-none-eabi/lib/thumb/v7-m/nofp/libc_nano.a(lib_a-init.o)
__preinit_array_start                             /usr/local/gcc-arm-none-eabi-8-2019-q3-update/bin/../lib/gcc/arm-none-eabi/8.3.1/../../../../arm-none-eabi/lib/thumb/v7-m/nofp/libc_nano.a(lib_a-init.o)
__register_frame_info                             /usr/local/gcc-arm-none-eabi-8-2019-q3-update/bin/../lib/gcc/arm-none-eabi/8.3.1/thumb/v7-m/nofp/crtbegin.o
__sf_fake_stderr                                  /usr/local/gcc-arm-none-eabi-8-2019-q3-update/bin/../lib/gcc/arm-none-eabi/8.3.1/../../../../arm-none-eabi/lib/thumb/v7-m/nofp/libc_nano.a(lib_a-impure.o)
__sf_fake_stdin                                   /usr/local/gcc-arm-none-eabi-8-2019-q3-update/bin/../lib/gcc/arm-none-eabi/8.3.1/../../../../arm-none-eabi/lib/thumb/v7-m/nofp/libc_nano.a(lib_a-impure.o)
__sf_fake_stdout                                  /usr/local/gcc-arm-none-eabi-8-2019-q3-update/bin/../lib/gcc/arm-none-eabi/8.3.1/../../../../arm-none-eabi/lib/thumb/v7-m/nofp/libc_nano.a(lib_a-impure.o)
__stack                                           /usr/local/gcc-arm-none-eabi-8-2019-q3-update/bin/../lib/gcc/arm-none-eabi/8.3.1/../../../../arm-none-eabi/lib/thumb/v7-m/nofp/crt0.o
_ebss                                             build/startup_stm32f103xb.o
_edata                                            build/startup_stm32f103xb.o
_estack                                           build/startup_stm32f103xb.o
_exit                                             /usr/local/gcc-arm-none-eabi-8-2019-q3-update/bin/../lib/gcc/arm-none-eabi/8.3.1/../../../../arm-none-eabi/lib/thumb/v7-m/nofp/libnosys.a(_exit.o)
                                                  /usr/local/gcc-arm-none-eabi-8-2019-q3-update/bin/../lib/gcc/arm-none-eabi/8.3.1/../../../../arm-none-eabi/lib/thumb/v7-m/nofp/libc_nano.a(lib_a-exit.o)
_fini                                             /usr/local/gcc-arm-none-eabi-8-2019-q3-update/bin/../lib/gcc/arm-none-eabi/8.3.1/thumb/v7-m/nofp/crti.o
_global_impure_ptr                                /usr/local/gcc-arm-none-eabi-8-2019-q3-update/bin/../lib/gcc/arm-none-eabi/8.3.1/../../../../arm-none-eabi/lib/thumb/v7-m/nofp/libc_nano.a(lib_a-impure.o)
                                                  /usr/local/gcc-arm-none-eabi-8-2019-q3-update/bin/../lib/gcc/arm-none-eabi/8.3.1/../../../../arm-none-eabi/lib/thumb/v7-m/nofp/libc_nano.a(lib_a-exit.o)
_impure_ptr                                       /usr/local/gcc-arm-none-eabi-8-2019-q3-update/bin/../lib/gcc/arm-none-eabi/8.3.1/../../../../arm-none-eabi/lib/thumb/v7-m/nofp/libc_nano.a(lib_a-impure.o)
_init                                             /usr/local/gcc-arm-none-eabi-8-2019-q3-update/bin/../lib/gcc/arm-none-eabi/8.3.1/thumb/v7-m/nofp/crti.o
                                                  /usr/local/gcc-arm-none-eabi-8-2019-q3-update/bin/../lib/gcc/arm-none-eabi/8.3.1/../../../../arm-none-eabi/lib/thumb/v7-m/nofp/libc_nano.a(lib_a-init.o)
_mainCRTStartup                                   /usr/local/gcc-arm-none-eabi-8-2019-q3-update/bin/../lib/gcc/arm-none-eabi/8.3.1/../../../../arm-none-eabi/lib/thumb/v7-m/nofp/crt0.o
_sbss                                             build/startup_stm32f103xb.o
_sdata                                            build/startup_stm32f103xb.o
_sidata                                           build/startup_stm32f103xb.o
_start                                            /usr/local/gcc-arm-none-eabi-8-2019-q3-update/bin/../lib/gcc/arm-none-eabi/8.3.1/../../../../arm-none-eabi/lib/thumb/v7-m/nofp/crt0.o
aRxBuffer                                         build/main.o
atexit                                            /usr/local/gcc-arm-none-eabi-8-2019-q3-update/bin/../lib/gcc/arm-none-eabi/8.3.1/../../../../arm-none-eabi/lib/thumb/v7-m/nofp/crt0.o
exit                                              /usr/local/gcc-arm-none-eabi-8-2019-q3-update/bin/../lib/gcc/arm-none-eabi/8.3.1/../../../../arm-none-eabi/lib/thumb/v7-m/nofp/libc_nano.a(lib_a-exit.o)
                                                  /usr/local/gcc-arm-none-eabi-8-2019-q3-update/bin/../lib/gcc/arm-none-eabi/8.3.1/../../../../arm-none-eabi/lib/thumb/v7-m/nofp/crt0.o
g_pfnVectors                                      build/startup_stm32f103xb.o
hardware_init_hook                                /usr/local/gcc-arm-none-eabi-8-2019-q3-update/bin/../lib/gcc/arm-none-eabi/8.3.1/../../../../arm-none-eabi/lib/thumb/v7-m/nofp/crt0.o
htim1                                             build/tim.o
                                                  build/main.o
htim2                                             build/tim.o
                                                  build/main.o
huart1                                            build/usart.o
                                                  build/stm32f1xx_it.o
                                                  build/main.o
main                                              build/main.o
                                                  build/startup_stm32f103xb.o
                                                  /usr/local/gcc-arm-none-eabi-8-2019-q3-update/bin/../lib/gcc/arm-none-eabi/8.3.1/../../../../arm-none-eabi/lib/thumb/v7-m/nofp/crt0.o
memset                                            /usr/local/gcc-arm-none-eabi-8-2019-q3-update/bin/../lib/gcc/arm-none-eabi/8.3.1/../../../../arm-none-eabi/lib/thumb/v7-m/nofp/libc_nano.a(lib_a-memset.o)
                                                  build/tim.o
                                                  build/main.o
                                                  /usr/local/gcc-arm-none-eabi-8-2019-q3-update/bin/../lib/gcc/arm-none-eabi/8.3.1/../../../../arm-none-eabi/lib/thumb/v7-m/nofp/crt0.o
pFlash                                            build/stm32f1xx_hal_flash.o
                                                  build/stm32f1xx_hal_flash_ex.o
software_init_hook                                /usr/local/gcc-arm-none-eabi-8-2019-q3-update/bin/../lib/gcc/arm-none-eabi/8.3.1/../../../../arm-none-eabi/lib/thumb/v7-m/nofp/crt0.o
uwTick                                            build/stm32f1xx_hal.o
uwTickFreq                                        build/stm32f1xx_hal.o
uwTickPrio                                        build/stm32f1xx_hal.o
                                                  build/stm32f1xx_hal_rcc.o
