Archive member included to satisfy reference by file (symbol)

/usr/lib/gcc/arm-none-eabi/9.2.1/../../../arm-none-eabi/lib/thumb/v7-m/nofp/libc_nano.a(lib_a-atexit.o)
                              /usr/lib/gcc/arm-none-eabi/9.2.1/../../../arm-none-eabi/lib/thumb/v7-m/nofp/crt0.o (atexit)
/usr/lib/gcc/arm-none-eabi/9.2.1/../../../arm-none-eabi/lib/thumb/v7-m/nofp/libc_nano.a(lib_a-exit.o)
                              /usr/lib/gcc/arm-none-eabi/9.2.1/../../../arm-none-eabi/lib/thumb/v7-m/nofp/crt0.o (exit)
/usr/lib/gcc/arm-none-eabi/9.2.1/../../../arm-none-eabi/lib/thumb/v7-m/nofp/libc_nano.a(lib_a-fini.o)
                              /usr/lib/gcc/arm-none-eabi/9.2.1/../../../arm-none-eabi/lib/thumb/v7-m/nofp/crt0.o (__libc_fini_array)
/usr/lib/gcc/arm-none-eabi/9.2.1/../../../arm-none-eabi/lib/thumb/v7-m/nofp/libc_nano.a(lib_a-impure.o)
                              /usr/lib/gcc/arm-none-eabi/9.2.1/../../../arm-none-eabi/lib/thumb/v7-m/nofp/libc_nano.a(lib_a-exit.o) (_global_impure_ptr)
/usr/lib/gcc/arm-none-eabi/9.2.1/../../../arm-none-eabi/lib/thumb/v7-m/nofp/libc_nano.a(lib_a-init.o)
                              /usr/lib/gcc/arm-none-eabi/9.2.1/../../../arm-none-eabi/lib/thumb/v7-m/nofp/crt0.o (__libc_init_array)
/usr/lib/gcc/arm-none-eabi/9.2.1/../../../arm-none-eabi/lib/thumb/v7-m/nofp/libc_nano.a(lib_a-memset.o)
                              /usr/lib/gcc/arm-none-eabi/9.2.1/../../../arm-none-eabi/lib/thumb/v7-m/nofp/crt0.o (memset)
/usr/lib/gcc/arm-none-eabi/9.2.1/../../../arm-none-eabi/lib/thumb/v7-m/nofp/libc_nano.a(lib_a-nano-vfprintf_float.o)
                              (_printf_float)
/usr/lib/gcc/arm-none-eabi/9.2.1/../../../arm-none-eabi/lib/thumb/v7-m/nofp/libc_nano.a(lib_a-nano-vfprintf_i.o)
                              /usr/lib/gcc/arm-none-eabi/9.2.1/../../../arm-none-eabi/lib/thumb/v7-m/nofp/libc_nano.a(lib_a-nano-vfprintf_float.o) (_printf_common)
/usr/lib/gcc/arm-none-eabi/9.2.1/../../../arm-none-eabi/lib/thumb/v7-m/nofp/libc_nano.a(lib_a-printf.o)
                              build/core.o (printf)
/usr/lib/gcc/arm-none-eabi/9.2.1/../../../arm-none-eabi/lib/thumb/v7-m/nofp/libc_nano.a(lib_a-putchar.o)
                              build/core.o (putchar)
/usr/lib/gcc/arm-none-eabi/9.2.1/../../../arm-none-eabi/lib/thumb/v7-m/nofp/libc_nano.a(lib_a-strcat.o)
                              build/core.o (strcat)
/usr/lib/gcc/arm-none-eabi/9.2.1/../../../arm-none-eabi/lib/thumb/v7-m/nofp/libc_nano.a(lib_a-strcpy.o)
                              /usr/lib/gcc/arm-none-eabi/9.2.1/../../../arm-none-eabi/lib/thumb/v7-m/nofp/libc_nano.a(lib_a-strcat.o) (strcpy)
/usr/lib/gcc/arm-none-eabi/9.2.1/../../../arm-none-eabi/lib/thumb/v7-m/nofp/libc_nano.a(lib_a-strlen-stub.o)
                              build/core.o (strlen)
/usr/lib/gcc/arm-none-eabi/9.2.1/../../../arm-none-eabi/lib/thumb/v7-m/nofp/libc_nano.a(lib_a-__atexit.o)
                              /usr/lib/gcc/arm-none-eabi/9.2.1/../../../arm-none-eabi/lib/thumb/v7-m/nofp/libc_nano.a(lib_a-atexit.o) (__register_exitproc)
/usr/lib/gcc/arm-none-eabi/9.2.1/../../../arm-none-eabi/lib/thumb/v7-m/nofp/libc_nano.a(lib_a-__call_atexit.o)
                              /usr/lib/gcc/arm-none-eabi/9.2.1/../../../arm-none-eabi/lib/thumb/v7-m/nofp/libc_nano.a(lib_a-__atexit.o) (__call_exitprocs)
/usr/lib/gcc/arm-none-eabi/9.2.1/../../../arm-none-eabi/lib/thumb/v7-m/nofp/libc_nano.a(lib_a-dtoa.o)
                              /usr/lib/gcc/arm-none-eabi/9.2.1/../../../arm-none-eabi/lib/thumb/v7-m/nofp/libc_nano.a(lib_a-nano-vfprintf_float.o) (_dtoa_r)
/usr/lib/gcc/arm-none-eabi/9.2.1/../../../arm-none-eabi/lib/thumb/v7-m/nofp/libc_nano.a(lib_a-findfp.o)
                              /usr/lib/gcc/arm-none-eabi/9.2.1/../../../arm-none-eabi/lib/thumb/v7-m/nofp/libc_nano.a(lib_a-printf.o) (__sinit)
/usr/lib/gcc/arm-none-eabi/9.2.1/../../../arm-none-eabi/lib/thumb/v7-m/nofp/libc_nano.a(lib_a-fwalk.o)
                              /usr/lib/gcc/arm-none-eabi/9.2.1/../../../arm-none-eabi/lib/thumb/v7-m/nofp/libc_nano.a(lib_a-findfp.o) (_fwalk)
/usr/lib/gcc/arm-none-eabi/9.2.1/../../../arm-none-eabi/lib/thumb/v7-m/nofp/libc_nano.a(lib_a-localeconv.o)
                              /usr/lib/gcc/arm-none-eabi/9.2.1/../../../arm-none-eabi/lib/thumb/v7-m/nofp/libc_nano.a(lib_a-nano-vfprintf_float.o) (_localeconv_r)
/usr/lib/gcc/arm-none-eabi/9.2.1/../../../arm-none-eabi/lib/thumb/v7-m/nofp/libc_nano.a(lib_a-malloc.o)
                              /usr/lib/gcc/arm-none-eabi/9.2.1/../../../arm-none-eabi/lib/thumb/v7-m/nofp/libc_nano.a(lib_a-dtoa.o) (malloc)
/usr/lib/gcc/arm-none-eabi/9.2.1/../../../arm-none-eabi/lib/thumb/v7-m/nofp/libc_nano.a(lib_a-memchr-stub.o)
                              /usr/lib/gcc/arm-none-eabi/9.2.1/../../../arm-none-eabi/lib/thumb/v7-m/nofp/libc_nano.a(lib_a-nano-vfprintf_i.o) (memchr)
/usr/lib/gcc/arm-none-eabi/9.2.1/../../../arm-none-eabi/lib/thumb/v7-m/nofp/libc_nano.a(lib_a-memcpy.o)
[...]
Memory Configuration

Name             Origin             Length             Attributes
RAM              0x0000000020000000 0x0000000000005000 xrw
FLASH            0x0000000008000000 0x0000000000010000 xr
*default*        0x0000000000000000 0xffffffffffffffff

Linker script and memory map

LOAD /usr/lib/gcc/arm-none-eabi/9.2.1/thumb/v7-m/nofp/crti.o
LOAD /usr/lib/gcc/arm-none-eabi/9.2.1/thumb/v7-m/nofp/crtbegin.o
LOAD /usr/lib/gcc/arm-none-eabi/9.2.1/../../../arm-none-eabi/lib/thumb/v7-m/nofp/crt0.o
LOAD build/main.o
LOAD build/gpio.o
LOAD build/stm32f1xx_it.o
LOAD build/stm32f1xx_hal_msp.o
LOAD build/stm32f1xx_hal_gpio_ex.o
LOAD build/stm32f1xx_hal_tim.o
LOAD build/stm32f1xx_hal_tim_ex.o
LOAD build/stm32f1xx_hal.o
LOAD build/stm32f1xx_hal_rcc.o
LOAD build/stm32f1xx_hal_rcc_ex.o
LOAD build/stm32f1xx_hal_gpio.o
LOAD build/stm32f1xx_hal_dma.o
LOAD build/stm32f1xx_hal_cortex.o
LOAD build/stm32f1xx_hal_pwr.o
LOAD build/stm32f1xx_hal_flash.o
LOAD build/stm32f1xx_hal_flash_ex.o
LOAD build/stm32f1xx_hal_exti.o
LOAD build/system_stm32f1xx.o
LOAD build/usart.o
LOAD build/ds18b20.o
LOAD build/us_delay.o
LOAD build/core.o
LOAD build/timer.o
LOAD build/stm32f1xx_hal_uart.o
LOAD build/tim.o
LOAD build/adc.o
LOAD build/stm32f1xx_hal_adc.o
LOAD build/stm32f1xx_hal_adc_ex.o
LOAD build/dma.o
LOAD build/startup_stm32f103xb.o
LOAD /usr/lib/gcc/arm-none-eabi/9.2.1/../../../arm-none-eabi/lib/thumb/v7-m/nofp/libc_nano.a
LOAD /usr/lib/gcc/arm-none-eabi/9.2.1/../../../arm-none-eabi/lib/thumb/v7-m/nofp/libm.a
LOAD /usr/lib/gcc/arm-none-eabi/9.2.1/../../../arm-none-eabi/lib/thumb/v7-m/nofp/libnosys.a
LOAD /usr/lib/gcc/arm-none-eabi/9.2.1/../../../arm-none-eabi/lib/thumb/v7-m/nofp/libc_nano.a
LOAD /usr/lib/gcc/arm-none-eabi/9.2.1/../../../arm-none-eabi/lib/thumb/v7-m/nofp/librdimon_nano.a
START GROUP
LOAD /usr/lib/gcc/arm-none-eabi/9.2.1/thumb/v7-m/nofp/libgcc.a
LOAD /usr/lib/gcc/arm-none-eabi/9.2.1/../../../arm-none-eabi/lib/thumb/v7-m/nofp/libc_nano.a
END GROUP
START GROUP
LOAD /usr/lib/gcc/arm-none-eabi/9.2.1/thumb/v7-m/nofp/libgcc.a
LOAD /usr/lib/gcc/arm-none-eabi/9.2.1/../../../arm-none-eabi/lib/thumb/v7-m/nofp/libc_nano.a
END GROUP
LOAD /usr/lib/gcc/arm-none-eabi/9.2.1/thumb/v7-m/nofp/crtend.o
LOAD /usr/lib/gcc/arm-none-eabi/9.2.1/thumb/v7-m/nofp/crtn.o
                0x0000000020005000                _estack = 0x20005000
                0x0000000000000200                _Min_Heap_Size = 0x200
                0x0000000000000400                _Min_Stack_Size = 0x400

.isr_vector     0x0000000008000000      0x10c
                0x0000000008000000                . = ALIGN (0x4)
 *(.isr_vector)
 .isr_vector    0x0000000008000000      0x10c build/startup_stm32f103xb.o
                0x0000000008000000                g_pfnVectors
                0x000000000800010c                . = ALIGN (0x4)

.text           0x0000000008000110     0x81a8
                0x0000000008000110                . = ALIGN (0x4)
 *(.text)
 .text          0x0000000008000110       0x88 /usr/lib/gcc/arm-none-eabi/9.2.1/thumb/v7-m/nofp/crtbegin.o
 .text          0x0000000008000198       0x48 /usr/lib/gcc/arm-none-eabi/9.2.1/../../../arm-none-eabi/lib/thumb/v7-m/nofp/libc_nano.a(lib_a-init.o)
                0x0000000008000198                __libc_init_array
 .text          0x00000000080001e0       0xa0 /usr/lib/gcc/arm-none-eabi/9.2.1/../../../arm-none-eabi/lib/thumb/v7-m/nofp/libc_nano.a(lib_a-memset.o)
                0x00000000080001e0                memset
 .text          0x0000000008000280      0x6e0 /usr/lib/gcc/arm-none-eabi/9.2.1/../../../arm-none-eabi/lib/thumb/v7-m/nofp/libc_nano.a(lib_a-nano-vfprintf_float.o)
                0x0000000008000280                __cvt
                0x0000000008000374                __exponent
                0x0000000008000404                _printf_float
 .text          0x0000000008000960      0x3bc /usr/lib/gcc/arm-none-eabi/9.2.1/../../../arm-none-eabi/lib/thumb/v7-m/nofp/libc_nano.a(lib_a-nano-vfprintf_i.o)
                0x0000000008000960                _printf_common
                0x0000000008000a88                _printf_i
 .text          0x0000000008000d1c       0x68 /usr/lib/gcc/arm-none-eabi/9.2.1/../../../arm-none-eabi/lib/thumb/v7-m/nofp/libc_nano.a(lib_a-printf.o)
                0x0000000008000d1c                _printf_r
                0x0000000008000d1c                _iprintf_r
                0x0000000008000d4c                printf
                0x0000000008000d4c                iprintf
 .text          0x0000000008000d84       0x58 /usr/lib/gcc/arm-none-eabi/9.2.1/../../../arm-none-eabi/lib/thumb/v7-m/nofp/libc_nano.a(lib_a-putchar.o)
                0x0000000008000d84                _putchar_r
                0x0000000008000da8                putchar
 .text          0x0000000008000ddc       0x40 /usr/lib/gcc/arm-none-eabi/9.2.1/../../../arm-none-eabi/lib/thumb/v7-m/nofp/libc_nano.a(lib_a-strcat.o)
                0x0000000008000ddc                strcat
 .text          0x0000000008000e1c       0xbc /usr/lib/gcc/arm-none-eabi/9.2.1/../../../arm-none-eabi/lib/thumb/v7-m/nofp/libc_nano.a(lib_a-strcpy.o)
                0x0000000008000e1c                strcpy
 .text          0x0000000008000ed8       0x5c /usr/lib/gcc/arm-none-eabi/9.2.1/../../../arm-none-eabi/lib/thumb/v7-m/nofp/libc_nano.a(lib_a-strlen-stub.o)
                0x0000000008000ed8                strlen
 *fill*         0x0000000008000f34        0x4 
 .text          0x0000000008000f38     0x1048 /usr/lib/gcc/arm-none-eabi/9.2.1/../../../arm-none-eabi/lib/thumb/v7-m/nofp/libc_nano.a(lib_a-dtoa.o)
                0x0000000008001064                _dtoa_r
 .text          0x0000000008001f80      0x210 /usr/lib/gcc/arm-none-eabi/9.2.1/../../../arm-none-eabi/lib/thumb/v7-m/nofp/libc_nano.a(lib_a-findfp.o)
                0x0000000008001f84                _cleanup_r
                0x0000000008001f94                __sfmoreglue
                0x0000000008001fc4                __sfp
                0x000000000800213c                _cleanup
                0x0000000008002150                __sinit
                0x0000000008002158                __sfp_lock_acquire
                0x000000000800215c                __sfp_lock_release
                0x0000000008002160                __sinit_lock_acquire
                0x0000000008002164                __sinit_lock_release
                0x0000000008002168                __fp_lock_all
                0x000000000800217c                __fp_unlock_all
 .text          0x0000000008002190       0x98 /usr/lib/gcc/arm-none-eabi/9.2.1/../../../arm-none-eabi/lib/thumb/v7-m/nofp/libc_nano.a(lib_a-fwalk.o)
                0x0000000008002190                _fwalk
                0x00000000080021d8                _fwalk_reent
 .text          0x0000000008002228       0x14 /usr/lib/gcc/arm-none-eabi/9.2.1/../../../arm-none-eabi/lib/thumb/v7-m/nofp/libc_nano.a(lib_a-localeconv.o)
                0x0000000008002228                __localeconv_l
                0x000000000800222c                _localeconv_r
                0x0000000008002234                localeconv
 .text          0x000000000800223c       0x20 /usr/lib/gcc/arm-none-eabi/9.2.1/../../../arm-none-eabi/lib/thumb/v7-m/nofp/libc_nano.a(lib_a-malloc.o)
                0x000000000800223c                malloc
                0x000000000800224c                free
 .text          0x000000000800225c       0x8c /usr/lib/gcc/arm-none-eabi/9.2.1/../../../arm-none-eabi/lib/thumb/v7-m/nofp/libc_nano.a(lib_a-memchr-stub.o)
                0x000000000800225c                memchr
 .text          0x00000000080022e8       0xec /usr/lib/gcc/arm-none-eabi/9.2.1/../../../arm-none-eabi/lib/thumb/v7-m/nofp/libc_nano.a(lib_a-memcpy.o)
                0x00000000080022e8                memcpy
 .text          0x00000000080023d4      0xa08 /usr/lib/gcc/arm-none-eabi/9.2.1/../../../arm-none-eabi/lib/thumb/v7-m/nofp/libc_nano.a(lib_a-mprec.o)
                0x00000000080023d4                _Balloc
                0x0000000008002454                _Bfree
                0x00000000080024a0                __multadd
                0x0000000008002540                __s2b
                0x00000000080025ec                __hi0bits
                0x000000000800262c                __lo0bits
                0x000000000800268c                __i2b
                0x00000000080026b8                __multiply
                0x0000000008002804                __pow5mult
                0x00000000080028c8                __lshift
                0x0000000008002990                __mcmp
                0x00000000080029c8                __mdiff
                0x0000000008002af0                __ulp
                0x0000000008002b30                __b2d
                0x0000000008002bec                __d2b
                0x0000000008002cb0                __ratio
                0x0000000008002d08                _mprec_log10
                0x0000000008002d40                __copybits
                0x0000000008002d88                __any_on
 .text          0x0000000008002ddc       0x1c /usr/lib/gcc/arm-none-eabi/9.2.1/../../../arm-none-eabi/lib/thumb/v7-m/nofp/libc_nano.a(lib_a-nano-callocr.o)
                0x0000000008002ddc                _calloc_r
 .text          0x0000000008002df8       0xa8 /usr/lib/gcc/arm-none-eabi/9.2.1/../../../arm-none-eabi/lib/thumb/v7-m/nofp/libc_nano.a(lib_a-nano-freer.o)
                0x0000000008002df8                _free_r
 .text          0x0000000008002ea0       0xc8 /usr/lib/gcc/arm-none-eabi/9.2.1/../../../arm-none-eabi/lib/thumb/v7-m/nofp/libc_nano.a(lib_a-nano-mallocr.o)
                0x0000000008002ea0                _malloc_r
 .text          0x0000000008002f68      0x364 /usr/lib/gcc/arm-none-eabi/9.2.1/../../../arm-none-eabi/lib/thumb/v7-m/nofp/libc_nano.a(lib_a-nano-vfprintf.o)
                0x0000000008002fa0                __sfputs_r
                0x0000000008002fd0                __sprint_r
                0x0000000008002fec                _vfiprintf_r
                0x0000000008002fec                _vfprintf_r
                0x00000000080032b4                vfiprintf
                0x00000000080032b4                vfprintf
 .text          0x00000000080032cc      0x10c /usr/lib/gcc/arm-none-eabi/9.2.1/../../../arm-none-eabi/lib/thumb/v7-m/nofp/libc_nano.a(lib_a-putc.o)
                0x00000000080032cc                _putc_r
                0x000000000800334c                putc
 .text          0x00000000080033d8       0x24 /usr/lib/gcc/arm-none-eabi/9.2.1/../../../arm-none-eabi/lib/thumb/v7-m/nofp/libc_nano.a(lib_a-sbrkr.o)
                0x00000000080033d8                _sbrk_r
 .text          0x00000000080033fc       0x90 /usr/lib/gcc/arm-none-eabi/9.2.1/../../../arm-none-eabi/lib/thumb/v7-m/nofp/libc_nano.a(lib_a-stdio.o)
                0x00000000080033fc                __sread
                0x0000000008003420                __seofread
                0x0000000008003424                __swrite
                0x0000000008003464                __sseek
                0x0000000008003484                __sclose
 .text          0x000000000800348c       0xc0 /usr/lib/gcc/arm-none-eabi/9.2.1/../../../arm-none-eabi/lib/thumb/v7-m/nofp/libc_nano.a(lib_a-wbuf.o)
                0x000000000800348c                __swbuf_r
                0x000000000800353c                __swbuf
 .text          0x000000000800354c       0x2c /usr/lib/gcc/arm-none-eabi/9.2.1/../../../arm-none-eabi/lib/thumb/v7-m/nofp/libc_nano.a(lib_a-writer.o)
                0x000000000800354c                _write_r
 .text          0x0000000008003578      0x100 /usr/lib/gcc/arm-none-eabi/9.2.1/../../../arm-none-eabi/lib/thumb/v7-m/nofp/libc_nano.a(lib_a-wsetup.o)
                0x0000000008003578                __swsetup_r
 .text          0x0000000008003678       0x48 /usr/lib/gcc/arm-none-eabi/9.2.1/../../../arm-none-eabi/lib/thumb/v7-m/nofp/libc_nano.a(lib_a-assert.o)
                0x0000000008003678                __assert_func
                0x00000000080036b4                __assert
 .text          0x00000000080036c0       0x24 /usr/lib/gcc/arm-none-eabi/9.2.1/../../../arm-none-eabi/lib/thumb/v7-m/nofp/libc_nano.a(lib_a-closer.o)
                0x00000000080036c0                _close_r
 .text          0x00000000080036e4      0x1b0 /usr/lib/gcc/arm-none-eabi/9.2.1/../../../arm-none-eabi/lib/thumb/v7-m/nofp/libc_nano.a(lib_a-fflush.o)
                0x00000000080036e4                __sflush_r
                0x0000000008003810                _fflush_r
                0x0000000008003870                fflush
 .text          0x0000000008003894       0x48 /usr/lib/gcc/arm-none-eabi/9.2.1/../../../arm-none-eabi/lib/thumb/v7-m/nofp/libc_nano.a(lib_a-fprintf.o)
                0x0000000008003894                _fprintf_r
                0x0000000008003894                _fiprintf_r
                0x00000000080038b4                fprintf
                0x00000000080038b4                fiprintf
 .text          0x00000000080038dc      0x300 /usr/lib/gcc/arm-none-eabi/9.2.1/../../../arm-none-eabi/lib/thumb/v7-m/nofp/libc_nano.a(lib_a-fvwrite.o)
                0x00000000080038dc                __sfvwrite_r
 .text          0x0000000008003bdc       0x2c /usr/lib/gcc/arm-none-eabi/9.2.1/../../../arm-none-eabi/lib/thumb/v7-m/nofp/libc_nano.a(lib_a-lseekr.o)
                0x0000000008003bdc                _lseek_r
 .text          0x0000000008003c08       0xf0 /usr/lib/gcc/arm-none-eabi/9.2.1/../../../arm-none-eabi/lib/thumb/v7-m/nofp/libc_nano.a(lib_a-makebuf.o)
                0x0000000008003c08                __swhatbuf_r
                0x0000000008003c64                __smakebuf_r
 .text          0x0000000008003cf8       0x40 /usr/lib/gcc/arm-none-eabi/9.2.1/../../../arm-none-eabi/lib/thumb/v7-m/nofp/libc_nano.a(lib_a-mbtowc_r.o)
                0x0000000008003cf8                _mbtowc_r
                0x0000000008003d0c                __ascii_mbtowc
 .text          0x0000000008003d38       0xcc /usr/lib/gcc/arm-none-eabi/9.2.1/../../../arm-none-eabi/lib/thumb/v7-m/nofp/libc_nano.a(lib_a-memmove.o)
                0x0000000008003d38                memmove
 .text          0x0000000008003e04        0x8 /usr/lib/gcc/arm-none-eabi/9.2.1/../../../arm-none-eabi/lib/thumb/v7-m/nofp/libc_nano.a(lib_a-mlock.o)
                0x0000000008003e04                __malloc_lock
                0x0000000008003e08                __malloc_unlock
 .text          0x0000000008003e0c       0x4c /usr/lib/gcc/arm-none-eabi/9.2.1/../../../arm-none-eabi/lib/thumb/v7-m/nofp/libc_nano.a(lib_a-nano-reallocr.o)
                0x0000000008003e0c                _realloc_r
 .text          0x0000000008003e58       0x2c /usr/lib/gcc/arm-none-eabi/9.2.1/../../../arm-none-eabi/lib/thumb/v7-m/nofp/libc_nano.a(lib_a-readr.o)
                0x0000000008003e58                _read_r
 .text          0x0000000008003e84       0x30 /usr/lib/gcc/arm-none-eabi/9.2.1/../../../arm-none-eabi/lib/thumb/v7-m/nofp/libc_nano.a(lib_a-wctomb_r.o)
                0x0000000008003e84                _wctomb_r
                0x0000000008003e98                __ascii_wctomb
 .text          0x0000000008003eb4       0x10 /usr/lib/gcc/arm-none-eabi/9.2.1/../../../arm-none-eabi/lib/thumb/v7-m/nofp/libc_nano.a(lib_a-abort.o)
                0x0000000008003eb4                abort
 .text          0x0000000008003ec4       0x28 /usr/lib/gcc/arm-none-eabi/9.2.1/../../../arm-none-eabi/lib/thumb/v7-m/nofp/libc_nano.a(lib_a-fstatr.o)
                0x0000000008003ec4                _fstat_r
 .text          0x0000000008003eec       0x24 /usr/lib/gcc/arm-none-eabi/9.2.1/../../../arm-none-eabi/lib/thumb/v7-m/nofp/libc_nano.a(lib_a-isattyr.o)
                0x0000000008003eec                _isatty_r
 .text          0x0000000008003f10       0x10 /usr/lib/gcc/arm-none-eabi/9.2.1/../../../arm-none-eabi/lib/thumb/v7-m/nofp/libc_nano.a(lib_a-nano-msizer.o)
                0x0000000008003f10                _malloc_usable_size_r
 .text          0x0000000008003f20      0x150 /usr/lib/gcc/arm-none-eabi/9.2.1/../../../arm-none-eabi/lib/thumb/v7-m/nofp/libc_nano.a(lib_a-signal.o)
                0x0000000008003f48                _init_signal_r
                0x0000000008003f54                _signal_r
                0x0000000008003f88                _raise_r
                0x0000000008003fdc                __sigtramp_r
                0x000000000800402c                raise
                0x000000000800403c                signal
                0x000000000800404c                _init_signal
                0x0000000008004060                __sigtramp
 .text          0x0000000008004070       0x2c /usr/lib/gcc/arm-none-eabi/9.2.1/../../../arm-none-eabi/lib/thumb/v7-m/nofp/libc_nano.a(lib_a-signalr.o)
                0x0000000008004070                _kill_r
                0x0000000008004098                _getpid_r
 .text          0x000000000800409c       0x10 /usr/lib/gcc/arm-none-eabi/9.2.1/../../../arm-none-eabi/lib/thumb/v7-m/nofp/libnosys.a(close.o)
                0x000000000800409c                _close
 .text          0x00000000080040ac       0x10 /usr/lib/gcc/arm-none-eabi/9.2.1/../../../arm-none-eabi/lib/thumb/v7-m/nofp/libnosys.a(fstat.o)
                0x00000000080040ac                _fstat
 .text          0x00000000080040bc       0x10 /usr/lib/gcc/arm-none-eabi/9.2.1/../../../arm-none-eabi/lib/thumb/v7-m/nofp/libnosys.a(getpid.o)
                0x00000000080040bc                _getpid
 .text          0x00000000080040cc       0x10 /usr/lib/gcc/arm-none-eabi/9.2.1/../../../arm-none-eabi/lib/thumb/v7-m/nofp/libnosys.a(isatty.o)
                0x00000000080040cc                _isatty
 .text          0x00000000080040dc       0x10 /usr/lib/gcc/arm-none-eabi/9.2.1/../../../arm-none-eabi/lib/thumb/v7-m/nofp/libnosys.a(kill.o)
                0x00000000080040dc                _kill
 .text          0x00000000080040ec       0x10 /usr/lib/gcc/arm-none-eabi/9.2.1/../../../arm-none-eabi/lib/thumb/v7-m/nofp/libnosys.a(lseek.o)
                0x00000000080040ec                _lseek
 .text          0x00000000080040fc       0x10 /usr/lib/gcc/arm-none-eabi/9.2.1/../../../arm-none-eabi/lib/thumb/v7-m/nofp/libnosys.a(read.o)
                0x00000000080040fc                _read
 .text          0x000000000800410c       0x1c /usr/lib/gcc/arm-none-eabi/9.2.1/../../../arm-none-eabi/lib/thumb/v7-m/nofp/libnosys.a(sbrk.o)
                0x000000000800410c                _sbrk
 .text          0x0000000008004128        0x4 /usr/lib/gcc/arm-none-eabi/9.2.1/../../../arm-none-eabi/lib/thumb/v7-m/nofp/libnosys.a(_exit.o)
                0x0000000008004128                _exit
 .text          0x000000000800412c      0x168 /usr/lib/gcc/arm-none-eabi/9.2.1/thumb/v7-m/nofp/libgcc.a(_arm_mulsf3.o)
                0x000000000800412c                __mulsf3
                0x000000000800412c                __aeabi_fmul
 .text          0x0000000008004294      0x378 /usr/lib/gcc/arm-none-eabi/9.2.1/thumb/v7-m/nofp/libgcc.a(_arm_addsubdf3.o)
                0x0000000008004294                __aeabi_drsub
                0x000000000800429c                __aeabi_dsub
                0x000000000800429c                __subdf3
                0x00000000080042a0                __adddf3
                0x00000000080042a0                __aeabi_dadd
                0x0000000008004518                __aeabi_ui2d
                0x0000000008004518                __floatunsidf
                0x0000000008004538                __floatsidf
                0x0000000008004538                __aeabi_i2d
                0x000000000800455c                __extendsfdf2
                0x000000000800455c                __aeabi_f2d
                0x00000000080045a0                __aeabi_ul2d
                0x00000000080045a0                __floatundidf
                0x00000000080045b0                __floatdidf
                0x00000000080045b0                __aeabi_l2d
 .text          0x000000000800460c      0x424 /usr/lib/gcc/arm-none-eabi/9.2.1/thumb/v7-m/nofp/libgcc.a(_arm_muldivdf3.o)
                0x000000000800460c                __aeabi_dmul
                0x000000000800460c                __muldf3
                0x0000000008004860                __aeabi_ddiv
                0x0000000008004860                __divdf3
 .text          0x0000000008004a30      0x110 /usr/lib/gcc/arm-none-eabi/9.2.1/thumb/v7-m/nofp/libgcc.a(_arm_cmpdf2.o)
                0x0000000008004a30                __gtdf2
                0x0000000008004a30                __gedf2
                0x0000000008004a38                __ltdf2
                0x0000000008004a38                __ledf2
                0x0000000008004a40                __cmpdf2
                0x0000000008004a40                __eqdf2
                0x0000000008004a40                __nedf2
                0x0000000008004abc                __aeabi_cdrcmple
                0x0000000008004acc                __aeabi_cdcmple
                0x0000000008004acc                __aeabi_cdcmpeq
                0x0000000008004adc                __aeabi_dcmpeq
                0x0000000008004af0                __aeabi_dcmplt
                0x0000000008004b04                __aeabi_dcmple
                0x0000000008004b18                __aeabi_dcmpge
                0x0000000008004b2c                __aeabi_dcmpgt
 .text          0x0000000008004b40       0x2c /usr/lib/gcc/arm-none-eabi/9.2.1/thumb/v7-m/nofp/libgcc.a(_arm_unorddf2.o)
                0x0000000008004b40                __aeabi_dcmpun
                0x0000000008004b40                __unorddf2
 .text          0x0000000008004b6c       0x50 /usr/lib/gcc/arm-none-eabi/9.2.1/thumb/v7-m/nofp/libgcc.a(_arm_fixdfsi.o)
                0x0000000008004b6c                __fixdfsi
                0x0000000008004b6c                __aeabi_d2iz
 .text          0x0000000008004bbc      0x21c /usr/lib/gcc/arm-none-eabi/9.2.1/thumb/v7-m/nofp/libgcc.a(_arm_addsubsf3.o)
                0x0000000008004bbc                __aeabi_frsub
                0x0000000008004bc4                __subsf3
                0x0000000008004bc4                __aeabi_fsub
                0x0000000008004bc8                __aeabi_fadd
                0x0000000008004bc8                __addsf3
                0x0000000008004d28                __aeabi_ui2f
                0x0000000008004d28                __floatunsisf
                0x0000000008004d30                __aeabi_i2f
                0x0000000008004d30                __floatsisf
                0x0000000008004d4c                __floatundisf
                0x0000000008004d4c                __aeabi_ul2f
                0x0000000008004d5c                __floatdisf
                0x0000000008004d5c                __aeabi_l2f
 .text          0x0000000008004dd8       0x4c /usr/lib/gcc/arm-none-eabi/9.2.1/thumb/v7-m/nofp/libgcc.a(_arm_fixsfsi.o)
                0x0000000008004dd8                __fixsfsi
                0x0000000008004dd8                __aeabi_f2iz
 *(.text*)
 .text._write   0x0000000008004e24       0x18 build/main.o
                0x0000000008004e24                _write
 .text.SystemClock_Config
                0x0000000008004e3c       0x5c build/main.o
                0x0000000008004e3c                SystemClock_Config
 .text.main     0x0000000008004e98       0x6c build/main.o
                0x0000000008004e98                main
 .text.HAL_UART_RxCpltCallback
                0x0000000008004f04       0x2c build/main.o
                0x0000000008004f04                HAL_UART_RxCpltCallback
 .text.Error_Handler
                0x0000000008004f30        0x2 build/main.o
                0x0000000008004f30                Error_Handler
 *fill*         0x0000000008004f32        0x2 
 .text.MX_GPIO_Init
                0x0000000008004f34       0xd8 build/gpio.o
                0x0000000008004f34                MX_GPIO_Init
 .text.NMI_Handler
                0x000000000800500c        0x2 build/stm32f1xx_it.o
                0x000000000800500c                NMI_Handler
 .text.HardFault_Handler
                0x000000000800500e        0x2 build/stm32f1xx_it.o
                0x000000000800500e                HardFault_Handler
 .text.MemManage_Handler
                0x0000000008005010        0x2 build/stm32f1xx_it.o
                0x0000000008005010                MemManage_Handler
 .text.BusFault_Handler
                0x0000000008005012        0x2 build/stm32f1xx_it.o
                0x0000000008005012                BusFault_Handler
 .text.UsageFault_Handler
                0x0000000008005014        0x2 build/stm32f1xx_it.o
                0x0000000008005014                UsageFault_Handler
 .text.SVC_Handler
                0x0000000008005016        0x2 build/stm32f1xx_it.o
                0x0000000008005016                SVC_Handler
 .text.DebugMon_Handler
                0x0000000008005018        0x2 build/stm32f1xx_it.o
                0x0000000008005018                DebugMon_Handler
 .text.PendSV_Handler
                0x000000000800501a        0x2 build/stm32f1xx_it.o
                0x000000000800501a                PendSV_Handler
 .text.SysTick_Handler
                0x000000000800501c        0x8 build/stm32f1xx_it.o
                0x000000000800501c                SysTick_Handler
 .text.DMA1_Channel1_IRQHandler
                0x0000000008005024       0x10 build/stm32f1xx_it.o
                0x0000000008005024                DMA1_Channel1_IRQHandler
 .text.TIM3_IRQHandler
                0x0000000008005034       0x10 build/stm32f1xx_it.o
                0x0000000008005034                TIM3_IRQHandler
 .text.TIM4_IRQHandler
                0x0000000008005044       0x10 build/stm32f1xx_it.o
                0x0000000008005044                TIM4_IRQHandler
 .text.USART1_IRQHandler
                0x0000000008005054       0x10 build/stm32f1xx_it.o
                0x0000000008005054                USART1_IRQHandler
 .text.HAL_MspInit
                0x0000000008005064       0x44 build/stm32f1xx_hal_msp.o
                0x0000000008005064                HAL_MspInit
 .text.HAL_TIM_PWM_MspInit
                0x00000000080050a8        0x2 build/stm32f1xx_hal_tim.o
                0x00000000080050a8                HAL_TIM_PWM_MspInit
 .text.HAL_TIM_PeriodElapsedCallback
                0x00000000080050aa        0x2 build/stm32f1xx_hal_tim.o
                0x00000000080050aa                HAL_TIM_PeriodElapsedCallback
 .text.HAL_TIM_PeriodElapsedHalfCpltCallback
                0x00000000080050ac        0x2 build/stm32f1xx_hal_tim.o
                0x00000000080050ac                HAL_TIM_PeriodElapsedHalfCpltCallback
 .text.HAL_TIM_OC_DelayElapsedCallback
                0x00000000080050ae        0x2 build/stm32f1xx_hal_tim.o
                0x00000000080050ae                HAL_TIM_OC_DelayElapsedCallback
 .text.HAL_TIM_IC_CaptureCallback
                0x00000000080050b0        0x2 build/stm32f1xx_hal_tim.o
                0x00000000080050b0                HAL_TIM_IC_CaptureCallback
 .text.HAL_TIM_IC_CaptureHalfCpltCallback
                0x00000000080050b2        0x2 build/stm32f1xx_hal_tim.o
                0x00000000080050b2                HAL_TIM_IC_CaptureHalfCpltCallback
 .text.HAL_TIM_PWM_PulseFinishedCallback
                0x00000000080050b4        0x2 build/stm32f1xx_hal_tim.o
                0x00000000080050b4                HAL_TIM_PWM_PulseFinishedCallback
 .text.HAL_TIM_PWM_PulseFinishedHalfCpltCallback
                0x00000000080050b6        0x2 build/stm32f1xx_hal_tim.o
                0x00000000080050b6                HAL_TIM_PWM_PulseFinishedHalfCpltCallback
 .text.HAL_TIM_TriggerCallback
                0x00000000080050b8        0x2 build/stm32f1xx_hal_tim.o
                0x00000000080050b8                HAL_TIM_TriggerCallback
 .text.HAL_TIM_TriggerHalfCpltCallback
                0x00000000080050ba        0x2 build/stm32f1xx_hal_tim.o
                0x00000000080050ba                HAL_TIM_TriggerHalfCpltCallback
 .text.HAL_TIM_ErrorCallback
                0x00000000080050bc        0x2 build/stm32f1xx_hal_tim.o
                0x00000000080050bc                HAL_TIM_ErrorCallback
 *fill*         0x00000000080050be        0x2 
 .text.TIM_OC1_SetConfig
                0x00000000080050c0       0x5c build/stm32f1xx_hal_tim.o
 .text.TIM_OC3_SetConfig
                0x000000000800511c       0x64 build/stm32f1xx_hal_tim.o
 .text.TIM_OC4_SetConfig
                0x0000000008005180       0x48 build/stm32f1xx_hal_tim.o
 .text.TIM_TI1_ConfigInputStage
                0x00000000080051c8       0x24 build/stm32f1xx_hal_tim.o
 .text.TIM_TI2_ConfigInputStage
                0x00000000080051ec       0x26 build/stm32f1xx_hal_tim.o
 .text.TIM_ITRx_SetConfig
                0x0000000008005212       0x10 build/stm32f1xx_hal_tim.o
 *fill*         0x0000000008005222        0x2 
 .text.HAL_TIM_Base_Start_IT
                0x0000000008005224       0x68 build/stm32f1xx_hal_tim.o
                0x0000000008005224                HAL_TIM_Base_Start_IT
 .text.HAL_TIM_IRQHandler
                0x000000000800528c      0x196 build/stm32f1xx_hal_tim.o
                0x000000000800528c                HAL_TIM_IRQHandler
 .text.HAL_TIM_RegisterCallback
                0x0000000008005422      0x17a build/stm32f1xx_hal_tim.o
                0x0000000008005422                HAL_TIM_RegisterCallback
 .text.TIM_Base_SetConfig
                0x000000000800559c       0x74 build/stm32f1xx_hal_tim.o
                0x000000000800559c                TIM_Base_SetConfig
 .text.TIM_OC2_SetConfig
                0x0000000008005610       0x64 build/stm32f1xx_hal_tim.o
                0x0000000008005610                TIM_OC2_SetConfig
 .text.HAL_TIM_PWM_ConfigChannel
                0x0000000008005674       0xd0 build/stm32f1xx_hal_tim.o
                0x0000000008005674                HAL_TIM_PWM_ConfigChannel
 .text.TIM_ETR_SetConfig
                0x0000000008005744       0x16 build/stm32f1xx_hal_tim.o
                0x0000000008005744                TIM_ETR_SetConfig
 .text.HAL_TIM_ConfigClockSource
                0x000000000800575a       0xda build/stm32f1xx_hal_tim.o
                0x000000000800575a                HAL_TIM_ConfigClockSource
 .text.TIM_CCxChannelCmd
                0x0000000008005834       0x22 build/stm32f1xx_hal_tim.o
                0x0000000008005834                TIM_CCxChannelCmd
 *fill*         0x0000000008005856        0x2 
 .text.HAL_TIM_PWM_Start
                0x0000000008005858       0xdc build/stm32f1xx_hal_tim.o
                0x0000000008005858                HAL_TIM_PWM_Start
 .text.TIM_ResetCallback
                0x0000000008005934       0x84 build/stm32f1xx_hal_tim.o
                0x0000000008005934                TIM_ResetCallback
 .text.HAL_TIM_Base_Init
                0x00000000080059b8       0x6c build/stm32f1xx_hal_tim.o
                0x00000000080059b8                HAL_TIM_Base_Init
 .text.HAL_TIM_PWM_Init
                0x0000000008005a24       0x6c build/stm32f1xx_hal_tim.o
                0x0000000008005a24                HAL_TIM_PWM_Init
 .text.HAL_TIMEx_MasterConfigSynchronization
                0x0000000008005a90       0x68 build/stm32f1xx_hal_tim_ex.o
                0x0000000008005a90                HAL_TIMEx_MasterConfigSynchronization
 .text.HAL_TIMEx_ConfigBreakDeadTime
                0x0000000008005af8       0x52 build/stm32f1xx_hal_tim_ex.o
                0x0000000008005af8                HAL_TIMEx_ConfigBreakDeadTime
 .text.HAL_TIMEx_CommutCallback
                0x0000000008005b4a        0x2 build/stm32f1xx_hal_tim_ex.o
                0x0000000008005b4a                HAL_TIMEx_CommutCallback
 .text.HAL_TIMEx_CommutHalfCpltCallback
                0x0000000008005b4c        0x2 build/stm32f1xx_hal_tim_ex.o
                0x0000000008005b4c                HAL_TIMEx_CommutHalfCpltCallback
 .text.HAL_TIMEx_BreakCallback
                0x0000000008005b4e        0x2 build/stm32f1xx_hal_tim_ex.o
                0x0000000008005b4e                HAL_TIMEx_BreakCallback
 .text.HAL_InitTick
                0x0000000008005b50       0x4c build/stm32f1xx_hal.o
                0x0000000008005b50                HAL_InitTick
 .text.HAL_Init
                0x0000000008005b9c       0x24 build/stm32f1xx_hal.o
                0x0000000008005b9c                HAL_Init
 .text.HAL_IncTick
                0x0000000008005bc0       0x18 build/stm32f1xx_hal.o
                0x0000000008005bc0                HAL_IncTick
 .text.HAL_GetTick
                0x0000000008005bd8        0xc build/stm32f1xx_hal.o
                0x0000000008005bd8                HAL_GetTick
 .text.HAL_Delay
                0x0000000008005be4       0x28 build/stm32f1xx_hal.o
                0x0000000008005be4                HAL_Delay
 .text.RCC_Delay
                0x0000000008005c0c       0x2c build/stm32f1xx_hal_rcc.o
 .text.HAL_RCC_OscConfig
                0x0000000008005c38      0x410 build/stm32f1xx_hal_rcc.o
                0x0000000008005c38                HAL_RCC_OscConfig
 .text.HAL_RCC_GetSysClockFreq
                0x0000000008006048       0x6c build/stm32f1xx_hal_rcc.o
                0x0000000008006048                HAL_RCC_GetSysClockFreq
 .text.HAL_RCC_ClockConfig
                0x00000000080060b4      0x16c build/stm32f1xx_hal_rcc.o
                0x00000000080060b4                HAL_RCC_ClockConfig
 .text.HAL_RCC_GetHCLKFreq
                0x0000000008006220        0xc build/stm32f1xx_hal_rcc.o
                0x0000000008006220                HAL_RCC_GetHCLKFreq
 .text.HAL_RCC_GetPCLK1Freq
                0x000000000800622c       0x20 build/stm32f1xx_hal_rcc.o
                0x000000000800622c                HAL_RCC_GetPCLK1Freq
 .text.HAL_RCC_GetPCLK2Freq
                0x000000000800624c       0x20 build/stm32f1xx_hal_rcc.o
                0x000000000800624c                HAL_RCC_GetPCLK2Freq
 .text.HAL_RCCEx_PeriphCLKConfig
                0x000000000800626c      0x114 build/stm32f1xx_hal_rcc_ex.o
                0x000000000800626c                HAL_RCCEx_PeriphCLKConfig
 .text.HAL_RCCEx_GetPeriphCLKFreq
                0x0000000008006380       0xf4 build/stm32f1xx_hal_rcc_ex.o
                0x0000000008006380                HAL_RCCEx_GetPeriphCLKFreq
 .text.HAL_GPIO_Init
                0x0000000008006474      0x220 build/stm32f1xx_hal_gpio.o
                0x0000000008006474                HAL_GPIO_Init
 .text.HAL_GPIO_ReadPin
                0x0000000008006694        0xe build/stm32f1xx_hal_gpio.o
                0x0000000008006694                HAL_GPIO_ReadPin
 .text.HAL_GPIO_WritePin
                0x00000000080066a2        0xc build/stm32f1xx_hal_gpio.o
                0x00000000080066a2                HAL_GPIO_WritePin
 *fill*         0x00000000080066ae        0x2 
 .text.HAL_DMA_Init
                0x00000000080066b0       0x6c build/stm32f1xx_hal_dma.o
                0x00000000080066b0                HAL_DMA_Init
 .text.HAL_DMA_Abort_IT
                0x000000000800671c       0x98 build/stm32f1xx_hal_dma.o
                0x000000000800671c                HAL_DMA_Abort_IT
 .text.HAL_DMA_IRQHandler
                0x00000000080067b4      0x144 build/stm32f1xx_hal_dma.o
                0x00000000080067b4                HAL_DMA_IRQHandler
 .text.HAL_NVIC_SetPriorityGrouping
                0x00000000080068f8       0x24 build/stm32f1xx_hal_cortex.o
                0x00000000080068f8                HAL_NVIC_SetPriorityGrouping
 .text.HAL_NVIC_SetPriority
                0x000000000800691c       0x68 build/stm32f1xx_hal_cortex.o
                0x000000000800691c                HAL_NVIC_SetPriority
 .text.HAL_NVIC_EnableIRQ
                0x0000000008006984       0x1c build/stm32f1xx_hal_cortex.o
                0x0000000008006984                HAL_NVIC_EnableIRQ
 .text.HAL_SYSTICK_Config
                0x00000000080069a0       0x2c build/stm32f1xx_hal_cortex.o
                0x00000000080069a0                HAL_SYSTICK_Config
 .text.SystemInit
                0x00000000080069cc        0x2 build/system_stm32f1xx.o
                0x00000000080069cc                SystemInit
 *fill*         0x00000000080069ce        0x2 
 .text.MX_USART1_UART_Init
                0x00000000080069d0       0x34 build/usart.o
                0x00000000080069d0                MX_USART1_UART_Init
 .text.HAL_UART_MspInit
                0x0000000008006a04       0x88 build/usart.o
                0x0000000008006a04                HAL_UART_MspInit
 .text.init_system
                0x0000000008006a8c      0x158 build/core.o
                0x0000000008006a8c                init_system
 .text.string2int
                0x0000000008006be4       0x32 build/core.o
                0x0000000008006be4                string2int
 *fill*         0x0000000008006c16        0x2 
 .text.bluetooth_decode
                0x0000000008006c18      0x174 build/core.o
                0x0000000008006c18                bluetooth_decode
 .text.changeLight
                0x0000000008006d8c       0x58 build/core.o
                0x0000000008006d8c                changeLight
 .text.send_state
                0x0000000008006de4      0x224 build/core.o
                0x0000000008006de4                send_state
 .text.move     0x0000000008007008       0xe4 build/core.o
                0x0000000008007008                move
 .text.update_info
                0x00000000080070ec      0x15c build/core.o
                0x00000000080070ec                update_info
 .text.tempCheck
                0x0000000008007248       0xc0 build/core.o
                0x0000000008007248                tempCheck
 .text.timeCheck
                0x0000000008007308       0x70 build/core.o
                0x0000000008007308                timeCheck
 .text.timerCallback
                0x0000000008007378       0x18 build/timer.o
                0x0000000008007378                timerCallback
 .text.timerInit
                0x0000000008007390       0x20 build/timer.o
                0x0000000008007390                timerInit
 .text.UART_EndRxTransfer
                0x00000000080073b0       0x1c build/stm32f1xx_hal_uart.o
 .text.UART_Transmit_IT
                0x00000000080073cc       0x60 build/stm32f1xx_hal_uart.o
 .text.UART_SetConfig
                0x000000000800742c       0x90 build/stm32f1xx_hal_uart.o
 .text.UART_WaitOnFlagUntilTimeout
                0x00000000080074bc       0x68 build/stm32f1xx_hal_uart.o
 .text.HAL_UART_Init
                0x0000000008007524       0x5e build/stm32f1xx_hal_uart.o
                0x0000000008007524                HAL_UART_Init
 .text.HAL_UART_Transmit
                0x0000000008007582       0xd8 build/stm32f1xx_hal_uart.o
                0x0000000008007582                HAL_UART_Transmit
 .text.HAL_UART_Receive_IT
                0x000000000800765a       0x5c build/stm32f1xx_hal_uart.o
                0x000000000800765a                HAL_UART_Receive_IT
 .text.HAL_UART_TxCpltCallback
                0x00000000080076b6        0x2 build/stm32f1xx_hal_uart.o
                0x00000000080076b6                HAL_UART_TxCpltCallback
 .text.UART_EndTransmit_IT
                0x00000000080076b8       0x1a build/stm32f1xx_hal_uart.o
 .text.UART_Receive_IT
                0x00000000080076d2       0x94 build/stm32f1xx_hal_uart.o
 .text.HAL_UART_ErrorCallback
                0x0000000008007766        0x2 build/stm32f1xx_hal_uart.o
                0x0000000008007766                HAL_UART_ErrorCallback
 .text.HAL_UART_IRQHandler
                0x0000000008007768      0x128 build/stm32f1xx_hal_uart.o
                0x0000000008007768                HAL_UART_IRQHandler
 .text.UART_DMAAbortOnError
                0x0000000008007890       0x10 build/stm32f1xx_hal_uart.o
 .text.MX_TIM3_Init
                0x00000000080078a0       0x70 build/tim.o
                0x00000000080078a0                MX_TIM3_Init
 .text.MX_TIM4_Init
                0x0000000008007910       0x70 build/tim.o
                0x0000000008007910                MX_TIM4_Init
 .text.HAL_TIM_Base_MspInit
                0x0000000008007980       0xb0 build/tim.o
                0x0000000008007980                HAL_TIM_Base_MspInit
 .text.HAL_TIM_MspPostInit
                0x0000000008007a30       0x84 build/tim.o
                0x0000000008007a30                HAL_TIM_MspPostInit
 .text.MX_TIM1_Init
                0x0000000008007ab4       0xe8 build/tim.o
                0x0000000008007ab4                MX_TIM1_Init
 .text.MX_TIM2_Init
                0x0000000008007b9c       0xac build/tim.o
                0x0000000008007b9c                MX_TIM2_Init
 .text.MX_ADC1_Init
                0x0000000008007c48       0x5c build/adc.o
                0x0000000008007c48                MX_ADC1_Init
 .text.HAL_ADC_MspInit
                0x0000000008007ca4       0x9c build/adc.o
                0x0000000008007ca4                HAL_ADC_MspInit
 .text.HAL_ADC_GetValue
                0x0000000008007d40        0x6 build/stm32f1xx_hal_adc.o
                0x0000000008007d40                HAL_ADC_GetValue
 *fill*         0x0000000008007d46        0x2 
 .text.HAL_ADC_ConfigChannel
                0x0000000008007d48      0x138 build/stm32f1xx_hal_adc.o
                0x0000000008007d48                HAL_ADC_ConfigChannel
 .text.ADC_Enable
                0x0000000008007e80       0x7c build/stm32f1xx_hal_adc.o
                0x0000000008007e80                ADC_Enable
 .text.HAL_ADC_Start
                0x0000000008007efc       0xe8 build/stm32f1xx_hal_adc.o
                0x0000000008007efc                HAL_ADC_Start
 .text.ADC_ConversionStop_Disable
                0x0000000008007fe4       0x4c build/stm32f1xx_hal_adc.o
                0x0000000008007fe4                ADC_ConversionStop_Disable
 .text.HAL_ADC_Init
                0x0000000008008030      0x108 build/stm32f1xx_hal_adc.o
                0x0000000008008030                HAL_ADC_Init
 .text.HAL_ADCEx_Calibration_Start
                0x0000000008008138       0xe8 build/stm32f1xx_hal_adc_ex.o
                0x0000000008008138                HAL_ADCEx_Calibration_Start
 .text.MX_DMA_Init
                0x0000000008008220       0x34 build/dma.o
                0x0000000008008220                MX_DMA_Init
 .text.Reset_Handler
                0x0000000008008254       0x48 build/startup_stm32f103xb.o
                0x0000000008008254                Reset_Handler
 .text.Default_Handler
                0x000000000800829c        0x2 build/startup_stm32f103xb.o
                0x000000000800829c                RTC_Alarm_IRQHandler
                0x000000000800829c                EXTI2_IRQHandler
                0x000000000800829c                TIM1_CC_IRQHandler
                0x000000000800829c                PVD_IRQHandler
                0x000000000800829c                EXTI3_IRQHandler
                0x000000000800829c                EXTI0_IRQHandler
                0x000000000800829c                I2C2_EV_IRQHandler
                0x000000000800829c                ADC1_2_IRQHandler
                0x000000000800829c                SPI1_IRQHandler
                0x000000000800829c                TAMPER_IRQHandler
                0x000000000800829c                DMA1_Channel4_IRQHandler
                0x000000000800829c                USART3_IRQHandler
                0x000000000800829c                RTC_IRQHandler
                0x000000000800829c                DMA1_Channel7_IRQHandler
                0x000000000800829c                CAN1_RX1_IRQHandler
                0x000000000800829c                I2C1_EV_IRQHandler
                0x000000000800829c                DMA1_Channel6_IRQHandler
                0x000000000800829c                RCC_IRQHandler
                0x000000000800829c                TIM1_TRG_COM_IRQHandler
                0x000000000800829c                Default_Handler
                0x000000000800829c                EXTI15_10_IRQHandler
                0x000000000800829c                EXTI9_5_IRQHandler
                0x000000000800829c                SPI2_IRQHandler
                0x000000000800829c                DMA1_Channel5_IRQHandler
                0x000000000800829c                EXTI4_IRQHandler
                0x000000000800829c                USB_LP_CAN1_RX0_IRQHandler
                0x000000000800829c                USB_HP_CAN1_TX_IRQHandler
                0x000000000800829c                DMA1_Channel3_IRQHandler
                0x000000000800829c                TIM1_UP_IRQHandler
                0x000000000800829c                WWDG_IRQHandler
                0x000000000800829c                TIM2_IRQHandler
                0x000000000800829c                TIM1_BRK_IRQHandler
                0x000000000800829c                EXTI1_IRQHandler
                0x000000000800829c                USART2_IRQHandler
                0x000000000800829c                I2C2_ER_IRQHandler
                0x000000000800829c                DMA1_Channel2_IRQHandler
                0x000000000800829c                CAN1_SCE_IRQHandler
                0x000000000800829c                FLASH_IRQHandler
                0x000000000800829c                I2C1_ER_IRQHandler
                0x000000000800829c                USBWakeUp_IRQHandler
 *(.glue_7)
 .glue_7        0x000000000800829e        0x0 linker stubs
 *(.glue_7t)
 .glue_7t       0x000000000800829e        0x0 linker stubs
 *(.eh_frame)
 *fill*         0x000000000800829e        0x2 
 .eh_frame      0x00000000080082a0        0x0 /usr/lib/gcc/arm-none-eabi/9.2.1/thumb/v7-m/nofp/crtbegin.o
 *(.init)
 .init          0x00000000080082a0        0x4 /usr/lib/gcc/arm-none-eabi/9.2.1/thumb/v7-m/nofp/crti.o
                0x00000000080082a0                _init
 .init          0x00000000080082a4        0x8 /usr/lib/gcc/arm-none-eabi/9.2.1/thumb/v7-m/nofp/crtn.o
 *(.fini)
 .fini          0x00000000080082ac        0x4 /usr/lib/gcc/arm-none-eabi/9.2.1/thumb/v7-m/nofp/crti.o
                0x00000000080082ac                _fini
 .fini          0x00000000080082b0        0x8 /usr/lib/gcc/arm-none-eabi/9.2.1/thumb/v7-m/nofp/crtn.o
                0x00000000080082b8                . = ALIGN (0x4)
                0x00000000080082b8                _etext = .

.vfp11_veneer   0x00000000080082b8        0x0
 .vfp11_veneer  0x00000000080082b8        0x0 linker stubs

.v4_bx          0x00000000080082b8        0x0
 .v4_bx         0x00000000080082b8        0x0 linker stubs

.iplt           0x00000000080082b8        0x0
 .iplt          0x00000000080082b8        0x0 /usr/lib/gcc/arm-none-eabi/9.2.1/thumb/v7-m/nofp/crtbegin.o

.rodata         0x00000000080082b8      0x664
                0x00000000080082b8                . = ALIGN (0x4)
 *(.rodata)
 .rodata        0x00000000080082b8        0x4 /usr/lib/gcc/arm-none-eabi/9.2.1/../../../arm-none-eabi/lib/thumb/v7-m/nofp/libc_nano.a(lib_a-impure.o)
                0x00000000080082b8                _global_impure_ptr
 .rodata        0x00000000080082bc       0x60 /usr/lib/gcc/arm-none-eabi/9.2.1/../../../arm-none-eabi/lib/thumb/v7-m/nofp/libc_nano.a(lib_a-findfp.o)
                0x00000000080082bc                __sf_fake_stderr
                0x00000000080082dc                __sf_fake_stdout
                0x00000000080082fc                __sf_fake_stdin
 *fill*         0x000000000800831c        0x4 
 .rodata        0x0000000008008320      0x128 /usr/lib/gcc/arm-none-eabi/9.2.1/../../../arm-none-eabi/lib/thumb/v7-m/nofp/libc_nano.a(lib_a-mprec.o)
                0x0000000008008330                __mprec_tens
                0x00000000080083f8                __mprec_tinytens
                0x0000000008008420                __mprec_bigtens
 .rodata        0x0000000008008448      0x101 /usr/lib/gcc/arm-none-eabi/9.2.1/../../../arm-none-eabi/lib/thumb/v7-m/nofp/libc_nano.a(lib_a-ctype_.o)
                0x0000000008008448                _ctype_
 *(.rodata*)
 *fill*         0x0000000008008549        0x3 
 .rodata.HAL_RCC_GetSysClockFreq.str1.4
                0x000000000800854c       0x11 build/stm32f1xx_hal_rcc.o
 .rodata.HAL_RCCEx_GetPeriphCLKFreq.str1.4
                0x000000000800855d       0x11 build/stm32f1xx_hal_rcc_ex.o
 *fill*         0x000000000800855d        0x3 
 .rodata.AHBPrescTable
                0x0000000008008560       0x10 build/system_stm32f1xx.o
                0x0000000008008560                AHBPrescTable
 .rodata.APBPrescTable
                0x0000000008008570        0x8 build/system_stm32f1xx.o
                0x0000000008008570                APBPrescTable
 .rodata.bluetooth_decode.str1.4
                0x0000000008008578       0x52 build/core.o
 *fill*         0x00000000080085ca        0x2 
 .rodata.send_state.str1.4
                0x00000000080085cc      0x1c0 build/core.o
 .rodata.update_info.str1.4
                0x000000000800878c       0x4c build/core.o
 .rodata.str1.4
                0x00000000080087d8       0x12 /usr/lib/gcc/arm-none-eabi/9.2.1/../../../arm-none-eabi/lib/thumb/v7-m/nofp/libc_nano.a(lib_a-nano-vfprintf_float.o)
 *fill*         0x00000000080087ea        0x2 
 .rodata.str1.4
                0x00000000080087ec       0x25 /usr/lib/gcc/arm-none-eabi/9.2.1/../../../arm-none-eabi/lib/thumb/v7-m/nofp/libc_nano.a(lib_a-nano-vfprintf_i.o)
 *fill*         0x0000000008008811        0x3 
 .rodata.str1.4
                0x0000000008008814       0x6d /usr/lib/gcc/arm-none-eabi/9.2.1/../../../arm-none-eabi/lib/thumb/v7-m/nofp/libc_nano.a(lib_a-dtoa.o)
                                         0x71 (size before relaxing)
 *fill*         0x0000000008008881        0x3 
 .rodata.str1.4
                0x0000000008008884       0x33 /usr/lib/gcc/arm-none-eabi/9.2.1/../../../arm-none-eabi/lib/thumb/v7-m/nofp/libc_nano.a(lib_a-mprec.o)
                                         0x5d (size before relaxing)
 *fill*         0x00000000080088b7        0x1 
 .rodata.str1.4
                0x00000000080088b8       0x13 /usr/lib/gcc/arm-none-eabi/9.2.1/../../../arm-none-eabi/lib/thumb/v7-m/nofp/libc_nano.a(lib_a-nano-vfprintf.o)
 *fill*         0x00000000080088cb        0x1 
 .rodata.str1.4
                0x00000000080088cc       0x3f /usr/lib/gcc/arm-none-eabi/9.2.1/../../../arm-none-eabi/lib/thumb/v7-m/nofp/libc_nano.a(lib_a-assert.o)
                                         0x43 (size before relaxing)
 *fill*         0x000000000800890b        0x1 
 .rodata.str1.4
                0x000000000800890c        0xe /usr/lib/gcc/arm-none-eabi/9.2.1/../../../arm-none-eabi/lib/thumb/v7-m/nofp/libc_nano.a(lib_a-locale.o)
                                         0x12 (size before relaxing)
                0x000000000800891c                . = ALIGN (0x4)
 *fill*         0x000000000800891a        0x2 

.rel.dyn        0x000000000800891c        0x0
 .rel.iplt      0x000000000800891c        0x0 /usr/lib/gcc/arm-none-eabi/9.2.1/thumb/v7-m/nofp/crtbegin.o

.ARM.extab
 *(.ARM.extab* .gnu.linkonce.armextab.*)

.ARM            0x000000000800891c        0x0
                0x000000000800891c                __exidx_start = .
 *(.ARM.exidx*)
                0x000000000800891c                __exidx_end = .

.preinit_array  0x000000000800891c        0x0
                0x000000000800891c                PROVIDE (__preinit_array_start = .)
 *(.preinit_array*)
                0x000000000800891c                PROVIDE (__preinit_array_end = .)

.init_array     0x000000000800891c        0x4
                0x000000000800891c                PROVIDE (__init_array_start = .)
 *(SORT_BY_NAME(.init_array.*))
 *(.init_array*)
 .init_array    0x000000000800891c        0x4 /usr/lib/gcc/arm-none-eabi/9.2.1/thumb/v7-m/nofp/crtbegin.o
                0x0000000008008920                PROVIDE (__init_array_end = .)

.fini_array     0x0000000008008920        0x4
                0x0000000008008920                PROVIDE (__fini_array_start = .)
 *(SORT_BY_NAME(.fini_array.*))
 *(.fini_array*)
 .fini_array    0x0000000008008920        0x4 /usr/lib/gcc/arm-none-eabi/9.2.1/thumb/v7-m/nofp/crtbegin.o
                0x0000000008008924                PROVIDE (__fini_array_end = .)
                0x0000000008008924                _sidata = LOADADDR (.data)

.data           0x0000000020000000      0x1ec load address 0x0000000008008924
                0x0000000020000000                . = ALIGN (0x4)
                0x0000000020000000                _sdata = .
 *(.data)
 .data          0x0000000020000000       0x64 /usr/lib/gcc/arm-none-eabi/9.2.1/../../../arm-none-eabi/lib/thumb/v7-m/nofp/libc_nano.a(lib_a-impure.o)
                0x0000000020000000                _impure_ptr
 .data          0x0000000020000064      0x16c /usr/lib/gcc/arm-none-eabi/9.2.1/../../../arm-none-eabi/lib/thumb/v7-m/nofp/libc_nano.a(lib_a-locale.o)
                0x0000000020000064                __global_locale
 *(.data*)
 .data.uwTickFreq
                0x00000000200001d0        0x1 build/stm32f1xx_hal.o
                0x00000000200001d0                uwTickFreq
 *fill*         0x00000000200001d1        0x3 
 .data.uwTickPrio
                0x00000000200001d4        0x4 build/stm32f1xx_hal.o
                0x00000000200001d4                uwTickPrio
 .data.SystemCoreClock
                0x00000000200001d8        0x4 build/system_stm32f1xx.o
                0x00000000200001d8                SystemCoreClock
 .data.servo1_down
                0x00000000200001dc        0x4 build/core.o
                0x00000000200001dc                servo1_down
 .data.servo1_up
                0x00000000200001e0        0x4 build/core.o
                0x00000000200001e0                servo1_up
 .data.servo2_down
                0x00000000200001e4        0x4 build/core.o
                0x00000000200001e4                servo2_down
 .data.servo2_up
                0x00000000200001e8        0x4 build/core.o
                0x00000000200001e8                servo2_up
                0x00000000200001ec                . = ALIGN (0x4)
                0x00000000200001ec                _edata = .

.tm_clone_table
                0x00000000200001ec        0x0 load address 0x0000000008008b10
 .tm_clone_table
                0x00000000200001ec        0x0 /usr/lib/gcc/arm-none-eabi/9.2.1/thumb/v7-m/nofp/crtbegin.o
 .tm_clone_table
                0x00000000200001ec        0x0 /usr/lib/gcc/arm-none-eabi/9.2.1/thumb/v7-m/nofp/crtend.o

.igot.plt       0x00000000200001ec        0x0 load address 0x0000000008008b10
 .igot.plt      0x00000000200001ec        0x0 /usr/lib/gcc/arm-none-eabi/9.2.1/thumb/v7-m/nofp/crtbegin.o
                0x00000000200001ec                . = ALIGN (0x4)

.bss            0x00000000200001f0      0x670 load address 0x0000000008008b10
                0x00000000200001f0                _sbss = .
                0x00000000200001f0                __bss_start__ = _sbss
 *(.bss)
 .bss           0x00000000200001f0       0x1c /usr/lib/gcc/arm-none-eabi/9.2.1/thumb/v7-m/nofp/crtbegin.o
 .bss           0x000000002000020c        0x8 /usr/lib/gcc/arm-none-eabi/9.2.1/../../../arm-none-eabi/lib/thumb/v7-m/nofp/libc_nano.a(lib_a-nano-mallocr.o)
                0x000000002000020c                __malloc_free_list
                0x0000000020000210                __malloc_sbrk_start
 .bss           0x0000000020000214        0x4 /usr/lib/gcc/arm-none-eabi/9.2.1/../../../arm-none-eabi/lib/thumb/v7-m/nofp/libnosys.a(sbrk.o)
 *(.bss*)
 .bss.Uart1_Rx_Cnt
                0x0000000020000218        0x1 build/core.o
                0x0000000020000218                Uart1_Rx_Cnt
 *fill*         0x0000000020000219        0x3 
 .bss.checkounter
                0x000000002000021c        0x4 build/core.o
                0x000000002000021c                checkounter
 .bss.initTemp  0x0000000020000220        0x4 build/core.o
                0x0000000020000220                initTemp
 .bss.lastAchievement
                0x0000000020000224        0x4 build/core.o
                0x0000000020000224                lastAchievement
 .bss.runningTime
                0x0000000020000228        0x8 build/timer.o
                0x0000000020000228                runningTime
 *(COMMON)
 COMMON         0x0000000020000230        0x4 build/stm32f1xx_hal.o
                0x0000000020000230                uwTick
 COMMON         0x0000000020000234       0x40 build/usart.o
                0x0000000020000234                huart1
 COMMON         0x0000000020000274      0x2a1 build/core.o
                0x0000000020000274                msg
                0x00000000200002ec                state
                0x0000000020000314                RxBuffer
                0x0000000020000514                aRxBuffer
 *fill*         0x0000000020000515        0x3 
 COMMON         0x0000000020000518      0x2d0 build/tim.o
                0x0000000020000518                htim4
                0x00000000200005cc                htim3
                0x0000000020000680                htim1
                0x0000000020000734                htim2
 COMMON         0x00000000200007e8       0x74 build/adc.o
                0x00000000200007e8                hadc1
                0x0000000020000818                hdma_adc1
 COMMON         0x000000002000085c        0x4 /usr/lib/gcc/arm-none-eabi/9.2.1/../../../arm-none-eabi/lib/thumb/v7-m/nofp/libc_nano.a(lib_a-reent.o)
                0x000000002000085c                errno
                0x0000000020000860                . = ALIGN (0x4)
                0x0000000020000860                _ebss = .
                0x0000000020000860                __bss_end__ = _ebss

._user_heap_stack
                0x0000000020000860      0x600 load address 0x0000000008008b10
                0x0000000020000860                . = ALIGN (0x8)
                0x0000000020000860                PROVIDE (end = .)
                [!provide]                        PROVIDE (_end = .)
                0x0000000020000a60                . = (. + _Min_Heap_Size)
 *fill*         0x0000000020000860      0x200 
                0x0000000020000e60                . = (. + _Min_Stack_Size)
 *fill*         0x0000000020000a60      0x400 
                0x0000000020000e60                . = ALIGN (0x8)

/DISCARD/
 libc.a(*)
 libm.a(*)
 libgcc.a(*)

.ARM.attributes
                0x0000000000000000       0x29
 *(.ARM.attributes)
 .ARM.attributes
                0x0000000000000000       0x1d /usr/lib/gcc/arm-none-eabi/9.2.1/thumb/v7-m/nofp/crti.o
 .ARM.attributes
                0x000000000000001d       0x2d /usr/lib/gcc/arm-none-eabi/9.2.1/thumb/v7-m/nofp/crtbegin.o
 .ARM.attributes
                0x000000000000004a       0x2d build/main.o
 .ARM.attributes
                0x0000000000000077       0x2d build/gpio.o
 .ARM.attributes
                0x00000000000000a4       0x2d build/stm32f1xx_it.o
 .ARM.attributes
                0x00000000000000d1       0x2d build/stm32f1xx_hal_msp.o
 .ARM.attributes
                0x00000000000000fe       0x2d build/stm32f1xx_hal_tim.o
 .ARM.attributes
                0x000000000000012b       0x2d build/stm32f1xx_hal_tim_ex.o
 .ARM.attributes
                0x0000000000000158       0x2d build/stm32f1xx_hal.o
 .ARM.attributes
                0x0000000000000185       0x2d build/stm32f1xx_hal_rcc.o
 .ARM.attributes
                0x00000000000001b2       0x2d build/stm32f1xx_hal_rcc_ex.o
 .ARM.attributes
                0x00000000000001df       0x2d build/stm32f1xx_hal_gpio.o
 .ARM.attributes
                0x000000000000020c       0x2d build/stm32f1xx_hal_dma.o
 .ARM.attributes
                0x0000000000000239       0x2d build/stm32f1xx_hal_cortex.o
 .ARM.attributes
                0x0000000000000266       0x2d build/system_stm32f1xx.o
 .ARM.attributes
                0x0000000000000293       0x2d build/usart.o
 .ARM.attributes
                0x00000000000002c0       0x2d build/core.o
 .ARM.attributes
                0x00000000000002ed       0x2d build/timer.o
 .ARM.attributes
                0x000000000000031a       0x2d build/stm32f1xx_hal_uart.o
 .ARM.attributes
                0x0000000000000347       0x2d build/tim.o
 .ARM.attributes
                0x0000000000000374       0x2d build/adc.o
 .ARM.attributes
                0x00000000000003a1       0x2d build/stm32f1xx_hal_adc.o
 .ARM.attributes
                0x00000000000003ce       0x2d build/stm32f1xx_hal_adc_ex.o
 .ARM.attributes
                0x00000000000003fb       0x2d build/dma.o
 .ARM.attributes
                0x0000000000000428       0x21 build/startup_stm32f103xb.o
 .ARM.attributes
                0x0000000000000449       0x2d /usr/lib/gcc/arm-none-eabi/9.2.1/../../../arm-none-eabi/lib/thumb/v7-m/nofp/libc_nano.a(lib_a-impure.o)
 .ARM.attributes
                0x0000000000000476       0x2d /usr/lib/gcc/arm-none-eabi/9.2.1/../../../arm-none-eabi/lib/thumb/v7-m/nofp/libc_nano.a(lib_a-init.o)
 .ARM.attributes
                0x00000000000004a3       0x2d /usr/lib/gcc/arm-none-eabi/9.2.1/../../../arm-none-eabi/lib/thumb/v7-m/nofp/libc_nano.a(lib_a-memset.o)
 .ARM.attributes
                0x00000000000004d0       0x2d /usr/lib/gcc/arm-none-eabi/9.2.1/../../../arm-none-eabi/lib/thumb/v7-m/nofp/libc_nano.a(lib_a-nano-vfprintf_float.o)
 .ARM.attributes
                0x00000000000004fd       0x2d /usr/lib/gcc/arm-none-eabi/9.2.1/../../../arm-none-eabi/lib/thumb/v7-m/nofp/libc_nano.a(lib_a-nano-vfprintf_i.o)
 .ARM.attributes
                0x000000000000052a       0x2d /usr/lib/gcc/arm-none-eabi/9.2.1/../../../arm-none-eabi/lib/thumb/v7-m/nofp/libc_nano.a(lib_a-printf.o)
 .ARM.attributes
                0x0000000000000557       0x2d /usr/lib/gcc/arm-none-eabi/9.2.1/../../../arm-none-eabi/lib/thumb/v7-m/nofp/libc_nano.a(lib_a-putchar.o)
 .ARM.attributes
                0x0000000000000584       0x2d /usr/lib/gcc/arm-none-eabi/9.2.1/../../../arm-none-eabi/lib/thumb/v7-m/nofp/libc_nano.a(lib_a-strcat.o)
 .ARM.attributes
                0x00000000000005b1       0x2d /usr/lib/gcc/arm-none-eabi/9.2.1/../../../arm-none-eabi/lib/thumb/v7-m/nofp/libc_nano.a(lib_a-strcpy.o)
 .ARM.attributes
                0x00000000000005de       0x2d /usr/lib/gcc/arm-none-eabi/9.2.1/../../../arm-none-eabi/lib/thumb/v7-m/nofp/libc_nano.a(lib_a-strlen-stub.o)
 .ARM.attributes
                0x000000000000060b       0x2d /usr/lib/gcc/arm-none-eabi/9.2.1/../../../arm-none-eabi/lib/thumb/v7-m/nofp/libc_nano.a(lib_a-dtoa.o)
 .ARM.attributes
                0x0000000000000638       0x2d /usr/lib/gcc/arm-none-eabi/9.2.1/../../../arm-none-eabi/lib/thumb/v7-m/nofp/libc_nano.a(lib_a-findfp.o)
 .ARM.attributes
                0x0000000000000665       0x2d /usr/lib/gcc/arm-none-eabi/9.2.1/../../../arm-none-eabi/lib/thumb/v7-m/nofp/libc_nano.a(lib_a-fwalk.o)
 .ARM.attributes
                0x0000000000000692       0x2d /usr/lib/gcc/arm-none-eabi/9.2.1/../../../arm-none-eabi/lib/thumb/v7-m/nofp/libc_nano.a(lib_a-localeconv.o)
 .ARM.attributes
                0x00000000000006bf       0x2d /usr/lib/gcc/arm-none-eabi/9.2.1/../../../arm-none-eabi/lib/thumb/v7-m/nofp/libc_nano.a(lib_a-malloc.o)
 .ARM.attributes
                0x00000000000006ec       0x2d /usr/lib/gcc/arm-none-eabi/9.2.1/../../../arm-none-eabi/lib/thumb/v7-m/nofp/libc_nano.a(lib_a-memchr-stub.o)
 .ARM.attributes
                0x0000000000000719       0x1b /usr/lib/gcc/arm-none-eabi/9.2.1/../../../arm-none-eabi/lib/thumb/v7-m/nofp/libc_nano.a(lib_a-memcpy.o)
 .ARM.attributes
                0x0000000000000734       0x2d /usr/lib/gcc/arm-none-eabi/9.2.1/../../../arm-none-eabi/lib/thumb/v7-m/nofp/libc_nano.a(lib_a-mprec.o)
 .ARM.attributes
                0x0000000000000761       0x2d /usr/lib/gcc/arm-none-eabi/9.2.1/../../../arm-none-eabi/lib/thumb/v7-m/nofp/libc_nano.a(lib_a-nano-callocr.o)
 .ARM.attributes
                0x000000000000078e       0x2d /usr/lib/gcc/arm-none-eabi/9.2.1/../../../arm-none-eabi/lib/thumb/v7-m/nofp/libc_nano.a(lib_a-nano-freer.o)
 .ARM.attributes
                0x00000000000007bb       0x2d /usr/lib/gcc/arm-none-eabi/9.2.1/../../../arm-none-eabi/lib/thumb/v7-m/nofp/libc_nano.a(lib_a-nano-mallocr.o)
 .ARM.attributes
                0x00000000000007e8       0x2d /usr/lib/gcc/arm-none-eabi/9.2.1/../../../arm-none-eabi/lib/thumb/v7-m/nofp/libc_nano.a(lib_a-nano-vfprintf.o)
 .ARM.attributes
                0x0000000000000815       0x2d /usr/lib/gcc/arm-none-eabi/9.2.1/../../../arm-none-eabi/lib/thumb/v7-m/nofp/libc_nano.a(lib_a-putc.o)
 .ARM.attributes
                0x0000000000000842       0x2d /usr/lib/gcc/arm-none-eabi/9.2.1/../../../arm-none-eabi/lib/thumb/v7-m/nofp/libc_nano.a(lib_a-sbrkr.o)
 .ARM.attributes
                0x000000000000086f       0x2d /usr/lib/gcc/arm-none-eabi/9.2.1/../../../arm-none-eabi/lib/thumb/v7-m/nofp/libc_nano.a(lib_a-stdio.o)
 .ARM.attributes
                0x000000000000089c       0x2d /usr/lib/gcc/arm-none-eabi/9.2.1/../../../arm-none-eabi/lib/thumb/v7-m/nofp/libc_nano.a(lib_a-wbuf.o)
 .ARM.attributes
                0x00000000000008c9       0x2d /usr/lib/gcc/arm-none-eabi/9.2.1/../../../arm-none-eabi/lib/thumb/v7-m/nofp/libc_nano.a(lib_a-writer.o)
 .ARM.attributes
                0x00000000000008f6       0x2d /usr/lib/gcc/arm-none-eabi/9.2.1/../../../arm-none-eabi/lib/thumb/v7-m/nofp/libc_nano.a(lib_a-wsetup.o)
 .ARM.attributes
                0x0000000000000923       0x2d /usr/lib/gcc/arm-none-eabi/9.2.1/../../../arm-none-eabi/lib/thumb/v7-m/nofp/libc_nano.a(lib_a-assert.o)
 .ARM.attributes
                0x0000000000000950       0x2d /usr/lib/gcc/arm-none-eabi/9.2.1/../../../arm-none-eabi/lib/thumb/v7-m/nofp/libc_nano.a(lib_a-closer.o)
 .ARM.attributes
                0x000000000000097d       0x2d /usr/lib/gcc/arm-none-eabi/9.2.1/../../../arm-none-eabi/lib/thumb/v7-m/nofp/libc_nano.a(lib_a-fflush.o)
 .ARM.attributes
                0x00000000000009aa       0x2d /usr/lib/gcc/arm-none-eabi/9.2.1/../../../arm-none-eabi/lib/thumb/v7-m/nofp/libc_nano.a(lib_a-fprintf.o)
 .ARM.attributes
                0x00000000000009d7       0x2d /usr/lib/gcc/arm-none-eabi/9.2.1/../../../arm-none-eabi/lib/thumb/v7-m/nofp/libc_nano.a(lib_a-fvwrite.o)
 .ARM.attributes
                0x0000000000000a04       0x2d /usr/lib/gcc/arm-none-eabi/9.2.1/../../../arm-none-eabi/lib/thumb/v7-m/nofp/libc_nano.a(lib_a-locale.o)
 .ARM.attributes
                0x0000000000000a31       0x2d /usr/lib/gcc/arm-none-eabi/9.2.1/../../../arm-none-eabi/lib/thumb/v7-m/nofp/libc_nano.a(lib_a-lseekr.o)
 .ARM.attributes
                0x0000000000000a5e       0x2d /usr/lib/gcc/arm-none-eabi/9.2.1/../../../arm-none-eabi/lib/thumb/v7-m/nofp/libc_nano.a(lib_a-makebuf.o)
 .ARM.attributes
                0x0000000000000a8b       0x2d /usr/lib/gcc/arm-none-eabi/9.2.1/../../../arm-none-eabi/lib/thumb/v7-m/nofp/libc_nano.a(lib_a-mbtowc_r.o)
 .ARM.attributes
                0x0000000000000ab8       0x2d /usr/lib/gcc/arm-none-eabi/9.2.1/../../../arm-none-eabi/lib/thumb/v7-m/nofp/libc_nano.a(lib_a-memmove.o)
 .ARM.attributes
                0x0000000000000ae5       0x2d /usr/lib/gcc/arm-none-eabi/9.2.1/../../../arm-none-eabi/lib/thumb/v7-m/nofp/libc_nano.a(lib_a-mlock.o)
 .ARM.attributes
                0x0000000000000b12       0x2d /usr/lib/gcc/arm-none-eabi/9.2.1/../../../arm-none-eabi/lib/thumb/v7-m/nofp/libc_nano.a(lib_a-nano-reallocr.o)
 .ARM.attributes
                0x0000000000000b3f       0x2d /usr/lib/gcc/arm-none-eabi/9.2.1/../../../arm-none-eabi/lib/thumb/v7-m/nofp/libc_nano.a(lib_a-readr.o)
 .ARM.attributes
                0x0000000000000b6c       0x2d /usr/lib/gcc/arm-none-eabi/9.2.1/../../../arm-none-eabi/lib/thumb/v7-m/nofp/libc_nano.a(lib_a-reent.o)
 .ARM.attributes
                0x0000000000000b99       0x2d /usr/lib/gcc/arm-none-eabi/9.2.1/../../../arm-none-eabi/lib/thumb/v7-m/nofp/libc_nano.a(lib_a-wctomb_r.o)
 .ARM.attributes
                0x0000000000000bc6       0x2d /usr/lib/gcc/arm-none-eabi/9.2.1/../../../arm-none-eabi/lib/thumb/v7-m/nofp/libc_nano.a(lib_a-abort.o)
 .ARM.attributes
                0x0000000000000bf3       0x2d /usr/lib/gcc/arm-none-eabi/9.2.1/../../../arm-none-eabi/lib/thumb/v7-m/nofp/libc_nano.a(lib_a-ctype_.o)
 .ARM.attributes
                0x0000000000000c20       0x2d /usr/lib/gcc/arm-none-eabi/9.2.1/../../../arm-none-eabi/lib/thumb/v7-m/nofp/libc_nano.a(lib_a-fstatr.o)
 .ARM.attributes
                0x0000000000000c4d       0x2d /usr/lib/gcc/arm-none-eabi/9.2.1/../../../arm-none-eabi/lib/thumb/v7-m/nofp/libc_nano.a(lib_a-isattyr.o)
 .ARM.attributes
                0x0000000000000c7a       0x2d /usr/lib/gcc/arm-none-eabi/9.2.1/../../../arm-none-eabi/lib/thumb/v7-m/nofp/libc_nano.a(lib_a-nano-msizer.o)
 .ARM.attributes
                0x0000000000000ca7       0x2d /usr/lib/gcc/arm-none-eabi/9.2.1/../../../arm-none-eabi/lib/thumb/v7-m/nofp/libc_nano.a(lib_a-signal.o)
 .ARM.attributes
                0x0000000000000cd4       0x2d /usr/lib/gcc/arm-none-eabi/9.2.1/../../../arm-none-eabi/lib/thumb/v7-m/nofp/libc_nano.a(lib_a-signalr.o)
 .ARM.attributes
                0x0000000000000d01       0x2d /usr/lib/gcc/arm-none-eabi/9.2.1/../../../arm-none-eabi/lib/thumb/v7-m/nofp/libnosys.a(close.o)
 .ARM.attributes
                0x0000000000000d2e       0x2d /usr/lib/gcc/arm-none-eabi/9.2.1/../../../arm-none-eabi/lib/thumb/v7-m/nofp/libnosys.a(fstat.o)
 .ARM.attributes
                0x0000000000000d5b       0x2d /usr/lib/gcc/arm-none-eabi/9.2.1/../../../arm-none-eabi/lib/thumb/v7-m/nofp/libnosys.a(getpid.o)
 .ARM.attributes
                0x0000000000000d88       0x2d /usr/lib/gcc/arm-none-eabi/9.2.1/../../../arm-none-eabi/lib/thumb/v7-m/nofp/libnosys.a(isatty.o)
 .ARM.attributes
                0x0000000000000db5       0x2d /usr/lib/gcc/arm-none-eabi/9.2.1/../../../arm-none-eabi/lib/thumb/v7-m/nofp/libnosys.a(kill.o)
 .ARM.attributes
                0x0000000000000de2       0x2d /usr/lib/gcc/arm-none-eabi/9.2.1/../../../arm-none-eabi/lib/thumb/v7-m/nofp/libnosys.a(lseek.o)
 .ARM.attributes
                0x0000000000000e0f       0x2d /usr/lib/gcc/arm-none-eabi/9.2.1/../../../arm-none-eabi/lib/thumb/v7-m/nofp/libnosys.a(read.o)
 .ARM.attributes
                0x0000000000000e3c       0x2d /usr/lib/gcc/arm-none-eabi/9.2.1/../../../arm-none-eabi/lib/thumb/v7-m/nofp/libnosys.a(sbrk.o)
 .ARM.attributes
                0x0000000000000e69       0x2d /usr/lib/gcc/arm-none-eabi/9.2.1/../../../arm-none-eabi/lib/thumb/v7-m/nofp/libnosys.a(_exit.o)
 .ARM.attributes
                0x0000000000000e96       0x1d /usr/lib/gcc/arm-none-eabi/9.2.1/thumb/v7-m/nofp/libgcc.a(_arm_mulsf3.o)
 .ARM.attributes
                0x0000000000000eb3       0x1d /usr/lib/gcc/arm-none-eabi/9.2.1/thumb/v7-m/nofp/libgcc.a(_arm_addsubdf3.o)
 .ARM.attributes
                0x0000000000000ed0       0x1d /usr/lib/gcc/arm-none-eabi/9.2.1/thumb/v7-m/nofp/libgcc.a(_arm_muldivdf3.o)
 .ARM.attributes
                0x0000000000000eed       0x1d /usr/lib/gcc/arm-none-eabi/9.2.1/thumb/v7-m/nofp/libgcc.a(_arm_cmpdf2.o)
 .ARM.attributes
                0x0000000000000f0a       0x1d /usr/lib/gcc/arm-none-eabi/9.2.1/thumb/v7-m/nofp/libgcc.a(_arm_unorddf2.o)
 .ARM.attributes
                0x0000000000000f27       0x1d /usr/lib/gcc/arm-none-eabi/9.2.1/thumb/v7-m/nofp/libgcc.a(_arm_fixdfsi.o)
 .ARM.attributes
                0x0000000000000f44       0x1d /usr/lib/gcc/arm-none-eabi/9.2.1/thumb/v7-m/nofp/libgcc.a(_arm_addsubsf3.o)
 .ARM.attributes
                0x0000000000000f61       0x1d /usr/lib/gcc/arm-none-eabi/9.2.1/thumb/v7-m/nofp/libgcc.a(_arm_fixsfsi.o)
 .ARM.attributes
                0x0000000000000f7e       0x2d /usr/lib/gcc/arm-none-eabi/9.2.1/thumb/v7-m/nofp/crtend.o
 .ARM.attributes
                0x0000000000000fab       0x1d /usr/lib/gcc/arm-none-eabi/9.2.1/thumb/v7-m/nofp/crtn.o
OUTPUT(build/ACControl.elf elf32-littlearm)
LOAD linker stubs
LOAD /usr/lib/gcc/arm-none-eabi/9.2.1/../../../arm-none-eabi/lib/thumb/v7-m/nofp/libc.a
LOAD /usr/lib/gcc/arm-none-eabi/9.2.1/../../../arm-none-eabi/lib/thumb/v7-m/nofp/libm.a
LOAD /usr/lib/gcc/arm-none-eabi/9.2.1/thumb/v7-m/nofp/libgcc.a

.comment        0x0000000000000000       0xa7
 .comment       0x0000000000000000       0x59 /usr/lib/gcc/arm-none-eabi/9.2.1/thumb/v7-m/nofp/crtbegin.o
                                         0x5a (size before relaxing)
 .comment       0x0000000000000059       0x5a build/main.o
 .comment       0x0000000000000059       0x5a build/gpio.o
 .comment       0x0000000000000059       0x5a build/stm32f1xx_it.o
 .comment       0x0000000000000059       0x5a build/stm32f1xx_hal_msp.o
 .comment       0x0000000000000059       0x5a build/stm32f1xx_hal_tim.o
 .comment       0x0000000000000059       0x5a build/stm32f1xx_hal_tim_ex.o
 .comment       0x0000000000000059       0x5a build/stm32f1xx_hal.o
 .comment       0x0000000000000059       0x5a build/stm32f1xx_hal_rcc.o
 .comment       0x0000000000000059       0x5a build/stm32f1xx_hal_rcc_ex.o
 .comment       0x0000000000000059       0x5a build/stm32f1xx_hal_gpio.o
 .comment       0x0000000000000059       0x5a build/stm32f1xx_hal_dma.o
 .comment       0x0000000000000059       0x5a build/stm32f1xx_hal_cortex.o
 .comment       0x0000000000000059       0x5a build/system_stm32f1xx.o
 .comment       0x0000000000000059       0x5a build/usart.o
 .comment       0x0000000000000059       0x5a build/core.o
 .comment       0x0000000000000059       0x5a build/timer.o
 .comment       0x0000000000000059       0x5a build/stm32f1xx_hal_uart.o
 .comment       0x0000000000000059       0x5a build/tim.o
 .comment       0x0000000000000059       0x5a build/adc.o
 .comment       0x0000000000000059       0x5a build/stm32f1xx_hal_adc.o
 .comment       0x0000000000000059       0x5a build/stm32f1xx_hal_adc_ex.o
 .comment       0x0000000000000059       0x5a build/dma.o
 .comment       0x0000000000000059       0x4e /usr/lib/gcc/arm-none-eabi/9.2.1/../../../arm-none-eabi/lib/thumb/v7-m/nofp/libc_nano.a(lib_a-impure.o)
                                         0x4f (size before relaxing)
 .comment       0x00000000000000a7       0x4f /usr/lib/gcc/arm-none-eabi/9.2.1/../../../arm-none-eabi/lib/thumb/v7-m/nofp/libc_nano.a(lib_a-init.o)
 .comment       0x00000000000000a7       0x4f /usr/lib/gcc/arm-none-eabi/9.2.1/../../../arm-none-eabi/lib/thumb/v7-m/nofp/libc_nano.a(lib_a-memset.o)
 .comment       0x00000000000000a7       0x4f /usr/lib/gcc/arm-none-eabi/9.2.1/../../../arm-none-eabi/lib/thumb/v7-m/nofp/libc_nano.a(lib_a-nano-vfprintf_float.o)
 .comment       0x00000000000000a7       0x4f /usr/lib/gcc/arm-none-eabi/9.2.1/../../../arm-none-eabi/lib/thumb/v7-m/nofp/libc_nano.a(lib_a-nano-vfprintf_i.o)
 .comment       0x00000000000000a7       0x4f /usr/lib/gcc/arm-none-eabi/9.2.1/../../../arm-none-eabi/lib/thumb/v7-m/nofp/libc_nano.a(lib_a-printf.o)
 .comment       0x00000000000000a7       0x4f /usr/lib/gcc/arm-none-eabi/9.2.1/../../../arm-none-eabi/lib/thumb/v7-m/nofp/libc_nano.a(lib_a-putchar.o)
 .comment       0x00000000000000a7       0x4f /usr/lib/gcc/arm-none-eabi/9.2.1/../../../arm-none-eabi/lib/thumb/v7-m/nofp/libc_nano.a(lib_a-strcat.o)
 .comment       0x00000000000000a7       0x4f /usr/lib/gcc/arm-none-eabi/9.2.1/../../../arm-none-eabi/lib/thumb/v7-m/nofp/libc_nano.a(lib_a-strcpy.o)
 .comment       0x00000000000000a7       0x4f /usr/lib/gcc/arm-none-eabi/9.2.1/../../../arm-none-eabi/lib/thumb/v7-m/nofp/libc_nano.a(lib_a-strlen-stub.o)
 .comment       0x00000000000000a7       0x4f /usr/lib/gcc/arm-none-eabi/9.2.1/../../../arm-none-eabi/lib/thumb/v7-m/nofp/libc_nano.a(lib_a-dtoa.o)
 .comment       0x00000000000000a7       0x4f /usr/lib/gcc/arm-none-eabi/9.2.1/../../../arm-none-eabi/lib/thumb/v7-m/nofp/libc_nano.a(lib_a-findfp.o)
 .comment       0x00000000000000a7       0x4f /usr/lib/gcc/arm-none-eabi/9.2.1/../../../arm-none-eabi/lib/thumb/v7-m/nofp/libc_nano.a(lib_a-fwalk.o)
 .comment       0x00000000000000a7       0x4f /usr/lib/gcc/arm-none-eabi/9.2.1/../../../arm-none-eabi/lib/thumb/v7-m/nofp/libc_nano.a(lib_a-localeconv.o)
 .comment       0x00000000000000a7       0x4f /usr/lib/gcc/arm-none-eabi/9.2.1/../../../arm-none-eabi/lib/thumb/v7-m/nofp/libc_nano.a(lib_a-malloc.o)
 .comment       0x00000000000000a7       0x4f /usr/lib/gcc/arm-none-eabi/9.2.1/../../../arm-none-eabi/lib/thumb/v7-m/nofp/libc_nano.a(lib_a-memchr-stub.o)
 .comment       0x00000000000000a7       0x4f /usr/lib/gcc/arm-none-eabi/9.2.1/../../../arm-none-eabi/lib/thumb/v7-m/nofp/libc_nano.a(lib_a-mprec.o)
 .comment       0x00000000000000a7       0x4f /usr/lib/gcc/arm-none-eabi/9.2.1/../../../arm-none-eabi/lib/thumb/v7-m/nofp/libc_nano.a(lib_a-nano-callocr.o)
 .comment       0x00000000000000a7       0x4f /usr/lib/gcc/arm-none-eabi/9.2.1/../../../arm-none-eabi/lib/thumb/v7-m/nofp/libc_nano.a(lib_a-nano-freer.o)
 .comment       0x00000000000000a7       0x4f /usr/lib/gcc/arm-none-eabi/9.2.1/../../../arm-none-eabi/lib/thumb/v7-m/nofp/libc_nano.a(lib_a-nano-mallocr.o)
 .comment       0x00000000000000a7       0x4f /usr/lib/gcc/arm-none-eabi/9.2.1/../../../arm-none-eabi/lib/thumb/v7-m/nofp/libc_nano.a(lib_a-nano-vfprintf.o)
 .comment       0x00000000000000a7       0x4f /usr/lib/gcc/arm-none-eabi/9.2.1/../../../arm-none-eabi/lib/thumb/v7-m/nofp/libc_nano.a(lib_a-putc.o)
 .comment       0x00000000000000a7       0x4f /usr/lib/gcc/arm-none-eabi/9.2.1/../../../arm-none-eabi/lib/thumb/v7-m/nofp/libc_nano.a(lib_a-sbrkr.o)
 .comment       0x00000000000000a7       0x4f /usr/lib/gcc/arm-none-eabi/9.2.1/../../../arm-none-eabi/lib/thumb/v7-m/nofp/libc_nano.a(lib_a-stdio.o)
 .comment       0x00000000000000a7       0x4f /usr/lib/gcc/arm-none-eabi/9.2.1/../../../arm-none-eabi/lib/thumb/v7-m/nofp/libc_nano.a(lib_a-wbuf.o)
 .comment       0x00000000000000a7       0x4f /usr/lib/gcc/arm-none-eabi/9.2.1/../../../arm-none-eabi/lib/thumb/v7-m/nofp/libc_nano.a(lib_a-writer.o)
 .comment       0x00000000000000a7       0x4f /usr/lib/gcc/arm-none-eabi/9.2.1/../../../arm-none-eabi/lib/thumb/v7-m/nofp/libc_nano.a(lib_a-wsetup.o)
 .comment       0x00000000000000a7       0x4f /usr/lib/gcc/arm-none-eabi/9.2.1/../../../arm-none-eabi/lib/thumb/v7-m/nofp/libc_nano.a(lib_a-assert.o)
 .comment       0x00000000000000a7       0x4f /usr/lib/gcc/arm-none-eabi/9.2.1/../../../arm-none-eabi/lib/thumb/v7-m/nofp/libc_nano.a(lib_a-closer.o)
 .comment       0x00000000000000a7       0x4f /usr/lib/gcc/arm-none-eabi/9.2.1/../../../arm-none-eabi/lib/thumb/v7-m/nofp/libc_nano.a(lib_a-fflush.o)
 .comment       0x00000000000000a7       0x4f /usr/lib/gcc/arm-none-eabi/9.2.1/../../../arm-none-eabi/lib/thumb/v7-m/nofp/libc_nano.a(lib_a-fprintf.o)
 .comment       0x00000000000000a7       0x4f /usr/lib/gcc/arm-none-eabi/9.2.1/../../../arm-none-eabi/lib/thumb/v7-m/nofp/libc_nano.a(lib_a-fvwrite.o)
 .comment       0x00000000000000a7       0x4f /usr/lib/gcc/arm-none-eabi/9.2.1/../../../arm-none-eabi/lib/thumb/v7-m/nofp/libc_nano.a(lib_a-locale.o)
 .comment       0x00000000000000a7       0x4f /usr/lib/gcc/arm-none-eabi/9.2.1/../../../arm-none-eabi/lib/thumb/v7-m/nofp/libc_nano.a(lib_a-lseekr.o)
 .comment       0x00000000000000a7       0x4f /usr/lib/gcc/arm-none-eabi/9.2.1/../../../arm-none-eabi/lib/thumb/v7-m/nofp/libc_nano.a(lib_a-makebuf.o)
 .comment       0x00000000000000a7       0x4f /usr/lib/gcc/arm-none-eabi/9.2.1/../../../arm-none-eabi/lib/thumb/v7-m/nofp/libc_nano.a(lib_a-mbtowc_r.o)
 .comment       0x00000000000000a7       0x4f /usr/lib/gcc/arm-none-eabi/9.2.1/../../../arm-none-eabi/lib/thumb/v7-m/nofp/libc_nano.a(lib_a-memmove.o)
 .comment       0x00000000000000a7       0x4f /usr/lib/gcc/arm-none-eabi/9.2.1/../../../arm-none-eabi/lib/thumb/v7-m/nofp/libc_nano.a(lib_a-mlock.o)
 .comment       0x00000000000000a7       0x4f /usr/lib/gcc/arm-none-eabi/9.2.1/../../../arm-none-eabi/lib/thumb/v7-m/nofp/libc_nano.a(lib_a-nano-reallocr.o)
 .comment       0x00000000000000a7       0x4f /usr/lib/gcc/arm-none-eabi/9.2.1/../../../arm-none-eabi/lib/thumb/v7-m/nofp/libc_nano.a(lib_a-readr.o)
 .comment       0x00000000000000a7       0x4f /usr/lib/gcc/arm-none-eabi/9.2.1/../../../arm-none-eabi/lib/thumb/v7-m/nofp/libc_nano.a(lib_a-reent.o)
 .comment       0x00000000000000a7       0x4f /usr/lib/gcc/arm-none-eabi/9.2.1/../../../arm-none-eabi/lib/thumb/v7-m/nofp/libc_nano.a(lib_a-wctomb_r.o)
 .comment       0x00000000000000a7       0x4f /usr/lib/gcc/arm-none-eabi/9.2.1/../../../arm-none-eabi/lib/thumb/v7-m/nofp/libc_nano.a(lib_a-abort.o)
 .comment       0x00000000000000a7       0x4f /usr/lib/gcc/arm-none-eabi/9.2.1/../../../arm-none-eabi/lib/thumb/v7-m/nofp/libc_nano.a(lib_a-ctype_.o)
 .comment       0x00000000000000a7       0x4f /usr/lib/gcc/arm-none-eabi/9.2.1/../../../arm-none-eabi/lib/thumb/v7-m/nofp/libc_nano.a(lib_a-fstatr.o)
 .comment       0x00000000000000a7       0x4f /usr/lib/gcc/arm-none-eabi/9.2.1/../../../arm-none-eabi/lib/thumb/v7-m/nofp/libc_nano.a(lib_a-isattyr.o)
 .comment       0x00000000000000a7       0x4f /usr/lib/gcc/arm-none-eabi/9.2.1/../../../arm-none-eabi/lib/thumb/v7-m/nofp/libc_nano.a(lib_a-nano-msizer.o)
 .comment       0x00000000000000a7       0x4f /usr/lib/gcc/arm-none-eabi/9.2.1/../../../arm-none-eabi/lib/thumb/v7-m/nofp/libc_nano.a(lib_a-signal.o)
 .comment       0x00000000000000a7       0x4f /usr/lib/gcc/arm-none-eabi/9.2.1/../../../arm-none-eabi/lib/thumb/v7-m/nofp/libc_nano.a(lib_a-signalr.o)
 .comment       0x00000000000000a7       0x4f /usr/lib/gcc/arm-none-eabi/9.2.1/../../../arm-none-eabi/lib/thumb/v7-m/nofp/libnosys.a(close.o)
 .comment       0x00000000000000a7       0x4f /usr/lib/gcc/arm-none-eabi/9.2.1/../../../arm-none-eabi/lib/thumb/v7-m/nofp/libnosys.a(fstat.o)
 .comment       0x00000000000000a7       0x4f /usr/lib/gcc/arm-none-eabi/9.2.1/../../../arm-none-eabi/lib/thumb/v7-m/nofp/libnosys.a(getpid.o)
 .comment       0x00000000000000a7       0x4f /usr/lib/gcc/arm-none-eabi/9.2.1/../../../arm-none-eabi/lib/thumb/v7-m/nofp/libnosys.a(isatty.o)
 .comment       0x00000000000000a7       0x4f /usr/lib/gcc/arm-none-eabi/9.2.1/../../../arm-none-eabi/lib/thumb/v7-m/nofp/libnosys.a(kill.o)
 .comment       0x00000000000000a7       0x4f /usr/lib/gcc/arm-none-eabi/9.2.1/../../../arm-none-eabi/lib/thumb/v7-m/nofp/libnosys.a(lseek.o)
 .comment       0x00000000000000a7       0x4f /usr/lib/gcc/arm-none-eabi/9.2.1/../../../arm-none-eabi/lib/thumb/v7-m/nofp/libnosys.a(read.o)
 .comment       0x00000000000000a7       0x4f /usr/lib/gcc/arm-none-eabi/9.2.1/../../../arm-none-eabi/lib/thumb/v7-m/nofp/libnosys.a(sbrk.o)
 .comment       0x00000000000000a7       0x4f /usr/lib/gcc/arm-none-eabi/9.2.1/../../../arm-none-eabi/lib/thumb/v7-m/nofp/libnosys.a(_exit.o)
 .comment       0x00000000000000a7       0x5a /usr/lib/gcc/arm-none-eabi/9.2.1/thumb/v7-m/nofp/crtend.o

.debug_info     0x0000000000000000    0x48aa9
 .debug_info    0x0000000000000000     0x1eee build/main.o
 .debug_info    0x0000000000001eee      0xdf8 build/gpio.o
 .debug_info    0x0000000000002ce6     0x16e1 build/stm32f1xx_it.o
 .debug_info    0x00000000000043c7      0xc84 build/stm32f1xx_hal_msp.o
 .debug_info    0x000000000000504b     0x41de build/stm32f1xx_hal_tim.o
 .debug_info    0x0000000000009229     0x1da6 build/stm32f1xx_hal_tim_ex.o
 .debug_info    0x000000000000afcf      0x8c0 build/stm32f1xx_hal.o
 .debug_info    0x000000000000b88f      0xb37 build/stm32f1xx_hal_rcc.o
 .debug_info    0x000000000000c3c6      0x51d build/stm32f1xx_hal_rcc_ex.o
 .debug_info    0x000000000000c8e3      0x7a1 build/stm32f1xx_hal_gpio.o
 .debug_info    0x000000000000d084      0x991 build/stm32f1xx_hal_dma.o
 .debug_info    0x000000000000da15      0xed3 build/stm32f1xx_hal_cortex.o
 .debug_info    0x000000000000e8e8      0x2d3 build/system_stm32f1xx.o
 .debug_info    0x000000000000ebbb     0x149d build/usart.o
 .debug_info    0x0000000000010058     0x262a build/core.o
 .debug_info    0x0000000000012682     0x1452 build/timer.o
 .debug_info    0x0000000000013ad4     0x1a5f build/stm32f1xx_hal_uart.o
 .debug_info    0x0000000000015533     0x1e4a build/tim.o
 .debug_info    0x000000000001737d     0x13c0 build/adc.o
 .debug_info    0x000000000001873d     0x10d5 build/stm32f1xx_hal_adc.o
 .debug_info    0x0000000000019812      0xd67 build/stm32f1xx_hal_adc_ex.o
 .debug_info    0x000000000001a579      0xd61 build/dma.o
 .debug_info    0x000000000001b2da       0x22 build/startup_stm32f103xb.o
 .debug_info    0x000000000001b2fc      0x92a /usr/lib/gcc/arm-none-eabi/9.2.1/../../../arm-none-eabi/lib/thumb/v7-m/nofp/libc_nano.a(lib_a-impure.o)
 .debug_info    0x000000000001bc26      0x11a /usr/lib/gcc/arm-none-eabi/9.2.1/../../../arm-none-eabi/lib/thumb/v7-m/nofp/libc_nano.a(lib_a-init.o)
 .debug_info    0x000000000001bd40      0xf21 /usr/lib/gcc/arm-none-eabi/9.2.1/../../../arm-none-eabi/lib/thumb/v7-m/nofp/libc_nano.a(lib_a-memset.o)
 .debug_info    0x000000000001cc61     0x1adb /usr/lib/gcc/arm-none-eabi/9.2.1/../../../arm-none-eabi/lib/thumb/v7-m/nofp/libc_nano.a(lib_a-nano-vfprintf_float.o)
 .debug_info    0x000000000001e73c     0x1592 /usr/lib/gcc/arm-none-eabi/9.2.1/../../../arm-none-eabi/lib/thumb/v7-m/nofp/libc_nano.a(lib_a-nano-vfprintf_i.o)
 .debug_info    0x000000000001fcce      0xc67 /usr/lib/gcc/arm-none-eabi/9.2.1/../../../arm-none-eabi/lib/thumb/v7-m/nofp/libc_nano.a(lib_a-printf.o)
 .debug_info    0x0000000000020935      0xbf0 /usr/lib/gcc/arm-none-eabi/9.2.1/../../../arm-none-eabi/lib/thumb/v7-m/nofp/libc_nano.a(lib_a-putchar.o)
 .debug_info    0x0000000000021525      0x9a4 /usr/lib/gcc/arm-none-eabi/9.2.1/../../../arm-none-eabi/lib/thumb/v7-m/nofp/libc_nano.a(lib_a-strcat.o)
 .debug_info    0x0000000000021ec9      0x943 /usr/lib/gcc/arm-none-eabi/9.2.1/../../../arm-none-eabi/lib/thumb/v7-m/nofp/libc_nano.a(lib_a-strcpy.o)
 .debug_info    0x000000000002280c      0x941 /usr/lib/gcc/arm-none-eabi/9.2.1/../../../arm-none-eabi/lib/thumb/v7-m/nofp/libc_nano.a(lib_a-strlen-stub.o)
 .debug_info    0x000000000002314d     0x1b36 /usr/lib/gcc/arm-none-eabi/9.2.1/../../../arm-none-eabi/lib/thumb/v7-m/nofp/libc_nano.a(lib_a-dtoa.o)
 .debug_info    0x0000000000024c83     0x11a8 /usr/lib/gcc/arm-none-eabi/9.2.1/../../../arm-none-eabi/lib/thumb/v7-m/nofp/libc_nano.a(lib_a-findfp.o)
 .debug_info    0x0000000000025e2b      0xca4 /usr/lib/gcc/arm-none-eabi/9.2.1/../../../arm-none-eabi/lib/thumb/v7-m/nofp/libc_nano.a(lib_a-fwalk.o)
 .debug_info    0x0000000000026acf      0xf49 /usr/lib/gcc/arm-none-eabi/9.2.1/../../../arm-none-eabi/lib/thumb/v7-m/nofp/libc_nano.a(lib_a-localeconv.o)
 .debug_info    0x0000000000027a18      0x9b6 /usr/lib/gcc/arm-none-eabi/9.2.1/../../../arm-none-eabi/lib/thumb/v7-m/nofp/libc_nano.a(lib_a-malloc.o)
 .debug_info    0x00000000000283ce      0x9e3 /usr/lib/gcc/arm-none-eabi/9.2.1/../../../arm-none-eabi/lib/thumb/v7-m/nofp/libc_nano.a(lib_a-memchr-stub.o)
 .debug_info    0x0000000000028db1       0x26 /usr/lib/gcc/arm-none-eabi/9.2.1/../../../arm-none-eabi/lib/thumb/v7-m/nofp/libc_nano.a(lib_a-memcpy.o)
 .debug_info    0x0000000000028dd7     0x2409 /usr/lib/gcc/arm-none-eabi/9.2.1/../../../arm-none-eabi/lib/thumb/v7-m/nofp/libc_nano.a(lib_a-mprec.o)
 .debug_info    0x000000000002b1e0      0xafe /usr/lib/gcc/arm-none-eabi/9.2.1/../../../arm-none-eabi/lib/thumb/v7-m/nofp/libc_nano.a(lib_a-nano-callocr.o)
 .debug_info    0x000000000002bcde      0xb85 /usr/lib/gcc/arm-none-eabi/9.2.1/../../../arm-none-eabi/lib/thumb/v7-m/nofp/libc_nano.a(lib_a-nano-freer.o)
 .debug_info    0x000000000002c863      0xc5a /usr/lib/gcc/arm-none-eabi/9.2.1/../../../arm-none-eabi/lib/thumb/v7-m/nofp/libc_nano.a(lib_a-nano-mallocr.o)
 .debug_info    0x000000000002d4bd     0x176a /usr/lib/gcc/arm-none-eabi/9.2.1/../../../arm-none-eabi/lib/thumb/v7-m/nofp/libc_nano.a(lib_a-nano-vfprintf.o)
 .debug_info    0x000000000002ec27      0xd09 /usr/lib/gcc/arm-none-eabi/9.2.1/../../../arm-none-eabi/lib/thumb/v7-m/nofp/libc_nano.a(lib_a-putc.o)
 .debug_info    0x000000000002f930      0x9fb /usr/lib/gcc/arm-none-eabi/9.2.1/../../../arm-none-eabi/lib/thumb/v7-m/nofp/libc_nano.a(lib_a-sbrkr.o)
 .debug_info    0x000000000003032b      0xe67 /usr/lib/gcc/arm-none-eabi/9.2.1/../../../arm-none-eabi/lib/thumb/v7-m/nofp/libc_nano.a(lib_a-stdio.o)
 .debug_info    0x0000000000031192      0xc90 /usr/lib/gcc/arm-none-eabi/9.2.1/../../../arm-none-eabi/lib/thumb/v7-m/nofp/libc_nano.a(lib_a-wbuf.o)
 .debug_info    0x0000000000031e22      0xa2c /usr/lib/gcc/arm-none-eabi/9.2.1/../../../arm-none-eabi/lib/thumb/v7-m/nofp/libc_nano.a(lib_a-writer.o)
 .debug_info    0x000000000003284e      0xbfa /usr/lib/gcc/arm-none-eabi/9.2.1/../../../arm-none-eabi/lib/thumb/v7-m/nofp/libc_nano.a(lib_a-wsetup.o)
 .debug_info    0x0000000000033448      0xa41 /usr/lib/gcc/arm-none-eabi/9.2.1/../../../arm-none-eabi/lib/thumb/v7-m/nofp/libc_nano.a(lib_a-assert.o)
 .debug_info    0x0000000000033e89      0x9d8 /usr/lib/gcc/arm-none-eabi/9.2.1/../../../arm-none-eabi/lib/thumb/v7-m/nofp/libc_nano.a(lib_a-closer.o)
 .debug_info    0x0000000000034861      0xd7d /usr/lib/gcc/arm-none-eabi/9.2.1/../../../arm-none-eabi/lib/thumb/v7-m/nofp/libc_nano.a(lib_a-fflush.o)
 .debug_info    0x00000000000355de      0xa7a /usr/lib/gcc/arm-none-eabi/9.2.1/../../../arm-none-eabi/lib/thumb/v7-m/nofp/libc_nano.a(lib_a-fprintf.o)
 .debug_info    0x0000000000036058      0xf1c /usr/lib/gcc/arm-none-eabi/9.2.1/../../../arm-none-eabi/lib/thumb/v7-m/nofp/libc_nano.a(lib_a-fvwrite.o)
 .debug_info    0x0000000000036f74     0x10ca /usr/lib/gcc/arm-none-eabi/9.2.1/../../../arm-none-eabi/lib/thumb/v7-m/nofp/libc_nano.a(lib_a-locale.o)
 .debug_info    0x000000000003803e      0xa0d /usr/lib/gcc/arm-none-eabi/9.2.1/../../../arm-none-eabi/lib/thumb/v7-m/nofp/libc_nano.a(lib_a-lseekr.o)
 .debug_info    0x0000000000038a4b      0xf68 /usr/lib/gcc/arm-none-eabi/9.2.1/../../../arm-none-eabi/lib/thumb/v7-m/nofp/libc_nano.a(lib_a-makebuf.o)
 .debug_info    0x00000000000399b3     0x1044 /usr/lib/gcc/arm-none-eabi/9.2.1/../../../arm-none-eabi/lib/thumb/v7-m/nofp/libc_nano.a(lib_a-mbtowc_r.o)
 .debug_info    0x000000000003a9f7      0xf2b /usr/lib/gcc/arm-none-eabi/9.2.1/../../../arm-none-eabi/lib/thumb/v7-m/nofp/libc_nano.a(lib_a-memmove.o)
 .debug_info    0x000000000003b922      0x961 /usr/lib/gcc/arm-none-eabi/9.2.1/../../../arm-none-eabi/lib/thumb/v7-m/nofp/libc_nano.a(lib_a-mlock.o)
 .debug_info    0x000000000003c283      0xb77 /usr/lib/gcc/arm-none-eabi/9.2.1/../../../arm-none-eabi/lib/thumb/v7-m/nofp/libc_nano.a(lib_a-nano-reallocr.o)
 .debug_info    0x000000000003cdfa      0xa25 /usr/lib/gcc/arm-none-eabi/9.2.1/../../../arm-none-eabi/lib/thumb/v7-m/nofp/libc_nano.a(lib_a-readr.o)
 .debug_info    0x000000000003d81f      0xb0f /usr/lib/gcc/arm-none-eabi/9.2.1/../../../arm-none-eabi/lib/thumb/v7-m/nofp/libc_nano.a(lib_a-reent.o)
 .debug_info    0x000000000003e32e     0x1003 /usr/lib/gcc/arm-none-eabi/9.2.1/../../../arm-none-eabi/lib/thumb/v7-m/nofp/libc_nano.a(lib_a-wctomb_r.o)
 .debug_info    0x000000000003f331      0x9b5 /usr/lib/gcc/arm-none-eabi/9.2.1/../../../arm-none-eabi/lib/thumb/v7-m/nofp/libc_nano.a(lib_a-abort.o)
 .debug_info    0x000000000003fce6      0xe91 /usr/lib/gcc/arm-none-eabi/9.2.1/../../../arm-none-eabi/lib/thumb/v7-m/nofp/libc_nano.a(lib_a-ctype_.o)
 .debug_info    0x0000000000040b77      0xc23 /usr/lib/gcc/arm-none-eabi/9.2.1/../../../arm-none-eabi/lib/thumb/v7-m/nofp/libc_nano.a(lib_a-fstatr.o)
 .debug_info    0x000000000004179a      0x9d8 /usr/lib/gcc/arm-none-eabi/9.2.1/../../../arm-none-eabi/lib/thumb/v7-m/nofp/libc_nano.a(lib_a-isattyr.o)
 .debug_info    0x0000000000042172      0xaa6 /usr/lib/gcc/arm-none-eabi/9.2.1/../../../arm-none-eabi/lib/thumb/v7-m/nofp/libc_nano.a(lib_a-nano-msizer.o)
 .debug_info    0x0000000000042c18      0xd5c /usr/lib/gcc/arm-none-eabi/9.2.1/../../../arm-none-eabi/lib/thumb/v7-m/nofp/libc_nano.a(lib_a-signal.o)
 .debug_info    0x0000000000043974      0xa43 /usr/lib/gcc/arm-none-eabi/9.2.1/../../../arm-none-eabi/lib/thumb/v7-m/nofp/libc_nano.a(lib_a-signalr.o)
 .debug_info    0x00000000000443b7      0x96e /usr/lib/gcc/arm-none-eabi/9.2.1/../../../arm-none-eabi/lib/thumb/v7-m/nofp/libnosys.a(close.o)
 .debug_info    0x0000000000044d25      0xbb1 /usr/lib/gcc/arm-none-eabi/9.2.1/../../../arm-none-eabi/lib/thumb/v7-m/nofp/libnosys.a(fstat.o)
 .debug_info    0x00000000000458d6      0x959 /usr/lib/gcc/arm-none-eabi/9.2.1/../../../arm-none-eabi/lib/thumb/v7-m/nofp/libnosys.a(getpid.o)
 .debug_info    0x000000000004622f      0x96e /usr/lib/gcc/arm-none-eabi/9.2.1/../../../arm-none-eabi/lib/thumb/v7-m/nofp/libnosys.a(isatty.o)
 .debug_info    0x0000000000046b9d      0x97c /usr/lib/gcc/arm-none-eabi/9.2.1/../../../arm-none-eabi/lib/thumb/v7-m/nofp/libnosys.a(kill.o)
 .debug_info    0x0000000000047519      0x990 /usr/lib/gcc/arm-none-eabi/9.2.1/../../../arm-none-eabi/lib/thumb/v7-m/nofp/libnosys.a(lseek.o)
 .debug_info    0x0000000000047ea9      0x990 /usr/lib/gcc/arm-none-eabi/9.2.1/../../../arm-none-eabi/lib/thumb/v7-m/nofp/libnosys.a(read.o)
 .debug_info    0x0000000000048839       0x9d /usr/lib/gcc/arm-none-eabi/9.2.1/../../../arm-none-eabi/lib/thumb/v7-m/nofp/libnosys.a(sbrk.o)
 .debug_info    0x00000000000488d6       0xa3 /usr/lib/gcc/arm-none-eabi/9.2.1/../../../arm-none-eabi/lib/thumb/v7-m/nofp/libnosys.a(_exit.o)
 .debug_info    0x0000000000048979       0x26 /usr/lib/gcc/arm-none-eabi/9.2.1/thumb/v7-m/nofp/libgcc.a(_arm_mulsf3.o)
 .debug_info    0x000000000004899f       0x26 /usr/lib/gcc/arm-none-eabi/9.2.1/thumb/v7-m/nofp/libgcc.a(_arm_addsubdf3.o)
 .debug_info    0x00000000000489c5       0x26 /usr/lib/gcc/arm-none-eabi/9.2.1/thumb/v7-m/nofp/libgcc.a(_arm_muldivdf3.o)
 .debug_info    0x00000000000489eb       0x26 /usr/lib/gcc/arm-none-eabi/9.2.1/thumb/v7-m/nofp/libgcc.a(_arm_cmpdf2.o)
 .debug_info    0x0000000000048a11       0x26 /usr/lib/gcc/arm-none-eabi/9.2.1/thumb/v7-m/nofp/libgcc.a(_arm_unorddf2.o)
 .debug_info    0x0000000000048a37       0x26 /usr/lib/gcc/arm-none-eabi/9.2.1/thumb/v7-m/nofp/libgcc.a(_arm_fixdfsi.o)
 .debug_info    0x0000000000048a5d       0x26 /usr/lib/gcc/arm-none-eabi/9.2.1/thumb/v7-m/nofp/libgcc.a(_arm_addsubsf3.o)
 .debug_info    0x0000000000048a83       0x26 /usr/lib/gcc/arm-none-eabi/9.2.1/thumb/v7-m/nofp/libgcc.a(_arm_fixsfsi.o)

.debug_abbrev   0x0000000000000000     0xb81e
 .debug_abbrev  0x0000000000000000      0x30c build/main.o
 .debug_abbrev  0x000000000000030c      0x239 build/gpio.o
 .debug_abbrev  0x0000000000000545      0x231 build/stm32f1xx_it.o
 .debug_abbrev  0x0000000000000776      0x21c build/stm32f1xx_hal_msp.o
 .debug_abbrev  0x0000000000000992      0x2ee build/stm32f1xx_hal_tim.o
 .debug_abbrev  0x0000000000000c80      0x2c5 build/stm32f1xx_hal_tim_ex.o
 .debug_abbrev  0x0000000000000f45      0x21c build/stm32f1xx_hal.o
 .debug_abbrev  0x0000000000001161      0x2ad build/stm32f1xx_hal_rcc.o
 .debug_abbrev  0x000000000000140e      0x1fb build/stm32f1xx_hal_rcc_ex.o
 .debug_abbrev  0x0000000000001609      0x24f build/stm32f1xx_hal_gpio.o
 .debug_abbrev  0x0000000000001858      0x283 build/stm32f1xx_hal_dma.o