Archive member included to satisfy reference by file (symbol)

/usr/local/gcc-arm-none-eabi-8-2019-q3-update/bin/../lib/gcc/arm-none-eabi/8.3.1/../../../../arm-none-eabi/lib/thumb/v7-m/nofp/libc_nano.a(lib_a-exit.o)
                              /usr/local/gcc-arm-none-eabi-8-2019-q3-update/bin/../lib/gcc/arm-none-eabi/8.3.1/../../../../arm-none-eabi/lib/thumb/v7-m/nofp/crt0.o (exit)
/usr/local/gcc-arm-none-eabi-8-2019-q3-update/bin/../lib/gcc/arm-none-eabi/8.3.1/../../../../arm-none-eabi/lib/thumb/v7-m/nofp/libc_nano.a(lib_a-impure.o)
                              /usr/local/gcc-arm-none-eabi-8-2019-q3-update/bin/../lib/gcc/arm-none-eabi/8.3.1/../../../../arm-none-eabi/lib/thumb/v7-m/nofp/libc_nano.a(lib_a-exit.o) (_global_impure_ptr)
/usr/local/gcc-arm-none-eabi-8-2019-q3-update/bin/../lib/gcc/arm-none-eabi/8.3.1/../../../../arm-none-eabi/lib/thumb/v7-m/nofp/libc_nano.a(lib_a-init.o)
                              /usr/local/gcc-arm-none-eabi-8-2019-q3-update/bin/../lib/gcc/arm-none-eabi/8.3.1/../../../../arm-none-eabi/lib/thumb/v7-m/nofp/crt0.o (__libc_init_array)
/usr/local/gcc-arm-none-eabi-8-2019-q3-update/bin/../lib/gcc/arm-none-eabi/8.3.1/../../../../arm-none-eabi/lib/thumb/v7-m/nofp/libc_nano.a(lib_a-memset.o)
                              /usr/local/gcc-arm-none-eabi-8-2019-q3-update/bin/../lib/gcc/arm-none-eabi/8.3.1/../../../../arm-none-eabi/lib/thumb/v7-m/nofp/crt0.o (memset)
/usr/local/gcc-arm-none-eabi-8-2019-q3-update/bin/../lib/gcc/arm-none-eabi/8.3.1/../../../../arm-none-eabi/lib/thumb/v7-m/nofp/libc_nano.a(lib_a-nano-vfprintf_float.o)
                              (_printf_float)
/usr/local/gcc-arm-none-eabi-8-2019-q3-update/bin/../lib/gcc/arm-none-eabi/8.3.1/../../../../arm-none-eabi/lib/thumb/v7-m/nofp/libc_nano.a(lib_a-nano-vfprintf_i.o)
                              /usr/local/gcc-arm-none-eabi-8-2019-q3-update/bin/../lib/gcc/arm-none-eabi/8.3.1/../../../../arm-none-eabi/lib/thumb/v7-m/nofp/libc_nano.a(lib_a-nano-vfprintf_float.o) (_printf_common)
/usr/local/gcc-arm-none-eabi-8-2019-q3-update/bin/../lib/gcc/arm-none-eabi/8.3.1/../../../../arm-none-eabi/lib/thumb/v7-m/nofp/libc_nano.a(lib_a-printf.o)
                              build/core.o (printf)
/usr/local/gcc-arm-none-eabi-8-2019-q3-update/bin/../lib/gcc/arm-none-eabi/8.3.1/../../../../arm-none-eabi/lib/thumb/v7-m/nofp/libc_nano.a(lib_a-putchar.o)
                              build/core.o (putchar)
/usr/local/gcc-arm-none-eabi-8-2019-q3-update/bin/../lib/gcc/arm-none-eabi/8.3.1/../../../../arm-none-eabi/lib/thumb/v7-m/nofp/libc_nano.a(lib_a-puts.o)
                              build/core.o (puts)
/usr/local/gcc-arm-none-eabi-8-2019-q3-update/bin/../lib/gcc/arm-none-eabi/8.3.1/../../../../arm-none-eabi/lib/thumb/v7-m/nofp/libc_nano.a(lib_a-strcat.o)
                              build/core.o (strcat)
/usr/local/gcc-arm-none-eabi-8-2019-q3-update/bin/../lib/gcc/arm-none-eabi/8.3.1/../../../../arm-none-eabi/lib/thumb/v7-m/nofp/libc_nano.a(lib_a-strlen.o)
                              build/core.o (strlen)
/usr/local/gcc-arm-none-eabi-8-2019-q3-update/bin/../lib/gcc/arm-none-eabi/8.3.1/../../../../arm-none-eabi/lib/thumb/v7-m/nofp/libc_nano.a(lib_a-wbuf.o)
                              /usr/local/gcc-arm-none-eabi-8-2019-q3-update/bin/../lib/gcc/arm-none-eabi/8.3.1/../../../../arm-none-eabi/lib/thumb/v7-m/nofp/libc_nano.a(lib_a-puts.o) (__swbuf_r)
/usr/local/gcc-arm-none-eabi-8-2019-q3-update/bin/../lib/gcc/arm-none-eabi/8.3.1/../../../../arm-none-eabi/lib/thumb/v7-m/nofp/libc_nano.a(lib_a-wsetup.o)
                              /usr/local/gcc-arm-none-eabi-8-2019-q3-update/bin/../lib/gcc/arm-none-eabi/8.3.1/../../../../arm-none-eabi/lib/thumb/v7-m/nofp/libc_nano.a(lib_a-puts.o) (__swsetup_r)
/usr/local/gcc-arm-none-eabi-8-2019-q3-update/bin/../lib/gcc/arm-none-eabi/8.3.1/../../../../arm-none-eabi/lib/thumb/v7-m/nofp/libc_nano.a(lib_a-dtoa.o)
                              /usr/local/gcc-arm-none-eabi-8-2019-q3-update/bin/../lib/gcc/arm-none-eabi/8.3.1/../../../../arm-none-eabi/lib/thumb/v7-m/nofp/libc_nano.a(lib_a-nano-vfprintf_float.o) (_dtoa_r)
/usr/local/gcc-arm-none-eabi-8-2019-q3-update/bin/../lib/gcc/arm-none-eabi/8.3.1/../../../../arm-none-eabi/lib/thumb/v7-m/nofp/libc_nano.a(lib_a-fflush.o)
                              /usr/local/gcc-arm-none-eabi-8-2019-q3-update/bin/../lib/gcc/arm-none-eabi/8.3.1/../../../../arm-none-eabi/lib/thumb/v7-m/nofp/libc_nano.a(lib_a-wbuf.o) (_fflush_r)
/usr/local/gcc-arm-none-eabi-8-2019-q3-update/bin/../lib/gcc/arm-none-eabi/8.3.1/../../../../arm-none-eabi/lib/thumb/v7-m/nofp/libc_nano.a(lib_a-findfp.o)
                              /usr/local/gcc-arm-none-eabi-8-2019-q3-update/bin/../lib/gcc/arm-none-eabi/8.3.1/../../../../arm-none-eabi/lib/thumb/v7-m/nofp/libc_nano.a(lib_a-printf.o) (__sinit)
/usr/local/gcc-arm-none-eabi-8-2019-q3-update/bin/../lib/gcc/arm-none-eabi/8.3.1/../../../../arm-none-eabi/lib/thumb/v7-m/nofp/libc_nano.a(lib_a-fwalk.o)
[...]
Memory Configuration

Name             Origin             Length             Attributes
RAM              0x0000000020000000 0x0000000000005000 xrw
FLASH            0x0000000008000000 0x0000000000010000 xr
*default*        0x0000000000000000 0xffffffffffffffff

Linker script and memory map

LOAD /usr/local/gcc-arm-none-eabi-8-2019-q3-update/bin/../lib/gcc/arm-none-eabi/8.3.1/thumb/v7-m/nofp/crti.o
LOAD /usr/local/gcc-arm-none-eabi-8-2019-q3-update/bin/../lib/gcc/arm-none-eabi/8.3.1/thumb/v7-m/nofp/crtbegin.o
LOAD /usr/local/gcc-arm-none-eabi-8-2019-q3-update/bin/../lib/gcc/arm-none-eabi/8.3.1/../../../../arm-none-eabi/lib/thumb/v7-m/nofp/crt0.o
LOAD build/main.o
LOAD build/gpio.o
LOAD build/stm32f1xx_it.o
LOAD build/stm32f1xx_hal_msp.o
LOAD build/stm32f1xx_hal_gpio_ex.o
LOAD build/stm32f1xx_hal_tim.o
LOAD build/stm32f1xx_hal_tim_ex.o
LOAD build/stm32f1xx_hal.o
LOAD build/stm32f1xx_hal_rcc.o
LOAD build/stm32f1xx_hal_rcc_ex.o
LOAD build/stm32f1xx_hal_gpio.o
LOAD build/stm32f1xx_hal_dma.o
LOAD build/stm32f1xx_hal_cortex.o
LOAD build/stm32f1xx_hal_pwr.o
LOAD build/stm32f1xx_hal_flash.o
LOAD build/stm32f1xx_hal_flash_ex.o
LOAD build/stm32f1xx_hal_exti.o
LOAD build/system_stm32f1xx.o
LOAD build/usart.o
LOAD build/ds18b20.o
LOAD build/us_delay.o
LOAD build/core.o
LOAD build/timer.o
LOAD build/stm32f1xx_hal_uart.o
LOAD build/tim.o
LOAD build/adc.o
LOAD build/stm32f1xx_hal_adc.o
LOAD build/stm32f1xx_hal_adc_ex.o
LOAD build/dma.o
LOAD build/startup_stm32f103xb.o
LOAD /usr/local/gcc-arm-none-eabi-8-2019-q3-update/bin/../lib/gcc/arm-none-eabi/8.3.1/../../../../arm-none-eabi/lib/thumb/v7-m/nofp/libc_nano.a
LOAD /usr/local/gcc-arm-none-eabi-8-2019-q3-update/bin/../lib/gcc/arm-none-eabi/8.3.1/../../../../arm-none-eabi/lib/thumb/v7-m/nofp/libm.a
LOAD /usr/local/gcc-arm-none-eabi-8-2019-q3-update/bin/../lib/gcc/arm-none-eabi/8.3.1/../../../../arm-none-eabi/lib/thumb/v7-m/nofp/libnosys.a
LOAD /usr/local/gcc-arm-none-eabi-8-2019-q3-update/bin/../lib/gcc/arm-none-eabi/8.3.1/../../../../arm-none-eabi/lib/thumb/v7-m/nofp/libc_nano.a
LOAD /usr/local/gcc-arm-none-eabi-8-2019-q3-update/bin/../lib/gcc/arm-none-eabi/8.3.1/../../../../arm-none-eabi/lib/thumb/v7-m/nofp/librdimon_nano.a
START GROUP
LOAD /usr/local/gcc-arm-none-eabi-8-2019-q3-update/bin/../lib/gcc/arm-none-eabi/8.3.1/thumb/v7-m/nofp/libgcc.a
LOAD /usr/local/gcc-arm-none-eabi-8-2019-q3-update/bin/../lib/gcc/arm-none-eabi/8.3.1/../../../../arm-none-eabi/lib/thumb/v7-m/nofp/libc_nano.a
END GROUP
START GROUP
LOAD /usr/local/gcc-arm-none-eabi-8-2019-q3-update/bin/../lib/gcc/arm-none-eabi/8.3.1/thumb/v7-m/nofp/libgcc.a
LOAD /usr/local/gcc-arm-none-eabi-8-2019-q3-update/bin/../lib/gcc/arm-none-eabi/8.3.1/../../../../arm-none-eabi/lib/thumb/v7-m/nofp/libc_nano.a
END GROUP
LOAD /usr/local/gcc-arm-none-eabi-8-2019-q3-update/bin/../lib/gcc/arm-none-eabi/8.3.1/thumb/v7-m/nofp/crtend.o
LOAD /usr/local/gcc-arm-none-eabi-8-2019-q3-update/bin/../lib/gcc/arm-none-eabi/8.3.1/thumb/v7-m/nofp/crtn.o
                0x0000000020005000                _estack = 0x20005000
                0x0000000000000200                _Min_Heap_Size = 0x200
                0x0000000000000400                _Min_Stack_Size = 0x400

.isr_vector     0x0000000008000000      0x10c
                0x0000000008000000                . = ALIGN (0x4)
 *(.isr_vector)
 .isr_vector    0x0000000008000000      0x10c build/startup_stm32f103xb.o
                0x0000000008000000                g_pfnVectors
                0x000000000800010c                . = ALIGN (0x4)

.text           0x0000000008000110     0x6dbc
                0x0000000008000110                . = ALIGN (0x4)
 *(.text)
 .text          0x0000000008000110       0x40 /usr/local/gcc-arm-none-eabi-8-2019-q3-update/bin/../lib/gcc/arm-none-eabi/8.3.1/thumb/v7-m/nofp/crtbegin.o
 .text          0x0000000008000150       0x10 /usr/local/gcc-arm-none-eabi-8-2019-q3-update/bin/../lib/gcc/arm-none-eabi/8.3.1/../../../../arm-none-eabi/lib/thumb/v7-m/nofp/libc_nano.a(lib_a-strlen.o)
                0x0000000008000150                strlen
 .text          0x0000000008000160      0x378 /usr/local/gcc-arm-none-eabi-8-2019-q3-update/bin/../lib/gcc/arm-none-eabi/8.3.1/thumb/v7-m/nofp/libgcc.a(_arm_addsubdf3.o)
                0x0000000008000160                __aeabi_drsub
                0x0000000008000168                __aeabi_dsub
                0x0000000008000168                __subdf3
                0x000000000800016c                __adddf3
                0x000000000800016c                __aeabi_dadd
                0x00000000080003e4                __aeabi_ui2d
                0x00000000080003e4                __floatunsidf
                0x0000000008000404                __floatsidf
                0x0000000008000404                __aeabi_i2d
                0x0000000008000428                __extendsfdf2
                0x0000000008000428                __aeabi_f2d
                0x000000000800046c                __aeabi_ul2d
                0x000000000800046c                __floatundidf
                0x000000000800047c                __floatdidf
                0x000000000800047c                __aeabi_l2d
 .text          0x00000000080004d8      0x424 /usr/local/gcc-arm-none-eabi-8-2019-q3-update/bin/../lib/gcc/arm-none-eabi/8.3.1/thumb/v7-m/nofp/libgcc.a(_arm_muldivdf3.o)
                0x00000000080004d8                __aeabi_dmul
                0x00000000080004d8                __muldf3
                0x000000000800072c                __aeabi_ddiv
                0x000000000800072c                __divdf3
 .text          0x00000000080008fc      0x110 /usr/local/gcc-arm-none-eabi-8-2019-q3-update/bin/../lib/gcc/arm-none-eabi/8.3.1/thumb/v7-m/nofp/libgcc.a(_arm_cmpdf2.o)
                0x00000000080008fc                __gtdf2
                0x00000000080008fc                __gedf2
                0x0000000008000904                __ltdf2
                0x0000000008000904                __ledf2
                0x000000000800090c                __cmpdf2
                0x000000000800090c                __eqdf2
                0x000000000800090c                __nedf2
                0x0000000008000988                __aeabi_cdrcmple
                0x0000000008000998                __aeabi_cdcmple
                0x0000000008000998                __aeabi_cdcmpeq
                0x00000000080009a8                __aeabi_dcmpeq
                0x00000000080009bc                __aeabi_dcmplt
                0x00000000080009d0                __aeabi_dcmple
                0x00000000080009e4                __aeabi_dcmpge
                0x00000000080009f8                __aeabi_dcmpgt
 .text          0x0000000008000a0c       0x2c /usr/local/gcc-arm-none-eabi-8-2019-q3-update/bin/../lib/gcc/arm-none-eabi/8.3.1/thumb/v7-m/nofp/libgcc.a(_arm_unorddf2.o)
                0x0000000008000a0c                __aeabi_dcmpun
                0x0000000008000a0c                __unorddf2
 .text          0x0000000008000a38       0x50 /usr/local/gcc-arm-none-eabi-8-2019-q3-update/bin/../lib/gcc/arm-none-eabi/8.3.1/thumb/v7-m/nofp/libgcc.a(_arm_fixdfsi.o)
                0x0000000008000a38                __fixdfsi
                0x0000000008000a38                __aeabi_d2iz
 .text          0x0000000008000a88      0x21c /usr/local/gcc-arm-none-eabi-8-2019-q3-update/bin/../lib/gcc/arm-none-eabi/8.3.1/thumb/v7-m/nofp/libgcc.a(_arm_addsubsf3.o)
                0x0000000008000a88                __aeabi_frsub
                0x0000000008000a90                __subsf3
                0x0000000008000a90                __aeabi_fsub
                0x0000000008000a94                __aeabi_fadd
                0x0000000008000a94                __addsf3
                0x0000000008000bf4                __aeabi_ui2f
                0x0000000008000bf4                __floatunsisf
                0x0000000008000bfc                __aeabi_i2f
                0x0000000008000bfc                __floatsisf
                0x0000000008000c18                __floatundisf
                0x0000000008000c18                __aeabi_ul2f
                0x0000000008000c28                __floatdisf
                0x0000000008000c28                __aeabi_l2f
 .text          0x0000000008000ca4      0x2a0 /usr/local/gcc-arm-none-eabi-8-2019-q3-update/bin/../lib/gcc/arm-none-eabi/8.3.1/thumb/v7-m/nofp/libgcc.a(_arm_muldivsf3.o)
                0x0000000008000ca4                __mulsf3
                0x0000000008000ca4                __aeabi_fmul
                0x0000000008000e0c                __divsf3
                0x0000000008000e0c                __aeabi_fdiv
 .text          0x0000000008000f44       0xec /usr/local/gcc-arm-none-eabi-8-2019-q3-update/bin/../lib/gcc/arm-none-eabi/8.3.1/thumb/v7-m/nofp/libgcc.a(_arm_cmpsf2.o)
                0x0000000008000f44                __gtsf2
                0x0000000008000f44                __gesf2
                0x0000000008000f4c                __lesf2
                0x0000000008000f4c                __ltsf2
                0x0000000008000f54                __nesf2
                0x0000000008000f54                __eqsf2
                0x0000000008000f54                __cmpsf2
                0x0000000008000fb4                __aeabi_cfrcmple
                0x0000000008000fbc                __aeabi_cfcmple
                0x0000000008000fbc                __aeabi_cfcmpeq
                0x0000000008000fcc                __aeabi_fcmpeq
                0x0000000008000fe0                __aeabi_fcmplt
                0x0000000008000ff4                __aeabi_fcmple
                0x0000000008001008                __aeabi_fcmpge
                0x000000000800101c                __aeabi_fcmpgt
 .text          0x0000000008001030       0x4c /usr/local/gcc-arm-none-eabi-8-2019-q3-update/bin/../lib/gcc/arm-none-eabi/8.3.1/thumb/v7-m/nofp/libgcc.a(_arm_fixsfsi.o)
                0x0000000008001030                __fixsfsi
                0x0000000008001030                __aeabi_f2iz
 *(.text*)
 .text._write   0x000000000800107c       0x18 build/main.o
                0x000000000800107c                _write
 .text.SystemClock_Config
                0x0000000008001094       0x5c build/main.o
                0x0000000008001094                SystemClock_Config
 .text.main     0x00000000080010f0       0x6c build/main.o
                0x00000000080010f0                main
 .text.HAL_UART_RxCpltCallback
                0x000000000800115c       0x2c build/main.o
                0x000000000800115c                HAL_UART_RxCpltCallback
 .text.Error_Handler
                0x0000000008001188        0x2 build/main.o
                0x0000000008001188                Error_Handler
 *fill*         0x000000000800118a        0x2 
 .text.MX_GPIO_Init
                0x000000000800118c       0xd8 build/gpio.o
                0x000000000800118c                MX_GPIO_Init
 .text.NMI_Handler
                0x0000000008001264        0x2 build/stm32f1xx_it.o
                0x0000000008001264                NMI_Handler
 .text.HardFault_Handler
                0x0000000008001266        0x2 build/stm32f1xx_it.o
                0x0000000008001266                HardFault_Handler
 .text.MemManage_Handler
                0x0000000008001268        0x2 build/stm32f1xx_it.o
                0x0000000008001268                MemManage_Handler
 .text.BusFault_Handler
                0x000000000800126a        0x2 build/stm32f1xx_it.o
                0x000000000800126a                BusFault_Handler
 .text.UsageFault_Handler
                0x000000000800126c        0x2 build/stm32f1xx_it.o
                0x000000000800126c                UsageFault_Handler
 .text.SVC_Handler
                0x000000000800126e        0x2 build/stm32f1xx_it.o
                0x000000000800126e                SVC_Handler
 .text.DebugMon_Handler
                0x0000000008001270        0x2 build/stm32f1xx_it.o
                0x0000000008001270                DebugMon_Handler
 .text.PendSV_Handler
                0x0000000008001272        0x2 build/stm32f1xx_it.o
                0x0000000008001272                PendSV_Handler
 .text.SysTick_Handler
                0x0000000008001274        0x8 build/stm32f1xx_it.o
                0x0000000008001274                SysTick_Handler
 .text.DMA1_Channel1_IRQHandler
                0x000000000800127c       0x10 build/stm32f1xx_it.o
                0x000000000800127c                DMA1_Channel1_IRQHandler
 .text.TIM3_IRQHandler
                0x000000000800128c       0x10 build/stm32f1xx_it.o
                0x000000000800128c                TIM3_IRQHandler
 .text.TIM4_IRQHandler
                0x000000000800129c       0x10 build/stm32f1xx_it.o
                0x000000000800129c                TIM4_IRQHandler
 .text.USART1_IRQHandler
                0x00000000080012ac       0x10 build/stm32f1xx_it.o
                0x00000000080012ac                USART1_IRQHandler
 .text.HAL_MspInit
                0x00000000080012bc       0x44 build/stm32f1xx_hal_msp.o
                0x00000000080012bc                HAL_MspInit
 .text.HAL_TIM_PWM_MspInit
                0x0000000008001300        0x2 build/stm32f1xx_hal_tim.o
                0x0000000008001300                HAL_TIM_PWM_MspInit
 .text.HAL_TIM_PeriodElapsedCallback
                0x0000000008001302        0x2 build/stm32f1xx_hal_tim.o
                0x0000000008001302                HAL_TIM_PeriodElapsedCallback
 .text.HAL_TIM_PeriodElapsedHalfCpltCallback
                0x0000000008001304        0x2 build/stm32f1xx_hal_tim.o
                0x0000000008001304                HAL_TIM_PeriodElapsedHalfCpltCallback
 .text.HAL_TIM_OC_DelayElapsedCallback
                0x0000000008001306        0x2 build/stm32f1xx_hal_tim.o
                0x0000000008001306                HAL_TIM_OC_DelayElapsedCallback
 .text.HAL_TIM_IC_CaptureCallback
                0x0000000008001308        0x2 build/stm32f1xx_hal_tim.o
                0x0000000008001308                HAL_TIM_IC_CaptureCallback
 .text.HAL_TIM_IC_CaptureHalfCpltCallback
                0x000000000800130a        0x2 build/stm32f1xx_hal_tim.o
                0x000000000800130a                HAL_TIM_IC_CaptureHalfCpltCallback
 .text.HAL_TIM_PWM_PulseFinishedCallback
                0x000000000800130c        0x2 build/stm32f1xx_hal_tim.o
                0x000000000800130c                HAL_TIM_PWM_PulseFinishedCallback
 .text.HAL_TIM_PWM_PulseFinishedHalfCpltCallback
                0x000000000800130e        0x2 build/stm32f1xx_hal_tim.o
                0x000000000800130e                HAL_TIM_PWM_PulseFinishedHalfCpltCallback
 .text.HAL_TIM_TriggerCallback
                0x0000000008001310        0x2 build/stm32f1xx_hal_tim.o
                0x0000000008001310                HAL_TIM_TriggerCallback
 .text.HAL_TIM_TriggerHalfCpltCallback
                0x0000000008001312        0x2 build/stm32f1xx_hal_tim.o
                0x0000000008001312                HAL_TIM_TriggerHalfCpltCallback
 .text.HAL_TIM_ErrorCallback
                0x0000000008001314        0x2 build/stm32f1xx_hal_tim.o
                0x0000000008001314                HAL_TIM_ErrorCallback
 *fill*         0x0000000008001316        0x2 
 .text.TIM_OC1_SetConfig
                0x0000000008001318       0x5c build/stm32f1xx_hal_tim.o
 .text.TIM_OC3_SetConfig
                0x0000000008001374       0x64 build/stm32f1xx_hal_tim.o
 .text.TIM_OC4_SetConfig
                0x00000000080013d8       0x48 build/stm32f1xx_hal_tim.o
 .text.TIM_TI1_ConfigInputStage
                0x0000000008001420       0x24 build/stm32f1xx_hal_tim.o
 .text.TIM_TI2_ConfigInputStage
                0x0000000008001444       0x26 build/stm32f1xx_hal_tim.o
 .text.TIM_ITRx_SetConfig
                0x000000000800146a       0x10 build/stm32f1xx_hal_tim.o
 *fill*         0x000000000800147a        0x2 
 .text.HAL_TIM_Base_Start_IT
                0x000000000800147c       0x68 build/stm32f1xx_hal_tim.o
                0x000000000800147c                HAL_TIM_Base_Start_IT
 .text.HAL_TIM_IRQHandler
                0x00000000080014e4      0x196 build/stm32f1xx_hal_tim.o
                0x00000000080014e4                HAL_TIM_IRQHandler
 .text.HAL_TIM_RegisterCallback
                0x000000000800167a      0x182 build/stm32f1xx_hal_tim.o
                0x000000000800167a                HAL_TIM_RegisterCallback
 .text.TIM_Base_SetConfig
                0x00000000080017fc       0x74 build/stm32f1xx_hal_tim.o
                0x00000000080017fc                TIM_Base_SetConfig
 .text.TIM_OC2_SetConfig
                0x0000000008001870       0x64 build/stm32f1xx_hal_tim.o
                0x0000000008001870                TIM_OC2_SetConfig
 .text.HAL_TIM_PWM_ConfigChannel
                0x00000000080018d4       0xd0 build/stm32f1xx_hal_tim.o
                0x00000000080018d4                HAL_TIM_PWM_ConfigChannel
 .text.TIM_ETR_SetConfig
                0x00000000080019a4       0x16 build/stm32f1xx_hal_tim.o
                0x00000000080019a4                TIM_ETR_SetConfig
 .text.HAL_TIM_ConfigClockSource
                0x00000000080019ba       0xdc build/stm32f1xx_hal_tim.o
                0x00000000080019ba                HAL_TIM_ConfigClockSource
 .text.TIM_CCxChannelCmd
                0x0000000008001a96       0x20 build/stm32f1xx_hal_tim.o
                0x0000000008001a96                TIM_CCxChannelCmd
 *fill*         0x0000000008001ab6        0x2 
 .text.HAL_TIM_PWM_Start
                0x0000000008001ab8       0xe4 build/stm32f1xx_hal_tim.o
                0x0000000008001ab8                HAL_TIM_PWM_Start
 .text.TIM_ResetCallback
                0x0000000008001b9c       0x84 build/stm32f1xx_hal_tim.o
                0x0000000008001b9c                TIM_ResetCallback
 .text.HAL_TIM_Base_Init
                0x0000000008001c20       0x6c build/stm32f1xx_hal_tim.o
                0x0000000008001c20                HAL_TIM_Base_Init
 .text.HAL_TIM_PWM_Init
                0x0000000008001c8c       0x6c build/stm32f1xx_hal_tim.o
                0x0000000008001c8c                HAL_TIM_PWM_Init
 .text.HAL_TIMEx_MasterConfigSynchronization
                0x0000000008001cf8       0x68 build/stm32f1xx_hal_tim_ex.o
                0x0000000008001cf8                HAL_TIMEx_MasterConfigSynchronization
 .text.HAL_TIMEx_ConfigBreakDeadTime
                0x0000000008001d60       0x52 build/stm32f1xx_hal_tim_ex.o
                0x0000000008001d60                HAL_TIMEx_ConfigBreakDeadTime
 .text.HAL_TIMEx_CommutCallback
                0x0000000008001db2        0x2 build/stm32f1xx_hal_tim_ex.o
                0x0000000008001db2                HAL_TIMEx_CommutCallback
 .text.HAL_TIMEx_CommutHalfCpltCallback
                0x0000000008001db4        0x2 build/stm32f1xx_hal_tim_ex.o
                0x0000000008001db4                HAL_TIMEx_CommutHalfCpltCallback
 .text.HAL_TIMEx_BreakCallback
                0x0000000008001db6        0x2 build/stm32f1xx_hal_tim_ex.o
                0x0000000008001db6                HAL_TIMEx_BreakCallback
 .text.HAL_InitTick
                0x0000000008001db8       0x4c build/stm32f1xx_hal.o
                0x0000000008001db8                HAL_InitTick
 .text.HAL_Init
                0x0000000008001e04       0x24 build/stm32f1xx_hal.o
                0x0000000008001e04                HAL_Init
 .text.HAL_IncTick
                0x0000000008001e28       0x18 build/stm32f1xx_hal.o
                0x0000000008001e28                HAL_IncTick
 .text.HAL_GetTick
                0x0000000008001e40        0xc build/stm32f1xx_hal.o
                0x0000000008001e40                HAL_GetTick
 .text.HAL_Delay
                0x0000000008001e4c       0x28 build/stm32f1xx_hal.o
                0x0000000008001e4c                HAL_Delay
 .text.RCC_Delay
                0x0000000008001e74       0x2c build/stm32f1xx_hal_rcc.o
 .text.HAL_RCC_OscConfig
                0x0000000008001ea0      0x410 build/stm32f1xx_hal_rcc.o
                0x0000000008001ea0                HAL_RCC_OscConfig
 .text.HAL_RCC_GetSysClockFreq
                0x00000000080022b0       0x70 build/stm32f1xx_hal_rcc.o
                0x00000000080022b0                HAL_RCC_GetSysClockFreq
 .text.HAL_RCC_ClockConfig
                0x0000000008002320      0x16c build/stm32f1xx_hal_rcc.o
                0x0000000008002320                HAL_RCC_ClockConfig
 .text.HAL_RCC_GetHCLKFreq
                0x000000000800248c        0xc build/stm32f1xx_hal_rcc.o
                0x000000000800248c                HAL_RCC_GetHCLKFreq
 .text.HAL_RCC_GetPCLK1Freq
                0x0000000008002498       0x20 build/stm32f1xx_hal_rcc.o
                0x0000000008002498                HAL_RCC_GetPCLK1Freq
 .text.HAL_RCC_GetPCLK2Freq
                0x00000000080024b8       0x20 build/stm32f1xx_hal_rcc.o
                0x00000000080024b8                HAL_RCC_GetPCLK2Freq
 .text.HAL_RCCEx_PeriphCLKConfig
                0x00000000080024d8      0x114 build/stm32f1xx_hal_rcc_ex.o
                0x00000000080024d8                HAL_RCCEx_PeriphCLKConfig
 .text.HAL_RCCEx_GetPeriphCLKFreq
                0x00000000080025ec       0xf4 build/stm32f1xx_hal_rcc_ex.o
                0x00000000080025ec                HAL_RCCEx_GetPeriphCLKFreq
 .text.HAL_GPIO_Init
                0x00000000080026e0      0x1d8 build/stm32f1xx_hal_gpio.o
                0x00000000080026e0                HAL_GPIO_Init
 .text.HAL_GPIO_ReadPin
                0x00000000080028b8        0xe build/stm32f1xx_hal_gpio.o
                0x00000000080028b8                HAL_GPIO_ReadPin
 .text.HAL_GPIO_WritePin
                0x00000000080028c6        0xc build/stm32f1xx_hal_gpio.o
                0x00000000080028c6                HAL_GPIO_WritePin
 *fill*         0x00000000080028d2        0x2 
 .text.HAL_DMA_Init
                0x00000000080028d4       0x6c build/stm32f1xx_hal_dma.o
                0x00000000080028d4                HAL_DMA_Init
 .text.HAL_DMA_Abort_IT
                0x0000000008002940       0x98 build/stm32f1xx_hal_dma.o
                0x0000000008002940                HAL_DMA_Abort_IT
 .text.HAL_DMA_IRQHandler
                0x00000000080029d8      0x144 build/stm32f1xx_hal_dma.o
                0x00000000080029d8                HAL_DMA_IRQHandler
 .text.HAL_NVIC_SetPriorityGrouping
                0x0000000008002b1c       0x24 build/stm32f1xx_hal_cortex.o
                0x0000000008002b1c                HAL_NVIC_SetPriorityGrouping
 .text.HAL_NVIC_SetPriority
                0x0000000008002b40       0x68 build/stm32f1xx_hal_cortex.o
                0x0000000008002b40                HAL_NVIC_SetPriority
 .text.HAL_NVIC_EnableIRQ
                0x0000000008002ba8       0x1c build/stm32f1xx_hal_cortex.o
                0x0000000008002ba8                HAL_NVIC_EnableIRQ
 .text.HAL_SYSTICK_Config
                0x0000000008002bc4       0x2c build/stm32f1xx_hal_cortex.o
                0x0000000008002bc4                HAL_SYSTICK_Config
 .text.SystemInit
                0x0000000008002bf0        0x2 build/system_stm32f1xx.o
                0x0000000008002bf0                SystemInit
 *fill*         0x0000000008002bf2        0x2 
 .text.MX_USART1_UART_Init
                0x0000000008002bf4       0x34 build/usart.o
                0x0000000008002bf4                MX_USART1_UART_Init
 .text.HAL_UART_MspInit
                0x0000000008002c28       0x88 build/usart.o
                0x0000000008002c28                HAL_UART_MspInit
 .text.init_system
                0x0000000008002cb0      0x158 build/core.o
                0x0000000008002cb0                init_system
 .text.string2int
                0x0000000008002e08       0x32 build/core.o
                0x0000000008002e08                string2int
 *fill*         0x0000000008002e3a        0x2 
 .text.bluetooth_decode
                0x0000000008002e3c      0x174 build/core.o
                0x0000000008002e3c                bluetooth_decode
 .text.changeLight
                0x0000000008002fb0       0x58 build/core.o
                0x0000000008002fb0                changeLight
 .text.send_state
                0x0000000008003008      0x224 build/core.o
                0x0000000008003008                send_state
 .text.move     0x000000000800322c       0xf8 build/core.o
                0x000000000800322c                move
 .text.update_info
                0x0000000008003324      0x180 build/core.o
                0x0000000008003324                update_info
 .text.tempCheck
                0x00000000080034a4      0x134 build/core.o
                0x00000000080034a4                tempCheck
 .text.timeCheck
                0x00000000080035d8       0x78 build/core.o
                0x00000000080035d8                timeCheck
 .text.timerCallback
                0x0000000008003650       0x18 build/timer.o
                0x0000000008003650                timerCallback
 .text.timerInit
                0x0000000008003668       0x20 build/timer.o
                0x0000000008003668                timerInit
 .text.UART_EndRxTransfer
                0x0000000008003688       0x1c build/stm32f1xx_hal_uart.o
 .text.UART_Transmit_IT
                0x00000000080036a4       0x5e build/stm32f1xx_hal_uart.o
 *fill*         0x0000000008003702        0x2 
 .text.UART_SetConfig
                0x0000000008003704       0x90 build/stm32f1xx_hal_uart.o
 .text.UART_WaitOnFlagUntilTimeout
                0x0000000008003794       0x62 build/stm32f1xx_hal_uart.o
 .text.HAL_UART_Init
                0x00000000080037f6       0x5e build/stm32f1xx_hal_uart.o
                0x00000000080037f6                HAL_UART_Init
 .text.HAL_UART_Transmit
                0x0000000008003854       0xda build/stm32f1xx_hal_uart.o
                0x0000000008003854                HAL_UART_Transmit
 .text.HAL_UART_Receive_IT
                0x000000000800392e       0x5c build/stm32f1xx_hal_uart.o
                0x000000000800392e                HAL_UART_Receive_IT
 .text.HAL_UART_TxCpltCallback
                0x000000000800398a        0x2 build/stm32f1xx_hal_uart.o
                0x000000000800398a                HAL_UART_TxCpltCallback
 .text.UART_EndTransmit_IT
                0x000000000800398c       0x1a build/stm32f1xx_hal_uart.o
 .text.UART_Receive_IT
                0x00000000080039a6       0x92 build/stm32f1xx_hal_uart.o
 .text.HAL_UART_ErrorCallback
                0x0000000008003a38        0x2 build/stm32f1xx_hal_uart.o
                0x0000000008003a38                HAL_UART_ErrorCallback
 *fill*         0x0000000008003a3a        0x2 
 .text.HAL_UART_IRQHandler
                0x0000000008003a3c      0x128 build/stm32f1xx_hal_uart.o
                0x0000000008003a3c                HAL_UART_IRQHandler
 .text.UART_DMAAbortOnError
                0x0000000008003b64       0x10 build/stm32f1xx_hal_uart.o
 .text.MX_TIM3_Init
                0x0000000008003b74       0x70 build/tim.o
                0x0000000008003b74                MX_TIM3_Init
 .text.MX_TIM4_Init
                0x0000000008003be4       0x70 build/tim.o
                0x0000000008003be4                MX_TIM4_Init
 .text.HAL_TIM_Base_MspInit
                0x0000000008003c54       0xb0 build/tim.o
                0x0000000008003c54                HAL_TIM_Base_MspInit
 .text.HAL_TIM_MspPostInit
                0x0000000008003d04       0x84 build/tim.o
                0x0000000008003d04                HAL_TIM_MspPostInit
 .text.MX_TIM1_Init
                0x0000000008003d88       0xe8 build/tim.o
                0x0000000008003d88                MX_TIM1_Init
 .text.MX_TIM2_Init
                0x0000000008003e70       0xac build/tim.o
                0x0000000008003e70                MX_TIM2_Init
 .text.MX_ADC1_Init
                0x0000000008003f1c       0x5c build/adc.o
                0x0000000008003f1c                MX_ADC1_Init
 .text.HAL_ADC_MspInit
                0x0000000008003f78       0x9c build/adc.o
                0x0000000008003f78                HAL_ADC_MspInit
 .text.HAL_ADC_GetValue
                0x0000000008004014        0x6 build/stm32f1xx_hal_adc.o
                0x0000000008004014                HAL_ADC_GetValue
 *fill*         0x000000000800401a        0x2 
 .text.HAL_ADC_ConfigChannel
                0x000000000800401c      0x138 build/stm32f1xx_hal_adc.o
                0x000000000800401c                HAL_ADC_ConfigChannel
 .text.ADC_Enable
                0x0000000008004154       0x7c build/stm32f1xx_hal_adc.o
                0x0000000008004154                ADC_Enable
 .text.HAL_ADC_Start
                0x00000000080041d0       0xf0 build/stm32f1xx_hal_adc.o
                0x00000000080041d0                HAL_ADC_Start
 .text.ADC_ConversionStop_Disable
                0x00000000080042c0       0x4c build/stm32f1xx_hal_adc.o
                0x00000000080042c0                ADC_ConversionStop_Disable
 .text.HAL_ADC_Init
                0x000000000800430c      0x108 build/stm32f1xx_hal_adc.o
                0x000000000800430c                HAL_ADC_Init
 .text.HAL_ADCEx_Calibration_Start
                0x0000000008004414       0xe8 build/stm32f1xx_hal_adc_ex.o
                0x0000000008004414                HAL_ADCEx_Calibration_Start
 .text.MX_DMA_Init
                0x00000000080044fc       0x34 build/dma.o
                0x00000000080044fc                MX_DMA_Init
 .text.Reset_Handler
                0x0000000008004530       0x48 build/startup_stm32f103xb.o
                0x0000000008004530                Reset_Handler
 .text.Default_Handler
                0x0000000008004578        0x2 build/startup_stm32f103xb.o
                0x0000000008004578                RTC_Alarm_IRQHandler
                0x0000000008004578                EXTI2_IRQHandler
                0x0000000008004578                TIM1_CC_IRQHandler
                0x0000000008004578                PVD_IRQHandler
                0x0000000008004578                EXTI3_IRQHandler
                0x0000000008004578                EXTI0_IRQHandler
                0x0000000008004578                I2C2_EV_IRQHandler
                0x0000000008004578                ADC1_2_IRQHandler
                0x0000000008004578                SPI1_IRQHandler
                0x0000000008004578                TAMPER_IRQHandler
                0x0000000008004578                DMA1_Channel4_IRQHandler
                0x0000000008004578                USART3_IRQHandler
                0x0000000008004578                RTC_IRQHandler
                0x0000000008004578                DMA1_Channel7_IRQHandler
                0x0000000008004578                CAN1_RX1_IRQHandler
                0x0000000008004578                I2C1_EV_IRQHandler
                0x0000000008004578                DMA1_Channel6_IRQHandler
                0x0000000008004578                RCC_IRQHandler
                0x0000000008004578                TIM1_TRG_COM_IRQHandler
                0x0000000008004578                Default_Handler
                0x0000000008004578                EXTI15_10_IRQHandler
                0x0000000008004578                EXTI9_5_IRQHandler
                0x0000000008004578                SPI2_IRQHandler
                0x0000000008004578                DMA1_Channel5_IRQHandler
                0x0000000008004578                EXTI4_IRQHandler
                0x0000000008004578                USB_LP_CAN1_RX0_IRQHandler
                0x0000000008004578                USB_HP_CAN1_TX_IRQHandler
                0x0000000008004578                DMA1_Channel3_IRQHandler
                0x0000000008004578                TIM1_UP_IRQHandler
                0x0000000008004578                WWDG_IRQHandler
                0x0000000008004578                TIM2_IRQHandler
                0x0000000008004578                TIM1_BRK_IRQHandler
                0x0000000008004578                EXTI1_IRQHandler
                0x0000000008004578                USART2_IRQHandler
                0x0000000008004578                I2C2_ER_IRQHandler
                0x0000000008004578                DMA1_Channel2_IRQHandler
                0x0000000008004578                CAN1_SCE_IRQHandler
                0x0000000008004578                FLASH_IRQHandler
                0x0000000008004578                I2C1_ER_IRQHandler
                0x0000000008004578                USBWakeUp_IRQHandler
 *fill*         0x000000000800457a        0x2 
 .text.__libc_init_array
                0x000000000800457c       0x48 /usr/local/gcc-arm-none-eabi-8-2019-q3-update/bin/../lib/gcc/arm-none-eabi/8.3.1/../../../../arm-none-eabi/lib/thumb/v7-m/nofp/libc_nano.a(lib_a-init.o)
                0x000000000800457c                __libc_init_array
 .text.memset   0x00000000080045c4       0x10 /usr/local/gcc-arm-none-eabi-8-2019-q3-update/bin/../lib/gcc/arm-none-eabi/8.3.1/../../../../arm-none-eabi/lib/thumb/v7-m/nofp/libc_nano.a(lib_a-memset.o)
                0x00000000080045c4                memset
 .text.__cvt    0x00000000080045d4       0xba /usr/local/gcc-arm-none-eabi-8-2019-q3-update/bin/../lib/gcc/arm-none-eabi/8.3.1/../../../../arm-none-eabi/lib/thumb/v7-m/nofp/libc_nano.a(lib_a-nano-vfprintf_float.o)
                0x00000000080045d4                __cvt
 .text.__exponent
                0x000000000800468e       0x66 /usr/local/gcc-arm-none-eabi-8-2019-q3-update/bin/../lib/gcc/arm-none-eabi/8.3.1/../../../../arm-none-eabi/lib/thumb/v7-m/nofp/libc_nano.a(lib_a-nano-vfprintf_float.o)
                0x000000000800468e                __exponent
 .text._printf_float
                0x00000000080046f4      0x43c /usr/local/gcc-arm-none-eabi-8-2019-q3-update/bin/../lib/gcc/arm-none-eabi/8.3.1/../../../../arm-none-eabi/lib/thumb/v7-m/nofp/libc_nano.a(lib_a-nano-vfprintf_float.o)
                0x00000000080046f4                _printf_float
 .text._printf_common
                0x0000000008004b30       0xec /usr/local/gcc-arm-none-eabi-8-2019-q3-update/bin/../lib/gcc/arm-none-eabi/8.3.1/../../../../arm-none-eabi/lib/thumb/v7-m/nofp/libc_nano.a(lib_a-nano-vfprintf_i.o)
                0x0000000008004b30                _printf_common
 .text._printf_i
                0x0000000008004c1c      0x22c /usr/local/gcc-arm-none-eabi-8-2019-q3-update/bin/../lib/gcc/arm-none-eabi/8.3.1/../../../../arm-none-eabi/lib/thumb/v7-m/nofp/libc_nano.a(lib_a-nano-vfprintf_i.o)
                0x0000000008004c1c                _printf_i
 .text.printf   0x0000000008004e48       0x30 /usr/local/gcc-arm-none-eabi-8-2019-q3-update/bin/../lib/gcc/arm-none-eabi/8.3.1/../../../../arm-none-eabi/lib/thumb/v7-m/nofp/libc_nano.a(lib_a-printf.o)
                0x0000000008004e48                printf
                0x0000000008004e48                iprintf
 .text.putchar  0x0000000008004e78       0x28 /usr/local/gcc-arm-none-eabi-8-2019-q3-update/bin/../lib/gcc/arm-none-eabi/8.3.1/../../../../arm-none-eabi/lib/thumb/v7-m/nofp/libc_nano.a(lib_a-putchar.o)
                0x0000000008004e78                putchar
 .text._puts_r  0x0000000008004ea0       0xdc /usr/local/gcc-arm-none-eabi-8-2019-q3-update/bin/../lib/gcc/arm-none-eabi/8.3.1/../../../../arm-none-eabi/lib/thumb/v7-m/nofp/libc_nano.a(lib_a-puts.o)
                0x0000000008004ea0                _puts_r
 .text.puts     0x0000000008004f7c       0x10 /usr/local/gcc-arm-none-eabi-8-2019-q3-update/bin/../lib/gcc/arm-none-eabi/8.3.1/../../../../arm-none-eabi/lib/thumb/v7-m/nofp/libc_nano.a(lib_a-puts.o)
                0x0000000008004f7c                puts
 .text.strcat   0x0000000008004f8c       0x20 /usr/local/gcc-arm-none-eabi-8-2019-q3-update/bin/../lib/gcc/arm-none-eabi/8.3.1/../../../../arm-none-eabi/lib/thumb/v7-m/nofp/libc_nano.a(lib_a-strcat.o)
                0x0000000008004f8c                strcat
 .text.__swbuf_r
                0x0000000008004fac       0xa4 /usr/local/gcc-arm-none-eabi-8-2019-q3-update/bin/../lib/gcc/arm-none-eabi/8.3.1/../../../../arm-none-eabi/lib/thumb/v7-m/nofp/libc_nano.a(lib_a-wbuf.o)
                0x0000000008004fac                __swbuf_r
 .text.__swsetup_r
                0x0000000008005050       0xdc /usr/local/gcc-arm-none-eabi-8-2019-q3-update/bin/../lib/gcc/arm-none-eabi/8.3.1/../../../../arm-none-eabi/lib/thumb/v7-m/nofp/libc_nano.a(lib_a-wsetup.o)
                0x0000000008005050                __swsetup_r
 .text.quorem   0x000000000800512c      0x118 /usr/local/gcc-arm-none-eabi-8-2019-q3-update/bin/../lib/gcc/arm-none-eabi/8.3.1/../../../../arm-none-eabi/lib/thumb/v7-m/nofp/libc_nano.a(lib_a-dtoa.o)
 *fill*         0x0000000008005244        0x4 
 .text._dtoa_r  0x0000000008005248      0xb60 /usr/local/gcc-arm-none-eabi-8-2019-q3-update/bin/../lib/gcc/arm-none-eabi/8.3.1/../../../../arm-none-eabi/lib/thumb/v7-m/nofp/libc_nano.a(lib_a-dtoa.o)
                0x0000000008005248                _dtoa_r
 .text.__sflush_r
                0x0000000008005da8      0x10c /usr/local/gcc-arm-none-eabi-8-2019-q3-update/bin/../lib/gcc/arm-none-eabi/8.3.1/../../../../arm-none-eabi/lib/thumb/v7-m/nofp/libc_nano.a(lib_a-fflush.o)
                0x0000000008005da8                __sflush_r
 .text._fflush_r
                0x0000000008005eb4       0x78 /usr/local/gcc-arm-none-eabi-8-2019-q3-update/bin/../lib/gcc/arm-none-eabi/8.3.1/../../../../arm-none-eabi/lib/thumb/v7-m/nofp/libc_nano.a(lib_a-fflush.o)
                0x0000000008005eb4                _fflush_r
 .text.std      0x0000000008005f2c       0x48 /usr/local/gcc-arm-none-eabi-8-2019-q3-update/bin/../lib/gcc/arm-none-eabi/8.3.1/../../../../arm-none-eabi/lib/thumb/v7-m/nofp/libc_nano.a(lib_a-findfp.o)
 .text._cleanup_r
                0x0000000008005f74        0xc /usr/local/gcc-arm-none-eabi-8-2019-q3-update/bin/../lib/gcc/arm-none-eabi/8.3.1/../../../../arm-none-eabi/lib/thumb/v7-m/nofp/libc_nano.a(lib_a-findfp.o)
                0x0000000008005f74                _cleanup_r
 .text.__sfmoreglue
                0x0000000008005f80       0x2c /usr/local/gcc-arm-none-eabi-8-2019-q3-update/bin/../lib/gcc/arm-none-eabi/8.3.1/../../../../arm-none-eabi/lib/thumb/v7-m/nofp/libc_nano.a(lib_a-findfp.o)
                0x0000000008005f80                __sfmoreglue
 .text.__sfp_lock_acquire
                0x0000000008005fac        0xc /usr/local/gcc-arm-none-eabi-8-2019-q3-update/bin/../lib/gcc/arm-none-eabi/8.3.1/../../../../arm-none-eabi/lib/thumb/v7-m/nofp/libc_nano.a(lib_a-findfp.o)
                0x0000000008005fac                __sfp_lock_acquire
 .text.__sfp_lock_release
                0x0000000008005fb8        0xc /usr/local/gcc-arm-none-eabi-8-2019-q3-update/bin/../lib/gcc/arm-none-eabi/8.3.1/../../../../arm-none-eabi/lib/thumb/v7-m/nofp/libc_nano.a(lib_a-findfp.o)
                0x0000000008005fb8                __sfp_lock_release
 .text.__sinit_lock_acquire
                0x0000000008005fc4        0xc /usr/local/gcc-arm-none-eabi-8-2019-q3-update/bin/../lib/gcc/arm-none-eabi/8.3.1/../../../../arm-none-eabi/lib/thumb/v7-m/nofp/libc_nano.a(lib_a-findfp.o)
                0x0000000008005fc4                __sinit_lock_acquire
 .text.__sinit_lock_release
                0x0000000008005fd0        0xc /usr/local/gcc-arm-none-eabi-8-2019-q3-update/bin/../lib/gcc/arm-none-eabi/8.3.1/../../../../arm-none-eabi/lib/thumb/v7-m/nofp/libc_nano.a(lib_a-findfp.o)
                0x0000000008005fd0                __sinit_lock_release
 .text.__sinit  0x0000000008005fdc       0x70 /usr/local/gcc-arm-none-eabi-8-2019-q3-update/bin/../lib/gcc/arm-none-eabi/8.3.1/../../../../arm-none-eabi/lib/thumb/v7-m/nofp/libc_nano.a(lib_a-findfp.o)
                0x0000000008005fdc                __sinit
 .text.__sfp    0x000000000800604c       0x8c /usr/local/gcc-arm-none-eabi-8-2019-q3-update/bin/../lib/gcc/arm-none-eabi/8.3.1/../../../../arm-none-eabi/lib/thumb/v7-m/nofp/libc_nano.a(lib_a-findfp.o)
                0x000000000800604c                __sfp
 .text._fwalk_reent
                0x00000000080060d8       0x3c /usr/local/gcc-arm-none-eabi-8-2019-q3-update/bin/../lib/gcc/arm-none-eabi/8.3.1/../../../../arm-none-eabi/lib/thumb/v7-m/nofp/libc_nano.a(lib_a-fwalk.o)
                0x00000000080060d8                _fwalk_reent
 .text._localeconv_r
                0x0000000008006114        0x8 /usr/local/gcc-arm-none-eabi-8-2019-q3-update/bin/../lib/gcc/arm-none-eabi/8.3.1/../../../../arm-none-eabi/lib/thumb/v7-m/nofp/libc_nano.a(lib_a-localeconv.o)
                0x0000000008006114                _localeconv_r
 .text.__retarget_lock_init_recursive
                0x000000000800611c        0x2 /usr/local/gcc-arm-none-eabi-8-2019-q3-update/bin/../lib/gcc/arm-none-eabi/8.3.1/../../../../arm-none-eabi/lib/thumb/v7-m/nofp/libc_nano.a(lib_a-lock.o)
                0x000000000800611c                __retarget_lock_init_recursive
 .text.__retarget_lock_acquire_recursive
                0x000000000800611e        0x2 /usr/local/gcc-arm-none-eabi-8-2019-q3-update/bin/../lib/gcc/arm-none-eabi/8.3.1/../../../../arm-none-eabi/lib/thumb/v7-m/nofp/libc_nano.a(lib_a-lock.o)
                0x000000000800611e                __retarget_lock_acquire_recursive
 .text.__retarget_lock_release_recursive
                0x0000000008006120        0x2 /usr/local/gcc-arm-none-eabi-8-2019-q3-update/bin/../lib/gcc/arm-none-eabi/8.3.1/../../../../arm-none-eabi/lib/thumb/v7-m/nofp/libc_nano.a(lib_a-lock.o)
                0x0000000008006120                __retarget_lock_release_recursive
 .text.__swhatbuf_r
                0x0000000008006122       0x48 /usr/local/gcc-arm-none-eabi-8-2019-q3-update/bin/../lib/gcc/arm-none-eabi/8.3.1/../../../../arm-none-eabi/lib/thumb/v7-m/nofp/libc_nano.a(lib_a-makebuf.o)
                0x0000000008006122                __swhatbuf_r
 *fill*         0x000000000800616a        0x2 
 .text.__smakebuf_r
                0x000000000800616c       0x80 /usr/local/gcc-arm-none-eabi-8-2019-q3-update/bin/../lib/gcc/arm-none-eabi/8.3.1/../../../../arm-none-eabi/lib/thumb/v7-m/nofp/libc_nano.a(lib_a-makebuf.o)
                0x000000000800616c                __smakebuf_r
 .text.malloc   0x00000000080061ec       0x10 /usr/local/gcc-arm-none-eabi-8-2019-q3-update/bin/../lib/gcc/arm-none-eabi/8.3.1/../../../../arm-none-eabi/lib/thumb/v7-m/nofp/libc_nano.a(lib_a-malloc.o)
                0x00000000080061ec                malloc
 .text.memchr   0x00000000080061fc       0x1c /usr/local/gcc-arm-none-eabi-8-2019-q3-update/bin/../lib/gcc/arm-none-eabi/8.3.1/../../../../arm-none-eabi/lib/thumb/v7-m/nofp/libc_nano.a(lib_a-memchr-stub.o)
                0x00000000080061fc                memchr
 .text.memcpy   0x0000000008006218       0x1c /usr/local/gcc-arm-none-eabi-8-2019-q3-update/bin/../lib/gcc/arm-none-eabi/8.3.1/../../../../arm-none-eabi/lib/thumb/v7-m/nofp/libc_nano.a(lib_a-memcpy-stub.o)
                0x0000000008006218                memcpy
 .text._Balloc  0x0000000008006234       0x68 /usr/local/gcc-arm-none-eabi-8-2019-q3-update/bin/../lib/gcc/arm-none-eabi/8.3.1/../../../../arm-none-eabi/lib/thumb/v7-m/nofp/libc_nano.a(lib_a-mprec.o)
                0x0000000008006234                _Balloc
 .text._Bfree   0x000000000800629c       0x2e /usr/local/gcc-arm-none-eabi-8-2019-q3-update/bin/../lib/gcc/arm-none-eabi/8.3.1/../../../../arm-none-eabi/lib/thumb/v7-m/nofp/libc_nano.a(lib_a-mprec.o)
                0x000000000800629c                _Bfree
 .text.__multadd
                0x00000000080062ca       0x76 /usr/local/gcc-arm-none-eabi-8-2019-q3-update/bin/../lib/gcc/arm-none-eabi/8.3.1/../../../../arm-none-eabi/lib/thumb/v7-m/nofp/libc_nano.a(lib_a-mprec.o)
                0x00000000080062ca                __multadd
 .text.__hi0bits
                0x0000000008006340       0x40 /usr/local/gcc-arm-none-eabi-8-2019-q3-update/bin/../lib/gcc/arm-none-eabi/8.3.1/../../../../arm-none-eabi/lib/thumb/v7-m/nofp/libc_nano.a(lib_a-mprec.o)
                0x0000000008006340                __hi0bits
 .text.__lo0bits
                0x0000000008006380       0x60 /usr/local/gcc-arm-none-eabi-8-2019-q3-update/bin/../lib/gcc/arm-none-eabi/8.3.1/../../../../arm-none-eabi/lib/thumb/v7-m/nofp/libc_nano.a(lib_a-mprec.o)
                0x0000000008006380                __lo0bits
 .text.__i2b    0x00000000080063e0       0x12 /usr/local/gcc-arm-none-eabi-8-2019-q3-update/bin/../lib/gcc/arm-none-eabi/8.3.1/../../../../arm-none-eabi/lib/thumb/v7-m/nofp/libc_nano.a(lib_a-mprec.o)
                0x00000000080063e0                __i2b
 .text.__multiply
                0x00000000080063f2      0x11e /usr/local/gcc-arm-none-eabi-8-2019-q3-update/bin/../lib/gcc/arm-none-eabi/8.3.1/../../../../arm-none-eabi/lib/thumb/v7-m/nofp/libc_nano.a(lib_a-mprec.o)
                0x00000000080063f2                __multiply
 .text.__pow5mult
                0x0000000008006510       0x9c /usr/local/gcc-arm-none-eabi-8-2019-q3-update/bin/../lib/gcc/arm-none-eabi/8.3.1/../../../../arm-none-eabi/lib/thumb/v7-m/nofp/libc_nano.a(lib_a-mprec.o)
                0x0000000008006510                __pow5mult
 .text.__lshift
                0x00000000080065ac       0xa6 /usr/local/gcc-arm-none-eabi-8-2019-q3-update/bin/../lib/gcc/arm-none-eabi/8.3.1/../../../../arm-none-eabi/lib/thumb/v7-m/nofp/libc_nano.a(lib_a-mprec.o)
                0x00000000080065ac                __lshift
 .text.__mcmp   0x0000000008006652       0x34 /usr/local/gcc-arm-none-eabi-8-2019-q3-update/bin/../lib/gcc/arm-none-eabi/8.3.1/../../../../arm-none-eabi/lib/thumb/v7-m/nofp/libc_nano.a(lib_a-mprec.o)
                0x0000000008006652                __mcmp
 .text.__mdiff  0x0000000008006686       0xbc /usr/local/gcc-arm-none-eabi-8-2019-q3-update/bin/../lib/gcc/arm-none-eabi/8.3.1/../../../../arm-none-eabi/lib/thumb/v7-m/nofp/libc_nano.a(lib_a-mprec.o)
                0x0000000008006686                __mdiff
 .text.__d2b    0x0000000008006742       0x9c /usr/local/gcc-arm-none-eabi-8-2019-q3-update/bin/../lib/gcc/arm-none-eabi/8.3.1/../../../../arm-none-eabi/lib/thumb/v7-m/nofp/libc_nano.a(lib_a-mprec.o)
                0x0000000008006742                __d2b
 .text._calloc_r
                0x00000000080067de       0x1c /usr/local/gcc-arm-none-eabi-8-2019-q3-update/bin/../lib/gcc/arm-none-eabi/8.3.1/../../../../arm-none-eabi/lib/thumb/v7-m/nofp/libc_nano.a(lib_a-nano-callocr.o)
                0x00000000080067de                _calloc_r
 *fill*         0x00000000080067fa        0x2 
 .text._free_r  0x00000000080067fc       0x98 /usr/local/gcc-arm-none-eabi-8-2019-q3-update/bin/../lib/gcc/arm-none-eabi/8.3.1/../../../../arm-none-eabi/lib/thumb/v7-m/nofp/libc_nano.a(lib_a-nano-freer.o)
                0x00000000080067fc                _free_r
 .text._malloc_r
                0x0000000008006894       0xb4 /usr/local/gcc-arm-none-eabi-8-2019-q3-update/bin/../lib/gcc/arm-none-eabi/8.3.1/../../../../arm-none-eabi/lib/thumb/v7-m/nofp/libc_nano.a(lib_a-nano-mallocr.o)
                0x0000000008006894                _malloc_r
 .text.__sfputc_r
                0x0000000008006948       0x2a /usr/local/gcc-arm-none-eabi-8-2019-q3-update/bin/../lib/gcc/arm-none-eabi/8.3.1/../../../../arm-none-eabi/lib/thumb/v7-m/nofp/libc_nano.a(lib_a-nano-vfprintf.o)
 .text.__sfputs_r
                0x0000000008006972       0x24 /usr/local/gcc-arm-none-eabi-8-2019-q3-update/bin/../lib/gcc/arm-none-eabi/8.3.1/../../../../arm-none-eabi/lib/thumb/v7-m/nofp/libc_nano.a(lib_a-nano-vfprintf.o)
                0x0000000008006972                __sfputs_r
 *fill*         0x0000000008006996        0x2 
 .text._vfprintf_r
                0x0000000008006998      0x250 /usr/local/gcc-arm-none-eabi-8-2019-q3-update/bin/../lib/gcc/arm-none-eabi/8.3.1/../../../../arm-none-eabi/lib/thumb/v7-m/nofp/libc_nano.a(lib_a-nano-vfprintf.o)
                0x0000000008006998                _vfiprintf_r
                0x0000000008006998                _vfprintf_r
 .text._putc_r  0x0000000008006be8       0x90 /usr/local/gcc-arm-none-eabi-8-2019-q3-update/bin/../lib/gcc/arm-none-eabi/8.3.1/../../../../arm-none-eabi/lib/thumb/v7-m/nofp/libc_nano.a(lib_a-putc.o)
                0x0000000008006be8                _putc_r
 .text._sbrk_r  0x0000000008006c78       0x20 /usr/local/gcc-arm-none-eabi-8-2019-q3-update/bin/../lib/gcc/arm-none-eabi/8.3.1/../../../../arm-none-eabi/lib/thumb/v7-m/nofp/libc_nano.a(lib_a-sbrkr.o)
                0x0000000008006c78                _sbrk_r
 .text.__sread  0x0000000008006c98       0x22 /usr/local/gcc-arm-none-eabi-8-2019-q3-update/bin/../lib/gcc/arm-none-eabi/8.3.1/../../../../arm-none-eabi/lib/thumb/v7-m/nofp/libc_nano.a(lib_a-stdio.o)
                0x0000000008006c98                __sread
 .text.__swrite
                0x0000000008006cba       0x38 /usr/local/gcc-arm-none-eabi-8-2019-q3-update/bin/../lib/gcc/arm-none-eabi/8.3.1/../../../../arm-none-eabi/lib/thumb/v7-m/nofp/libc_nano.a(lib_a-stdio.o)
                0x0000000008006cba                __swrite
 .text.__sseek  0x0000000008006cf2       0x24 /usr/local/gcc-arm-none-eabi-8-2019-q3-update/bin/../lib/gcc/arm-none-eabi/8.3.1/../../../../arm-none-eabi/lib/thumb/v7-m/nofp/libc_nano.a(lib_a-stdio.o)
                0x0000000008006cf2                __sseek
 .text.__sclose
                0x0000000008006d16        0x8 /usr/local/gcc-arm-none-eabi-8-2019-q3-update/bin/../lib/gcc/arm-none-eabi/8.3.1/../../../../arm-none-eabi/lib/thumb/v7-m/nofp/libc_nano.a(lib_a-stdio.o)
                0x0000000008006d16                __sclose
 *fill*         0x0000000008006d1e        0x2 
 .text._write_r
                0x0000000008006d20       0x24 /usr/local/gcc-arm-none-eabi-8-2019-q3-update/bin/../lib/gcc/arm-none-eabi/8.3.1/../../../../arm-none-eabi/lib/thumb/v7-m/nofp/libc_nano.a(lib_a-writer.o)
                0x0000000008006d20                _write_r
 .text._close_r
                0x0000000008006d44       0x20 /usr/local/gcc-arm-none-eabi-8-2019-q3-update/bin/../lib/gcc/arm-none-eabi/8.3.1/../../../../arm-none-eabi/lib/thumb/v7-m/nofp/libc_nano.a(lib_a-closer.o)
                0x0000000008006d44                _close_r
 .text._fstat_r
                0x0000000008006d64       0x24 /usr/local/gcc-arm-none-eabi-8-2019-q3-update/bin/../lib/gcc/arm-none-eabi/8.3.1/../../../../arm-none-eabi/lib/thumb/v7-m/nofp/libc_nano.a(lib_a-fstatr.o)
                0x0000000008006d64                _fstat_r
 .text._isatty_r
                0x0000000008006d88       0x20 /usr/local/gcc-arm-none-eabi-8-2019-q3-update/bin/../lib/gcc/arm-none-eabi/8.3.1/../../../../arm-none-eabi/lib/thumb/v7-m/nofp/libc_nano.a(lib_a-isattyr.o)
                0x0000000008006d88                _isatty_r
 .text._lseek_r
                0x0000000008006da8       0x24 /usr/local/gcc-arm-none-eabi-8-2019-q3-update/bin/../lib/gcc/arm-none-eabi/8.3.1/../../../../arm-none-eabi/lib/thumb/v7-m/nofp/libc_nano.a(lib_a-lseekr.o)
                0x0000000008006da8                _lseek_r
 .text.__ascii_mbtowc
                0x0000000008006dcc       0x24 /usr/local/gcc-arm-none-eabi-8-2019-q3-update/bin/../lib/gcc/arm-none-eabi/8.3.1/../../../../arm-none-eabi/lib/thumb/v7-m/nofp/libc_nano.a(lib_a-mbtowc_r.o)
                0x0000000008006dcc                __ascii_mbtowc
 .text.__malloc_lock
                0x0000000008006df0        0xc /usr/local/gcc-arm-none-eabi-8-2019-q3-update/bin/../lib/gcc/arm-none-eabi/8.3.1/../../../../arm-none-eabi/lib/thumb/v7-m/nofp/libc_nano.a(lib_a-mlock.o)
                0x0000000008006df0                __malloc_lock
 .text.__malloc_unlock
                0x0000000008006dfc        0xc /usr/local/gcc-arm-none-eabi-8-2019-q3-update/bin/../lib/gcc/arm-none-eabi/8.3.1/../../../../arm-none-eabi/lib/thumb/v7-m/nofp/libc_nano.a(lib_a-mlock.o)
                0x0000000008006dfc                __malloc_unlock
 .text._read_r  0x0000000008006e08       0x24 /usr/local/gcc-arm-none-eabi-8-2019-q3-update/bin/../lib/gcc/arm-none-eabi/8.3.1/../../../../arm-none-eabi/lib/thumb/v7-m/nofp/libc_nano.a(lib_a-readr.o)
                0x0000000008006e08                _read_r
 .text.__ascii_wctomb
                0x0000000008006e2c       0x1a /usr/local/gcc-arm-none-eabi-8-2019-q3-update/bin/../lib/gcc/arm-none-eabi/8.3.1/../../../../arm-none-eabi/lib/thumb/v7-m/nofp/libc_nano.a(lib_a-wctomb_r.o)
                0x0000000008006e2c                __ascii_wctomb
 *fill*         0x0000000008006e46        0x2 
 .text._close   0x0000000008006e48       0x10 /usr/local/gcc-arm-none-eabi-8-2019-q3-update/bin/../lib/gcc/arm-none-eabi/8.3.1/../../../../arm-none-eabi/lib/thumb/v7-m/nofp/libnosys.a(close.o)
                0x0000000008006e48                _close
 .text._fstat   0x0000000008006e58       0x10 /usr/local/gcc-arm-none-eabi-8-2019-q3-update/bin/../lib/gcc/arm-none-eabi/8.3.1/../../../../arm-none-eabi/lib/thumb/v7-m/nofp/libnosys.a(fstat.o)
                0x0000000008006e58                _fstat
 .text._isatty  0x0000000008006e68       0x10 /usr/local/gcc-arm-none-eabi-8-2019-q3-update/bin/../lib/gcc/arm-none-eabi/8.3.1/../../../../arm-none-eabi/lib/thumb/v7-m/nofp/libnosys.a(isatty.o)
                0x0000000008006e68                _isatty
 .text._lseek   0x0000000008006e78       0x10 /usr/local/gcc-arm-none-eabi-8-2019-q3-update/bin/../lib/gcc/arm-none-eabi/8.3.1/../../../../arm-none-eabi/lib/thumb/v7-m/nofp/libnosys.a(lseek.o)
                0x0000000008006e78                _lseek
 .text._read    0x0000000008006e88       0x10 /usr/local/gcc-arm-none-eabi-8-2019-q3-update/bin/../lib/gcc/arm-none-eabi/8.3.1/../../../../arm-none-eabi/lib/thumb/v7-m/nofp/libnosys.a(read.o)
                0x0000000008006e88                _read
 .text._sbrk    0x0000000008006e98       0x1c /usr/local/gcc-arm-none-eabi-8-2019-q3-update/bin/../lib/gcc/arm-none-eabi/8.3.1/../../../../arm-none-eabi/lib/thumb/v7-m/nofp/libnosys.a(sbrk.o)
                0x0000000008006e98                _sbrk
 *(.glue_7)
 .glue_7        0x0000000008006eb4        0x0 linker stubs
 *(.glue_7t)
 .glue_7t       0x0000000008006eb4        0x0 linker stubs
 *(.eh_frame)
 .eh_frame      0x0000000008006eb4        0x0 /usr/local/gcc-arm-none-eabi-8-2019-q3-update/bin/../lib/gcc/arm-none-eabi/8.3.1/thumb/v7-m/nofp/crtbegin.o
 *(.init)
 .init          0x0000000008006eb4        0x4 /usr/local/gcc-arm-none-eabi-8-2019-q3-update/bin/../lib/gcc/arm-none-eabi/8.3.1/thumb/v7-m/nofp/crti.o
                0x0000000008006eb4                _init
 .init          0x0000000008006eb8        0x8 /usr/local/gcc-arm-none-eabi-8-2019-q3-update/bin/../lib/gcc/arm-none-eabi/8.3.1/thumb/v7-m/nofp/crtn.o
 *(.fini)
 .fini          0x0000000008006ec0        0x4 /usr/local/gcc-arm-none-eabi-8-2019-q3-update/bin/../lib/gcc/arm-none-eabi/8.3.1/thumb/v7-m/nofp/crti.o
                0x0000000008006ec0                _fini
 .fini          0x0000000008006ec4        0x8 /usr/local/gcc-arm-none-eabi-8-2019-q3-update/bin/../lib/gcc/arm-none-eabi/8.3.1/thumb/v7-m/nofp/crtn.o
                0x0000000008006ecc                . = ALIGN (0x4)
                0x0000000008006ecc                _etext = .

.vfp11_veneer   0x0000000008006ecc        0x0
 .vfp11_veneer  0x0000000008006ecc        0x0 linker stubs

.v4_bx          0x0000000008006ecc        0x0
 .v4_bx         0x0000000008006ecc        0x0 linker stubs

.iplt           0x0000000008006ecc        0x0
 .iplt          0x0000000008006ecc        0x0 /usr/local/gcc-arm-none-eabi-8-2019-q3-update/bin/../lib/gcc/arm-none-eabi/8.3.1/thumb/v7-m/nofp/crtbegin.o

.rodata         0x0000000008006ed0      0x580
                0x0000000008006ed0                . = ALIGN (0x4)
 *(.rodata)
 .rodata        0x0000000008006ed0       0x12 build/stm32f1xx_hal_rcc.o
 *fill*         0x0000000008006ee2        0x2 
 .rodata        0x0000000008006ee4       0x12 build/stm32f1xx_hal_rcc_ex.o
 *(.rodata*)
 *fill*         0x0000000008006ef6        0x2 
 .rodata.AHBPrescTable
                0x0000000008006ef8       0x10 build/system_stm32f1xx.o
                0x0000000008006ef8                AHBPrescTable
 .rodata.APBPrescTable
                0x0000000008006f08        0x8 build/system_stm32f1xx.o
                0x0000000008006f08                APBPrescTable
 .rodata.bluetooth_decode.str1.4
                0x0000000008006f10       0x52 build/core.o
 *fill*         0x0000000008006f62        0x2 
 .rodata.send_state.str1.4
                0x0000000008006f64      0x1c0 build/core.o
 .rodata.update_info.str1.4
                0x0000000008007124       0x68 build/core.o
 .rodata._global_impure_ptr
                0x000000000800718c        0x4 /usr/local/gcc-arm-none-eabi-8-2019-q3-update/bin/../lib/gcc/arm-none-eabi/8.3.1/../../../../arm-none-eabi/lib/thumb/v7-m/nofp/libc_nano.a(lib_a-impure.o)
                0x000000000800718c                _global_impure_ptr
 .rodata._printf_float.str1.1
                0x0000000008007190       0x12 /usr/local/gcc-arm-none-eabi-8-2019-q3-update/bin/../lib/gcc/arm-none-eabi/8.3.1/../../../../arm-none-eabi/lib/thumb/v7-m/nofp/libc_nano.a(lib_a-nano-vfprintf_float.o)
 .rodata._printf_i.str1.1
                0x00000000080071a2       0x22 /usr/local/gcc-arm-none-eabi-8-2019-q3-update/bin/../lib/gcc/arm-none-eabi/8.3.1/../../../../arm-none-eabi/lib/thumb/v7-m/nofp/libc_nano.a(lib_a-nano-vfprintf_i.o)
 .rodata._dtoa_r.str1.1
                0x00000000080071c4        0xd /usr/local/gcc-arm-none-eabi-8-2019-q3-update/bin/../lib/gcc/arm-none-eabi/8.3.1/../../../../arm-none-eabi/lib/thumb/v7-m/nofp/libc_nano.a(lib_a-dtoa.o)
                                          0xf (size before relaxing)
 *fill*         0x00000000080071d1        0x3 
 .rodata.__sf_fake_stderr
                0x00000000080071d4       0x20 /usr/local/gcc-arm-none-eabi-8-2019-q3-update/bin/../lib/gcc/arm-none-eabi/8.3.1/../../../../arm-none-eabi/lib/thumb/v7-m/nofp/libc_nano.a(lib_a-findfp.o)
                0x00000000080071d4                __sf_fake_stderr
 .rodata.__sf_fake_stdin
                0x00000000080071f4       0x20 /usr/local/gcc-arm-none-eabi-8-2019-q3-update/bin/../lib/gcc/arm-none-eabi/8.3.1/../../../../arm-none-eabi/lib/thumb/v7-m/nofp/libc_nano.a(lib_a-findfp.o)
                0x00000000080071f4                __sf_fake_stdin
 .rodata.__sf_fake_stdout
                0x0000000008007214       0x20 /usr/local/gcc-arm-none-eabi-8-2019-q3-update/bin/../lib/gcc/arm-none-eabi/8.3.1/../../../../arm-none-eabi/lib/thumb/v7-m/nofp/libc_nano.a(lib_a-findfp.o)
                0x0000000008007214                __sf_fake_stdout
 *fill*         0x0000000008007234        0x4 
 .rodata.__mprec_bigtens
                0x0000000008007238       0x28 /usr/local/gcc-arm-none-eabi-8-2019-q3-update/bin/../lib/gcc/arm-none-eabi/8.3.1/../../../../arm-none-eabi/lib/thumb/v7-m/nofp/libc_nano.a(lib_a-mprec.o)
                0x0000000008007238                __mprec_bigtens
 .rodata.__mprec_tens
                0x0000000008007260       0xc8 /usr/local/gcc-arm-none-eabi-8-2019-q3-update/bin/../lib/gcc/arm-none-eabi/8.3.1/../../../../arm-none-eabi/lib/thumb/v7-m/nofp/libc_nano.a(lib_a-mprec.o)
                0x0000000008007260                __mprec_tens
 .rodata.p05.6137
                0x0000000008007328        0xc /usr/local/gcc-arm-none-eabi-8-2019-q3-update/bin/../lib/gcc/arm-none-eabi/8.3.1/../../../../arm-none-eabi/lib/thumb/v7-m/nofp/libc_nano.a(lib_a-mprec.o)
 .rodata._vfprintf_r.str1.1
                0x0000000008007334       0x11 /usr/local/gcc-arm-none-eabi-8-2019-q3-update/bin/../lib/gcc/arm-none-eabi/8.3.1/../../../../arm-none-eabi/lib/thumb/v7-m/nofp/libc_nano.a(lib_a-nano-vfprintf.o)
 .rodata._setlocale_r.str1.1
                0x0000000008007345        0x8 /usr/local/gcc-arm-none-eabi-8-2019-q3-update/bin/../lib/gcc/arm-none-eabi/8.3.1/../../../../arm-none-eabi/lib/thumb/v7-m/nofp/libc_nano.a(lib_a-locale.o)
                                          0x9 (size before relaxing)
 .rodata.str1.1
                0x000000000800734d        0x2 /usr/local/gcc-arm-none-eabi-8-2019-q3-update/bin/../lib/gcc/arm-none-eabi/8.3.1/../../../../arm-none-eabi/lib/thumb/v7-m/nofp/libc_nano.a(lib_a-locale.o)
 .rodata._ctype_
                0x000000000800734f      0x101 /usr/local/gcc-arm-none-eabi-8-2019-q3-update/bin/../lib/gcc/arm-none-eabi/8.3.1/../../../../arm-none-eabi/lib/thumb/v7-m/nofp/libc_nano.a(lib_a-ctype_.o)
                0x000000000800734f                _ctype_
                0x0000000008007450                . = ALIGN (0x4)

.rel.dyn        0x0000000008007450        0x0
 .rel.iplt      0x0000000008007450        0x0 /usr/local/gcc-arm-none-eabi-8-2019-q3-update/bin/../lib/gcc/arm-none-eabi/8.3.1/thumb/v7-m/nofp/crtbegin.o

.ARM.extab
 *(.ARM.extab* .gnu.linkonce.armextab.*)

.ARM            0x0000000008007450        0x0
                0x0000000008007450                __exidx_start = .
 *(.ARM.exidx*)
                0x0000000008007450                __exidx_end = .

.preinit_array  0x0000000008007450        0x0
                0x0000000008007450                PROVIDE (__preinit_array_start = .)
 *(.preinit_array*)
                0x0000000008007450                PROVIDE (__preinit_array_end = .)

.init_array     0x0000000008007450        0x4
                0x0000000008007450                PROVIDE (__init_array_start = .)
 *(SORT_BY_NAME(.init_array.*))
 *(.init_array*)
 .init_array    0x0000000008007450        0x4 /usr/local/gcc-arm-none-eabi-8-2019-q3-update/bin/../lib/gcc/arm-none-eabi/8.3.1/thumb/v7-m/nofp/crtbegin.o
                0x0000000008007454                PROVIDE (__init_array_end = .)

.fini_array     0x0000000008007454        0x4
                [!provide]                        PROVIDE (__fini_array_start = .)
 *(SORT_BY_NAME(.fini_array.*))
 *(.fini_array*)
 .fini_array    0x0000000008007454        0x4 /usr/local/gcc-arm-none-eabi-8-2019-q3-update/bin/../lib/gcc/arm-none-eabi/8.3.1/thumb/v7-m/nofp/crtbegin.o
                [!provide]                        PROVIDE (__fini_array_end = .)
                0x0000000008007458                _sidata = LOADADDR (.data)

.data           0x0000000020000000      0x1ec load address 0x0000000008007458
                0x0000000020000000                . = ALIGN (0x4)
                0x0000000020000000                _sdata = .
 *(.data)
 *(.data*)
 .data.uwTickFreq
                0x0000000020000000        0x1 build/stm32f1xx_hal.o
                0x0000000020000000                uwTickFreq
 *fill*         0x0000000020000001        0x3 
 .data.uwTickPrio
                0x0000000020000004        0x4 build/stm32f1xx_hal.o
                0x0000000020000004                uwTickPrio
 .data.SystemCoreClock
                0x0000000020000008        0x4 build/system_stm32f1xx.o
                0x0000000020000008                SystemCoreClock
 .data.servo1_down
                0x000000002000000c        0x4 build/core.o
                0x000000002000000c                servo1_down
 .data.servo1_up
                0x0000000020000010        0x4 build/core.o
                0x0000000020000010                servo1_up
 .data.servo2_down
                0x0000000020000014        0x4 build/core.o
                0x0000000020000014                servo2_down
 .data.servo2_up
                0x0000000020000018        0x4 build/core.o
                0x0000000020000018                servo2_up
 .data._impure_ptr
                0x000000002000001c        0x4 /usr/local/gcc-arm-none-eabi-8-2019-q3-update/bin/../lib/gcc/arm-none-eabi/8.3.1/../../../../arm-none-eabi/lib/thumb/v7-m/nofp/libc_nano.a(lib_a-impure.o)
                0x000000002000001c                _impure_ptr
 .data.impure_data
                0x0000000020000020       0x60 /usr/local/gcc-arm-none-eabi-8-2019-q3-update/bin/../lib/gcc/arm-none-eabi/8.3.1/../../../../arm-none-eabi/lib/thumb/v7-m/nofp/libc_nano.a(lib_a-impure.o)
 .data.__global_locale
                0x0000000020000080      0x16c /usr/local/gcc-arm-none-eabi-8-2019-q3-update/bin/../lib/gcc/arm-none-eabi/8.3.1/../../../../arm-none-eabi/lib/thumb/v7-m/nofp/libc_nano.a(lib_a-locale.o)
                0x0000000020000080                __global_locale
                0x00000000200001ec                . = ALIGN (0x4)
                0x00000000200001ec                _edata = .

.igot.plt       0x00000000200001ec        0x0 load address 0x0000000008007644
 .igot.plt      0x00000000200001ec        0x0 /usr/local/gcc-arm-none-eabi-8-2019-q3-update/bin/../lib/gcc/arm-none-eabi/8.3.1/thumb/v7-m/nofp/crtbegin.o
                0x00000000200001ec                . = ALIGN (0x4)

.bss            0x00000000200001f0      0x680 load address 0x0000000008007644
                0x00000000200001f0                _sbss = .
                0x00000000200001f0                __bss_start__ = _sbss
 *(.bss)
 .bss           0x00000000200001f0       0x1c /usr/local/gcc-arm-none-eabi-8-2019-q3-update/bin/../lib/gcc/arm-none-eabi/8.3.1/thumb/v7-m/nofp/crtbegin.o
 *(.bss*)
 .bss.Uart1_Rx_Cnt
                0x000000002000020c        0x1 build/core.o
                0x000000002000020c                Uart1_Rx_Cnt
 *fill*         0x000000002000020d        0x3 
 .bss.checkounter
                0x0000000020000210        0x4 build/core.o
                0x0000000020000210                checkounter
 .bss.initTemp  0x0000000020000214        0x4 build/core.o
                0x0000000020000214                initTemp
 .bss.lastAchievement
                0x0000000020000218        0x4 build/core.o
                0x0000000020000218                lastAchievement
 .bss.validCheckCounter
                0x000000002000021c        0x4 build/core.o
                0x000000002000021c                validCheckCounter
 .bss.runningTime
                0x0000000020000220        0x8 build/timer.o
                0x0000000020000220                runningTime
 .bss.__malloc_free_list
                0x0000000020000228        0x4 /usr/local/gcc-arm-none-eabi-8-2019-q3-update/bin/../lib/gcc/arm-none-eabi/8.3.1/../../../../arm-none-eabi/lib/thumb/v7-m/nofp/libc_nano.a(lib_a-nano-mallocr.o)
                0x0000000020000228                __malloc_free_list
 .bss.__malloc_sbrk_start
                0x000000002000022c        0x4 /usr/local/gcc-arm-none-eabi-8-2019-q3-update/bin/../lib/gcc/arm-none-eabi/8.3.1/../../../../arm-none-eabi/lib/thumb/v7-m/nofp/libc_nano.a(lib_a-nano-mallocr.o)
                0x000000002000022c                __malloc_sbrk_start
 .bss.heap_end.4194
                0x0000000020000230        0x4 /usr/local/gcc-arm-none-eabi-8-2019-q3-update/bin/../lib/gcc/arm-none-eabi/8.3.1/../../../../arm-none-eabi/lib/thumb/v7-m/nofp/libnosys.a(sbrk.o)
 *(COMMON)
 COMMON         0x0000000020000234        0x4 build/stm32f1xx_hal.o
                0x0000000020000234                uwTick
 COMMON         0x0000000020000238       0x40 build/usart.o
                0x0000000020000238                huart1
 COMMON         0x0000000020000278      0x2a1 build/core.o
                0x0000000020000278                msg
                0x00000000200002f0                state
                0x0000000020000318                RxBuffer
                0x0000000020000518                aRxBuffer
 *fill*         0x0000000020000519        0x3 
 COMMON         0x000000002000051c      0x2d0 build/tim.o
                0x000000002000051c                htim4
                0x00000000200005d0                htim3
                0x0000000020000684                htim1
                0x0000000020000738                htim2
 COMMON         0x00000000200007ec       0x74 build/adc.o
                0x00000000200007ec                hadc1
                0x000000002000081c                hdma_adc1
 COMMON         0x0000000020000860        0x9 /usr/local/gcc-arm-none-eabi-8-2019-q3-update/bin/../lib/gcc/arm-none-eabi/8.3.1/../../../../arm-none-eabi/lib/thumb/v7-m/nofp/libc_nano.a(lib_a-lock.o)
                0x0000000020000860                __lock___atexit_recursive_mutex
                0x0000000020000861                __lock___arc4random_mutex
                0x0000000020000862                __lock___env_recursive_mutex
                0x0000000020000863                __lock___sinit_recursive_mutex
                0x0000000020000864                __lock___malloc_recursive_mutex
                0x0000000020000865                __lock___at_quick_exit_mutex
                0x0000000020000866                __lock___dd_hash_mutex
                0x0000000020000867                __lock___tz_mutex
                0x0000000020000868                __lock___sfp_recursive_mutex
 *fill*         0x0000000020000869        0x3 
 COMMON         0x000000002000086c        0x4 /usr/local/gcc-arm-none-eabi-8-2019-q3-update/bin/../lib/gcc/arm-none-eabi/8.3.1/../../../../arm-none-eabi/lib/thumb/v7-m/nofp/libc_nano.a(lib_a-reent.o)
                0x000000002000086c                errno
                0x0000000020000870                . = ALIGN (0x4)
                0x0000000020000870                _ebss = .
                0x0000000020000870                __bss_end__ = _ebss

._user_heap_stack
                0x0000000020000870      0x600 load address 0x0000000008007644
                0x0000000020000870                . = ALIGN (0x8)
                0x0000000020000870                PROVIDE (end = .)
                [!provide]                        PROVIDE (_end = .)
                0x0000000020000a70                . = (. + _Min_Heap_Size)
 *fill*         0x0000000020000870      0x200 
                0x0000000020000e70                . = (. + _Min_Stack_Size)
 *fill*         0x0000000020000a70      0x400 
                0x0000000020000e70                . = ALIGN (0x8)

/DISCARD/
 libc.a(*)
 libm.a(*)
 libgcc.a(*)

.ARM.attributes
                0x0000000000000000       0x29
 *(.ARM.attributes)
 .ARM.attributes
                0x0000000000000000       0x1d /usr/local/gcc-arm-none-eabi-8-2019-q3-update/bin/../lib/gcc/arm-none-eabi/8.3.1/thumb/v7-m/nofp/crti.o
 .ARM.attributes
                0x000000000000001d       0x2d /usr/local/gcc-arm-none-eabi-8-2019-q3-update/bin/../lib/gcc/arm-none-eabi/8.3.1/thumb/v7-m/nofp/crtbegin.o
 .ARM.attributes
                0x000000000000004a       0x2d build/main.o
 .ARM.attributes
                0x0000000000000077       0x2d build/gpio.o
 .ARM.attributes
                0x00000000000000a4       0x2d build/stm32f1xx_it.o
 .ARM.attributes
                0x00000000000000d1       0x2d build/stm32f1xx_hal_msp.o
 .ARM.attributes
                0x00000000000000fe       0x2d build/stm32f1xx_hal_tim.o
 .ARM.attributes
                0x000000000000012b       0x2d build/stm32f1xx_hal_tim_ex.o
 .ARM.attributes
                0x0000000000000158       0x2d build/stm32f1xx_hal.o
 .ARM.attributes
                0x0000000000000185       0x2d build/stm32f1xx_hal_rcc.o
 .ARM.attributes
                0x00000000000001b2       0x2d build/stm32f1xx_hal_rcc_ex.o
 .ARM.attributes
                0x00000000000001df       0x2d build/stm32f1xx_hal_gpio.o
 .ARM.attributes
                0x000000000000020c       0x2d build/stm32f1xx_hal_dma.o
 .ARM.attributes
                0x0000000000000239       0x2d build/stm32f1xx_hal_cortex.o
 .ARM.attributes
                0x0000000000000266       0x2d build/system_stm32f1xx.o
 .ARM.attributes
                0x0000000000000293       0x2d build/usart.o
 .ARM.attributes
                0x00000000000002c0       0x2d build/core.o
 .ARM.attributes
                0x00000000000002ed       0x2d build/timer.o
 .ARM.attributes
                0x000000000000031a       0x2d build/stm32f1xx_hal_uart.o
 .ARM.attributes
                0x0000000000000347       0x2d build/tim.o
 .ARM.attributes
                0x0000000000000374       0x2d build/adc.o
 .ARM.attributes
                0x00000000000003a1       0x2d build/stm32f1xx_hal_adc.o
 .ARM.attributes
                0x00000000000003ce       0x2d build/stm32f1xx_hal_adc_ex.o
 .ARM.attributes
                0x00000000000003fb       0x2d build/dma.o
 .ARM.attributes
                0x0000000000000428       0x21 build/startup_stm32f103xb.o
 .ARM.attributes
                0x0000000000000449       0x2d /usr/local/gcc-arm-none-eabi-8-2019-q3-update/bin/../lib/gcc/arm-none-eabi/8.3.1/../../../../arm-none-eabi/lib/thumb/v7-m/nofp/libc_nano.a(lib_a-impure.o)
 .ARM.attributes
                0x0000000000000476       0x2d /usr/local/gcc-arm-none-eabi-8-2019-q3-update/bin/../lib/gcc/arm-none-eabi/8.3.1/../../../../arm-none-eabi/lib/thumb/v7-m/nofp/libc_nano.a(lib_a-init.o)
 .ARM.attributes
                0x00000000000004a3       0x2d /usr/local/gcc-arm-none-eabi-8-2019-q3-update/bin/../lib/gcc/arm-none-eabi/8.3.1/../../../../arm-none-eabi/lib/thumb/v7-m/nofp/libc_nano.a(lib_a-memset.o)
 .ARM.attributes
                0x00000000000004d0       0x2d /usr/local/gcc-arm-none-eabi-8-2019-q3-update/bin/../lib/gcc/arm-none-eabi/8.3.1/../../../../arm-none-eabi/lib/thumb/v7-m/nofp/libc_nano.a(lib_a-nano-vfprintf_float.o)
 .ARM.attributes
                0x00000000000004fd       0x2d /usr/local/gcc-arm-none-eabi-8-2019-q3-update/bin/../lib/gcc/arm-none-eabi/8.3.1/../../../../arm-none-eabi/lib/thumb/v7-m/nofp/libc_nano.a(lib_a-nano-vfprintf_i.o)
 .ARM.attributes
                0x000000000000052a       0x2d /usr/local/gcc-arm-none-eabi-8-2019-q3-update/bin/../lib/gcc/arm-none-eabi/8.3.1/../../../../arm-none-eabi/lib/thumb/v7-m/nofp/libc_nano.a(lib_a-printf.o)
 .ARM.attributes
                0x0000000000000557       0x2d /usr/local/gcc-arm-none-eabi-8-2019-q3-update/bin/../lib/gcc/arm-none-eabi/8.3.1/../../../../arm-none-eabi/lib/thumb/v7-m/nofp/libc_nano.a(lib_a-putchar.o)
 .ARM.attributes
                0x0000000000000584       0x2d /usr/local/gcc-arm-none-eabi-8-2019-q3-update/bin/../lib/gcc/arm-none-eabi/8.3.1/../../../../arm-none-eabi/lib/thumb/v7-m/nofp/libc_nano.a(lib_a-puts.o)
 .ARM.attributes
                0x00000000000005b1       0x2d /usr/local/gcc-arm-none-eabi-8-2019-q3-update/bin/../lib/gcc/arm-none-eabi/8.3.1/../../../../arm-none-eabi/lib/thumb/v7-m/nofp/libc_nano.a(lib_a-strcat.o)
 .ARM.attributes
                0x00000000000005de       0x17 /usr/local/gcc-arm-none-eabi-8-2019-q3-update/bin/../lib/gcc/arm-none-eabi/8.3.1/../../../../arm-none-eabi/lib/thumb/v7-m/nofp/libc_nano.a(lib_a-strlen.o)
 .ARM.attributes
                0x00000000000005f5       0x2d /usr/local/gcc-arm-none-eabi-8-2019-q3-update/bin/../lib/gcc/arm-none-eabi/8.3.1/../../../../arm-none-eabi/lib/thumb/v7-m/nofp/libc_nano.a(lib_a-wbuf.o)
 .ARM.attributes
                0x0000000000000622       0x2d /usr/local/gcc-arm-none-eabi-8-2019-q3-update/bin/../lib/gcc/arm-none-eabi/8.3.1/../../../../arm-none-eabi/lib/thumb/v7-m/nofp/libc_nano.a(lib_a-wsetup.o)
 .ARM.attributes
                0x000000000000064f       0x2d /usr/local/gcc-arm-none-eabi-8-2019-q3-update/bin/../lib/gcc/arm-none-eabi/8.3.1/../../../../arm-none-eabi/lib/thumb/v7-m/nofp/libc_nano.a(lib_a-dtoa.o)
 .ARM.attributes
                0x000000000000067c       0x2d /usr/local/gcc-arm-none-eabi-8-2019-q3-update/bin/../lib/gcc/arm-none-eabi/8.3.1/../../../../arm-none-eabi/lib/thumb/v7-m/nofp/libc_nano.a(lib_a-fflush.o)
 .ARM.attributes
                0x00000000000006a9       0x2d /usr/local/gcc-arm-none-eabi-8-2019-q3-update/bin/../lib/gcc/arm-none-eabi/8.3.1/../../../../arm-none-eabi/lib/thumb/v7-m/nofp/libc_nano.a(lib_a-findfp.o)
 .ARM.attributes
                0x00000000000006d6       0x2d /usr/local/gcc-arm-none-eabi-8-2019-q3-update/bin/../lib/gcc/arm-none-eabi/8.3.1/../../../../arm-none-eabi/lib/thumb/v7-m/nofp/libc_nano.a(lib_a-fwalk.o)
 .ARM.attributes
                0x0000000000000703       0x2d /usr/local/gcc-arm-none-eabi-8-2019-q3-update/bin/../lib/gcc/arm-none-eabi/8.3.1/../../../../arm-none-eabi/lib/thumb/v7-m/nofp/libc_nano.a(lib_a-localeconv.o)
 .ARM.attributes
                0x0000000000000730       0x2d /usr/local/gcc-arm-none-eabi-8-2019-q3-update/bin/../lib/gcc/arm-none-eabi/8.3.1/../../../../arm-none-eabi/lib/thumb/v7-m/nofp/libc_nano.a(lib_a-lock.o)
 .ARM.attributes
                0x000000000000075d       0x2d /usr/local/gcc-arm-none-eabi-8-2019-q3-update/bin/../lib/gcc/arm-none-eabi/8.3.1/../../../../arm-none-eabi/lib/thumb/v7-m/nofp/libc_nano.a(lib_a-makebuf.o)
 .ARM.attributes
                0x000000000000078a       0x2d /usr/local/gcc-arm-none-eabi-8-2019-q3-update/bin/../lib/gcc/arm-none-eabi/8.3.1/../../../../arm-none-eabi/lib/thumb/v7-m/nofp/libc_nano.a(lib_a-malloc.o)
 .ARM.attributes
                0x00000000000007b7       0x2d /usr/local/gcc-arm-none-eabi-8-2019-q3-update/bin/../lib/gcc/arm-none-eabi/8.3.1/../../../../arm-none-eabi/lib/thumb/v7-m/nofp/libc_nano.a(lib_a-memchr-stub.o)
 .ARM.attributes
                0x00000000000007e4       0x2d /usr/local/gcc-arm-none-eabi-8-2019-q3-update/bin/../lib/gcc/arm-none-eabi/8.3.1/../../../../arm-none-eabi/lib/thumb/v7-m/nofp/libc_nano.a(lib_a-memcpy-stub.o)
 .ARM.attributes
                0x0000000000000811       0x2d /usr/local/gcc-arm-none-eabi-8-2019-q3-update/bin/../lib/gcc/arm-none-eabi/8.3.1/../../../../arm-none-eabi/lib/thumb/v7-m/nofp/libc_nano.a(lib_a-mprec.o)
 .ARM.attributes
                0x000000000000083e       0x2d /usr/local/gcc-arm-none-eabi-8-2019-q3-update/bin/../lib/gcc/arm-none-eabi/8.3.1/../../../../arm-none-eabi/lib/thumb/v7-m/nofp/libc_nano.a(lib_a-nano-callocr.o)
 .ARM.attributes
                0x000000000000086b       0x2d /usr/local/gcc-arm-none-eabi-8-2019-q3-update/bin/../lib/gcc/arm-none-eabi/8.3.1/../../../../arm-none-eabi/lib/thumb/v7-m/nofp/libc_nano.a(lib_a-nano-freer.o)
 .ARM.attributes
                0x0000000000000898       0x2d /usr/local/gcc-arm-none-eabi-8-2019-q3-update/bin/../lib/gcc/arm-none-eabi/8.3.1/../../../../arm-none-eabi/lib/thumb/v7-m/nofp/libc_nano.a(lib_a-nano-mallocr.o)
 .ARM.attributes
                0x00000000000008c5       0x2d /usr/local/gcc-arm-none-eabi-8-2019-q3-update/bin/../lib/gcc/arm-none-eabi/8.3.1/../../../../arm-none-eabi/lib/thumb/v7-m/nofp/libc_nano.a(lib_a-nano-vfprintf.o)
 .ARM.attributes
                0x00000000000008f2       0x2d /usr/local/gcc-arm-none-eabi-8-2019-q3-update/bin/../lib/gcc/arm-none-eabi/8.3.1/../../../../arm-none-eabi/lib/thumb/v7-m/nofp/libc_nano.a(lib_a-putc.o)
 .ARM.attributes
                0x000000000000091f       0x2d /usr/local/gcc-arm-none-eabi-8-2019-q3-update/bin/../lib/gcc/arm-none-eabi/8.3.1/../../../../arm-none-eabi/lib/thumb/v7-m/nofp/libc_nano.a(lib_a-sbrkr.o)
 .ARM.attributes
                0x000000000000094c       0x2d /usr/local/gcc-arm-none-eabi-8-2019-q3-update/bin/../lib/gcc/arm-none-eabi/8.3.1/../../../../arm-none-eabi/lib/thumb/v7-m/nofp/libc_nano.a(lib_a-stdio.o)
 .ARM.attributes
                0x0000000000000979       0x2d /usr/local/gcc-arm-none-eabi-8-2019-q3-update/bin/../lib/gcc/arm-none-eabi/8.3.1/../../../../arm-none-eabi/lib/thumb/v7-m/nofp/libc_nano.a(lib_a-writer.o)
 .ARM.attributes
                0x00000000000009a6       0x2d /usr/local/gcc-arm-none-eabi-8-2019-q3-update/bin/../lib/gcc/arm-none-eabi/8.3.1/../../../../arm-none-eabi/lib/thumb/v7-m/nofp/libc_nano.a(lib_a-closer.o)
 .ARM.attributes
                0x00000000000009d3       0x2d /usr/local/gcc-arm-none-eabi-8-2019-q3-update/bin/../lib/gcc/arm-none-eabi/8.3.1/../../../../arm-none-eabi/lib/thumb/v7-m/nofp/libc_nano.a(lib_a-fstatr.o)
 .ARM.attributes
                0x0000000000000a00       0x2d /usr/local/gcc-arm-none-eabi-8-2019-q3-update/bin/../lib/gcc/arm-none-eabi/8.3.1/../../../../arm-none-eabi/lib/thumb/v7-m/nofp/libc_nano.a(lib_a-isattyr.o)
 .ARM.attributes
                0x0000000000000a2d       0x2d /usr/local/gcc-arm-none-eabi-8-2019-q3-update/bin/../lib/gcc/arm-none-eabi/8.3.1/../../../../arm-none-eabi/lib/thumb/v7-m/nofp/libc_nano.a(lib_a-locale.o)
 .ARM.attributes
                0x0000000000000a5a       0x2d /usr/local/gcc-arm-none-eabi-8-2019-q3-update/bin/../lib/gcc/arm-none-eabi/8.3.1/../../../../arm-none-eabi/lib/thumb/v7-m/nofp/libc_nano.a(lib_a-lseekr.o)
 .ARM.attributes
                0x0000000000000a87       0x2d /usr/local/gcc-arm-none-eabi-8-2019-q3-update/bin/../lib/gcc/arm-none-eabi/8.3.1/../../../../arm-none-eabi/lib/thumb/v7-m/nofp/libc_nano.a(lib_a-mbtowc_r.o)
 .ARM.attributes
                0x0000000000000ab4       0x2d /usr/local/gcc-arm-none-eabi-8-2019-q3-update/bin/../lib/gcc/arm-none-eabi/8.3.1/../../../../arm-none-eabi/lib/thumb/v7-m/nofp/libc_nano.a(lib_a-mlock.o)
 .ARM.attributes
                0x0000000000000ae1       0x2d /usr/local/gcc-arm-none-eabi-8-2019-q3-update/bin/../lib/gcc/arm-none-eabi/8.3.1/../../../../arm-none-eabi/lib/thumb/v7-m/nofp/libc_nano.a(lib_a-readr.o)
 .ARM.attributes
                0x0000000000000b0e       0x2d /usr/local/gcc-arm-none-eabi-8-2019-q3-update/bin/../lib/gcc/arm-none-eabi/8.3.1/../../../../arm-none-eabi/lib/thumb/v7-m/nofp/libc_nano.a(lib_a-reent.o)
 .ARM.attributes
                0x0000000000000b3b       0x2d /usr/local/gcc-arm-none-eabi-8-2019-q3-update/bin/../lib/gcc/arm-none-eabi/8.3.1/../../../../arm-none-eabi/lib/thumb/v7-m/nofp/libc_nano.a(lib_a-wctomb_r.o)
 .ARM.attributes
                0x0000000000000b68       0x2d /usr/local/gcc-arm-none-eabi-8-2019-q3-update/bin/../lib/gcc/arm-none-eabi/8.3.1/../../../../arm-none-eabi/lib/thumb/v7-m/nofp/libc_nano.a(lib_a-ctype_.o)
 .ARM.attributes
                0x0000000000000b95       0x2d /usr/local/gcc-arm-none-eabi-8-2019-q3-update/bin/../lib/gcc/arm-none-eabi/8.3.1/../../../../arm-none-eabi/lib/thumb/v7-m/nofp/libnosys.a(close.o)
 .ARM.attributes
                0x0000000000000bc2       0x2d /usr/local/gcc-arm-none-eabi-8-2019-q3-update/bin/../lib/gcc/arm-none-eabi/8.3.1/../../../../arm-none-eabi/lib/thumb/v7-m/nofp/libnosys.a(fstat.o)
 .ARM.attributes
                0x0000000000000bef       0x2d /usr/local/gcc-arm-none-eabi-8-2019-q3-update/bin/../lib/gcc/arm-none-eabi/8.3.1/../../../../arm-none-eabi/lib/thumb/v7-m/nofp/libnosys.a(isatty.o)
 .ARM.attributes
                0x0000000000000c1c       0x2d /usr/local/gcc-arm-none-eabi-8-2019-q3-update/bin/../lib/gcc/arm-none-eabi/8.3.1/../../../../arm-none-eabi/lib/thumb/v7-m/nofp/libnosys.a(lseek.o)
 .ARM.attributes
                0x0000000000000c49       0x2d /usr/local/gcc-arm-none-eabi-8-2019-q3-update/bin/../lib/gcc/arm-none-eabi/8.3.1/../../../../arm-none-eabi/lib/thumb/v7-m/nofp/libnosys.a(read.o)
 .ARM.attributes
                0x0000000000000c76       0x2d /usr/local/gcc-arm-none-eabi-8-2019-q3-update/bin/../lib/gcc/arm-none-eabi/8.3.1/../../../../arm-none-eabi/lib/thumb/v7-m/nofp/libnosys.a(sbrk.o)
 .ARM.attributes
                0x0000000000000ca3       0x1d /usr/local/gcc-arm-none-eabi-8-2019-q3-update/bin/../lib/gcc/arm-none-eabi/8.3.1/thumb/v7-m/nofp/libgcc.a(_arm_addsubdf3.o)
 .ARM.attributes
                0x0000000000000cc0       0x1d /usr/local/gcc-arm-none-eabi-8-2019-q3-update/bin/../lib/gcc/arm-none-eabi/8.3.1/thumb/v7-m/nofp/libgcc.a(_arm_muldivdf3.o)
 .ARM.attributes
                0x0000000000000cdd       0x1d /usr/local/gcc-arm-none-eabi-8-2019-q3-update/bin/../lib/gcc/arm-none-eabi/8.3.1/thumb/v7-m/nofp/libgcc.a(_arm_cmpdf2.o)
 .ARM.attributes
                0x0000000000000cfa       0x1d /usr/local/gcc-arm-none-eabi-8-2019-q3-update/bin/../lib/gcc/arm-none-eabi/8.3.1/thumb/v7-m/nofp/libgcc.a(_arm_unorddf2.o)
 .ARM.attributes
                0x0000000000000d17       0x1d /usr/local/gcc-arm-none-eabi-8-2019-q3-update/bin/../lib/gcc/arm-none-eabi/8.3.1/thumb/v7-m/nofp/libgcc.a(_arm_fixdfsi.o)
 .ARM.attributes
                0x0000000000000d34       0x1d /usr/local/gcc-arm-none-eabi-8-2019-q3-update/bin/../lib/gcc/arm-none-eabi/8.3.1/thumb/v7-m/nofp/libgcc.a(_arm_addsubsf3.o)
 .ARM.attributes
                0x0000000000000d51       0x1d /usr/local/gcc-arm-none-eabi-8-2019-q3-update/bin/../lib/gcc/arm-none-eabi/8.3.1/thumb/v7-m/nofp/libgcc.a(_arm_muldivsf3.o)
 .ARM.attributes
                0x0000000000000d6e       0x1d /usr/local/gcc-arm-none-eabi-8-2019-q3-update/bin/../lib/gcc/arm-none-eabi/8.3.1/thumb/v7-m/nofp/libgcc.a(_arm_cmpsf2.o)
 .ARM.attributes
                0x0000000000000d8b       0x1d /usr/local/gcc-arm-none-eabi-8-2019-q3-update/bin/../lib/gcc/arm-none-eabi/8.3.1/thumb/v7-m/nofp/libgcc.a(_arm_fixsfsi.o)
 .ARM.attributes
                0x0000000000000da8       0x1d /usr/local/gcc-arm-none-eabi-8-2019-q3-update/bin/../lib/gcc/arm-none-eabi/8.3.1/thumb/v7-m/nofp/crtn.o
OUTPUT(build/ACControl.elf elf32-littlearm)

.debug_info     0x0000000000000000    0x1b7fa
 .debug_info    0x0000000000000000     0x1f56 build/main.o
 .debug_info    0x0000000000001f56      0xe34 build/gpio.o
 .debug_info    0x0000000000002d8a     0x171d build/stm32f1xx_it.o
 .debug_info    0x00000000000044a7      0xcb4 build/stm32f1xx_hal_msp.o
 .debug_info    0x000000000000515b     0x4242 build/stm32f1xx_hal_tim.o
 .debug_info    0x000000000000939d     0x1da2 build/stm32f1xx_hal_tim_ex.o
 .debug_info    0x000000000000b13f      0x8e4 build/stm32f1xx_hal.o
 .debug_info    0x000000000000ba23      0xb6d build/stm32f1xx_hal_rcc.o
 .debug_info    0x000000000000c590      0x541 build/stm32f1xx_hal_rcc_ex.o
 .debug_info    0x000000000000cad1      0x7d1 build/stm32f1xx_hal_gpio.o
 .debug_info    0x000000000000d2a2      0x9b5 build/stm32f1xx_hal_dma.o
 .debug_info    0x000000000000dc57      0xf09 build/stm32f1xx_hal_cortex.o
 .debug_info    0x000000000000eb60      0x2f7 build/system_stm32f1xx.o
 .debug_info    0x000000000000ee57     0x14d9 build/usart.o
 .debug_info    0x0000000000010330     0x26e9 build/core.o
 .debug_info    0x0000000000012a19     0x148e build/timer.o
 .debug_info    0x0000000000013ea7     0x1a8f build/stm32f1xx_hal_uart.o
 .debug_info    0x0000000000015936     0x1e86 build/tim.o
 .debug_info    0x00000000000177bc     0x13fc build/adc.o
 .debug_info    0x0000000000018bb8     0x10f9 build/stm32f1xx_hal_adc.o
 .debug_info    0x0000000000019cb1      0xd96 build/stm32f1xx_hal_adc_ex.o
 .debug_info    0x000000000001aa47      0xd91 build/dma.o
 .debug_info    0x000000000001b7d8       0x22 build/startup_stm32f103xb.o

.debug_abbrev   0x0000000000000000     0x387e
 .debug_abbrev  0x0000000000000000      0x31e build/main.o
 .debug_abbrev  0x000000000000031e      0x239 build/gpio.o
 .debug_abbrev  0x0000000000000557      0x231 build/stm32f1xx_it.o
 .debug_abbrev  0x0000000000000788      0x21c build/stm32f1xx_hal_msp.o
 .debug_abbrev  0x00000000000009a4      0x2ee build/stm32f1xx_hal_tim.o
 .debug_abbrev  0x0000000000000c92      0x2c5 build/stm32f1xx_hal_tim_ex.o
 .debug_abbrev  0x0000000000000f57      0x21c build/stm32f1xx_hal.o
 .debug_abbrev  0x0000000000001173      0x2ad build/stm32f1xx_hal_rcc.o
 .debug_abbrev  0x0000000000001420      0x1fb build/stm32f1xx_hal_rcc_ex.o
 .debug_abbrev  0x000000000000161b      0x24f build/stm32f1xx_hal_gpio.o
 .debug_abbrev  0x000000000000186a      0x283 build/stm32f1xx_hal_dma.o
 .debug_abbrev  0x0000000000001aed      0x38a build/stm32f1xx_hal_cortex.o
 .debug_abbrev  0x0000000000001e77      0x153 build/system_stm32f1xx.o
 .debug_abbrev  0x0000000000001fca      0x284 build/usart.o
 .debug_abbrev  0x000000000000224e      0x423 build/core.o
 .debug_abbrev  0x0000000000002671      0x26a build/timer.o
 .debug_abbrev  0x00000000000028db      0x2ea build/stm32f1xx_hal_uart.o
 .debug_abbrev  0x0000000000002bc5      0x2ea build/tim.o
 .debug_abbrev  0x0000000000002eaf      0x283 build/adc.o
 .debug_abbrev  0x0000000000003132      0x265 build/stm32f1xx_hal_adc.o
 .debug_abbrev  0x0000000000003397      0x293 build/stm32f1xx_hal_adc_ex.o
 .debug_abbrev  0x000000000000362a      0x242 build/dma.o
 .debug_abbrev  0x000000000000386c       0x12 build/startup_stm32f103xb.o

.debug_loc      0x0000000000000000     0xed9d
 .debug_loc     0x0000000000000000      0x15a build/main.o
 .debug_loc     0x000000000000015a       0x38 build/gpio.o
 .debug_loc     0x0000000000000192       0xa0 build/stm32f1xx_it.o
 .debug_loc     0x0000000000000232       0x41 build/stm32f1xx_hal_msp.o
 .debug_loc     0x0000000000000273     0x6098 build/stm32f1xx_hal_tim.o
 .debug_loc     0x000000000000630b     0x22f2 build/stm32f1xx_hal_tim_ex.o
 .debug_loc     0x00000000000085fd      0x1e1 build/stm32f1xx_hal.o
 .debug_loc     0x00000000000087de      0x7e6 build/stm32f1xx_hal_rcc.o
 .debug_loc     0x0000000000008fc4      0x406 build/stm32f1xx_hal_rcc_ex.o
 .debug_loc     0x00000000000093ca      0x548 build/stm32f1xx_hal_gpio.o
 .debug_loc     0x0000000000009912      0x995 build/stm32f1xx_hal_dma.o
 .debug_loc     0x000000000000a2a7      0x76b build/stm32f1xx_hal_cortex.o
 .debug_loc     0x000000000000aa12       0xff build/system_stm32f1xx.o
 .debug_loc     0x000000000000ab11      0x108 build/usart.o
 .debug_loc     0x000000000000ac19      0x57c build/core.o
 .debug_loc     0x000000000000b195       0x20 build/timer.o
 .debug_loc     0x000000000000b1b5     0x1e41 build/stm32f1xx_hal_uart.o
 .debug_loc     0x000000000000cff6      0x2d9 build/tim.o
 .debug_loc     0x000000000000d2cf      0x119 build/adc.o
 .debug_loc     0x000000000000d3e8      0xe7c build/stm32f1xx_hal_adc.o
 .debug_loc     0x000000000000e264      0xb01 build/stm32f1xx_hal_adc_ex.o
 .debug_loc     0x000000000000ed65       0x38 build/dma.o

.debug_aranges  0x0000000000000000      0xe40
 .debug_aranges
                0x0000000000000000       0x40 build/main.o
 .debug_aranges
                0x0000000000000040       0x20 build/gpio.o
 .debug_aranges
                0x0000000000000060       0x80 build/stm32f1xx_it.o
 .debug_aranges
                0x00000000000000e0       0x20 build/stm32f1xx_hal_msp.o
 .debug_aranges
                0x0000000000000100      0x3e8 build/stm32f1xx_hal_tim.o
 .debug_aranges
                0x00000000000004e8      0x168 build/stm32f1xx_hal_tim_ex.o
 .debug_aranges
                0x0000000000000650       0xe0 build/stm32f1xx_hal.o
 .debug_aranges
                0x0000000000000730       0x90 build/stm32f1xx_hal_rcc.o
 .debug_aranges
                0x00000000000007c0       0x30 build/stm32f1xx_hal_rcc_ex.o
 .debug_aranges
                0x00000000000007f0       0x58 build/stm32f1xx_hal_gpio.o
 .debug_aranges
                0x0000000000000848       0x80 build/stm32f1xx_hal_dma.o
 .debug_aranges
                0x00000000000008c8       0x90 build/stm32f1xx_hal_cortex.o
 .debug_aranges
                0x0000000000000958       0x28 build/system_stm32f1xx.o
 .debug_aranges
                0x0000000000000980       0x30 build/usart.o
 .debug_aranges
                0x00000000000009b0       0x60 build/core.o
 .debug_aranges
                0x0000000000000a10       0x28 build/timer.o
 .debug_aranges
                0x0000000000000a38      0x1d0 build/stm32f1xx_hal_uart.o
 .debug_aranges
                0x0000000000000c08       0x50 build/tim.o
 .debug_aranges
                0x0000000000000c58       0x30 build/adc.o
 .debug_aranges
                0x0000000000000c88       0xf0 build/stm32f1xx_hal_adc.o
 .debug_aranges
                0x0000000000000d78       0x80 build/stm32f1xx_hal_adc_ex.o
 .debug_aranges
                0x0000000000000df8       0x20 build/dma.o
 .debug_aranges
                0x0000000000000e18       0x28 build/startup_stm32f103xb.o

.debug_ranges   0x0000000000000000      0xd88
 .debug_ranges  0x0000000000000000       0x30 build/main.o
 .debug_ranges  0x0000000000000030       0x10 build/gpio.o
 .debug_ranges  0x0000000000000040       0x70 build/stm32f1xx_it.o
 .debug_ranges  0x00000000000000b0       0x10 build/stm32f1xx_hal_msp.o
 .debug_ranges  0x00000000000000c0      0x3d8 build/stm32f1xx_hal_tim.o
 .debug_ranges  0x0000000000000498      0x158 build/stm32f1xx_hal_tim_ex.o
 .debug_ranges  0x00000000000005f0       0xd0 build/stm32f1xx_hal.o
 .debug_ranges  0x00000000000006c0       0xa0 build/stm32f1xx_hal_rcc.o
 .debug_ranges  0x0000000000000760       0x38 build/stm32f1xx_hal_rcc_ex.o
 .debug_ranges  0x0000000000000798       0x48 build/stm32f1xx_hal_gpio.o
 .debug_ranges  0x00000000000007e0       0x70 build/stm32f1xx_hal_dma.o
 .debug_ranges  0x0000000000000850       0xc8 build/stm32f1xx_hal_cortex.o
 .debug_ranges  0x0000000000000918       0x18 build/system_stm32f1xx.o
 .debug_ranges  0x0000000000000930       0x20 build/usart.o
 .debug_ranges  0x0000000000000950       0x80 build/core.o
 .debug_ranges  0x00000000000009d0       0x18 build/timer.o
 .debug_ranges  0x00000000000009e8      0x1c0 build/stm32f1xx_hal_uart.o
 .debug_ranges  0x0000000000000ba8       0x40 build/tim.o
 .debug_ranges  0x0000000000000be8       0x20 build/adc.o
 .debug_ranges  0x0000000000000c08       0xe0 build/stm32f1xx_hal_adc.o
 .debug_ranges  0x0000000000000ce8       0x70 build/stm32f1xx_hal_adc_ex.o
 .debug_ranges  0x0000000000000d58       0x10 build/dma.o
 .debug_ranges  0x0000000000000d68       0x20 build/startup_stm32f103xb.o

.debug_line     0x0000000000000000     0xf83a
 .debug_line    0x0000000000000000      0x47b build/main.o
 .debug_line    0x000000000000047b      0x2c9 build/gpio.o
 .debug_line    0x0000000000000744      0x3ae build/stm32f1xx_it.o
 .debug_line    0x0000000000000af2      0x23c build/stm32f1xx_hal_msp.o
 .debug_line    0x0000000000000d2e     0x4bbd build/stm32f1xx_hal_tim.o
 .debug_line    0x00000000000058eb     0x1b95 build/stm32f1xx_hal_tim_ex.o
 .debug_line    0x0000000000007480      0x501 build/stm32f1xx_hal.o
 .debug_line    0x0000000000007981      0xbcb build/stm32f1xx_hal_rcc.o
 .debug_line    0x000000000000854c      0x4aa build/stm32f1xx_hal_rcc_ex.o
 .debug_line    0x00000000000089f6      0x610 build/stm32f1xx_hal_gpio.o
 .debug_line    0x0000000000009006      0xa57 build/stm32f1xx_hal_dma.o
 .debug_line    0x0000000000009a5d      0x653 build/stm32f1xx_hal_cortex.o
 .debug_line    0x000000000000a0b0      0x273 build/system_stm32f1xx.o
 .debug_line    0x000000000000a323      0x3a8 build/usart.o
 .debug_line    0x000000000000a6cb      0xc05 build/core.o
 .debug_line    0x000000000000b2d0      0x298 build/timer.o
 .debug_line    0x000000000000b568     0x1b4a build/stm32f1xx_hal_uart.o
 .debug_line    0x000000000000d0b2      0x75d build/tim.o
 .debug_line    0x000000000000d80f      0x3ec build/adc.o
 .debug_line    0x000000000000dbfb      0xe5c build/stm32f1xx_hal_adc.o
 .debug_line    0x000000000000ea57      0xb32 build/stm32f1xx_hal_adc_ex.o
 .debug_line    0x000000000000f589      0x23f build/dma.o
 .debug_line    0x000000000000f7c8       0x72 build/startup_stm32f103xb.o

.debug_str      0x0000000000000000     0x4941
 .debug_str     0x0000000000000000     0x12b3 build/main.o
                                       0x150a (size before relaxing)
 .debug_str     0x00000000000012b3       0xd0 build/gpio.o
                                        0x735 (size before relaxing)
 .debug_str     0x0000000000001383      0x13e build/stm32f1xx_it.o
                                       0x108a (size before relaxing)
 .debug_str     0x00000000000014c1       0x52 build/stm32f1xx_hal_msp.o
                                        0x6d7 (size before relaxing)
 .debug_str     0x0000000000001513     0x1291 build/stm32f1xx_hal_tim.o